Archive member included to satisfy reference by file (symbol)

c:/program files (x86)/atmel/studio/7.0/toolchain/avr8/avr8-gnu-toolchain/bin/../lib/gcc/avr/5.4.0/avr5\libgcc.a(_exit.o)
                              C:/Program Files (x86)/Atmel/Studio/7.0/Packs/atmel/ATmega_DFP/1.7.374/gcc/dev/atmega328p/avr5/crtatmega328p.o (exit)
c:/program files (x86)/atmel/studio/7.0/toolchain/avr8/avr8-gnu-toolchain/bin/../lib/gcc/avr/5.4.0/avr5\libgcc.a(_copy_data.o)
                              asci.o (__do_copy_data)
c:/program files (x86)/atmel/studio/7.0/toolchain/avr8/avr8-gnu-toolchain/bin/../lib/gcc/avr/5.4.0/avr5\libgcc.a(_clear_bss.o)
                              asci.o (__do_clear_bss)
c:/program files (x86)/atmel/studio/7.0/toolchain/avr8/avr8-gnu-toolchain/bin/../lib/gcc/avr/5.4.0/../../../../avr/lib/avr5\libc.a(strcat.o)
                              menu.o (strcat)
c:/program files (x86)/atmel/studio/7.0/toolchain/avr8/avr8-gnu-toolchain/bin/../lib/gcc/avr/5.4.0/../../../../avr/lib/avr5\libc.a(strcmp.o)
                              menu.o (strcmp)
c:/program files (x86)/atmel/studio/7.0/toolchain/avr8/avr8-gnu-toolchain/bin/../lib/gcc/avr/5.4.0/../../../../avr/lib/avr5\libc.a(strcpy.o)
                              menu.o (strcpy)
c:/program files (x86)/atmel/studio/7.0/toolchain/avr8/avr8-gnu-toolchain/bin/../lib/gcc/avr/5.4.0/../../../../avr/lib/avr5\libc.a(sprintf.o)
                              asci.o (sprintf)
c:/program files (x86)/atmel/studio/7.0/toolchain/avr8/avr8-gnu-toolchain/bin/../lib/gcc/avr/5.4.0/../../../../avr/lib/avr5\libc.a(vfprintf_std.o)
                              c:/program files (x86)/atmel/studio/7.0/toolchain/avr8/avr8-gnu-toolchain/bin/../lib/gcc/avr/5.4.0/../../../../avr/lib/avr5\libc.a(sprintf.o) (vfprintf)
c:/program files (x86)/atmel/studio/7.0/toolchain/avr8/avr8-gnu-toolchain/bin/../lib/gcc/avr/5.4.0/../../../../avr/lib/avr5\libc.a(strnlen_P.o)
                              c:/program files (x86)/atmel/studio/7.0/toolchain/avr8/avr8-gnu-toolchain/bin/../lib/gcc/avr/5.4.0/../../../../avr/lib/avr5\libc.a(vfprintf_std.o) (strnlen_P)
c:/program files (x86)/atmel/studio/7.0/toolchain/avr8/avr8-gnu-toolchain/bin/../lib/gcc/avr/5.4.0/../../../../avr/lib/avr5\libc.a(strnlen.o)
                              c:/program files (x86)/atmel/studio/7.0/toolchain/avr8/avr8-gnu-toolchain/bin/../lib/gcc/avr/5.4.0/../../../../avr/lib/avr5\libc.a(vfprintf_std.o) (strnlen)
c:/program files (x86)/atmel/studio/7.0/toolchain/avr8/avr8-gnu-toolchain/bin/../lib/gcc/avr/5.4.0/../../../../avr/lib/avr5\libc.a(fputc.o)
                              c:/program files (x86)/atmel/studio/7.0/toolchain/avr8/avr8-gnu-toolchain/bin/../lib/gcc/avr/5.4.0/../../../../avr/lib/avr5\libc.a(vfprintf_std.o) (fputc)
c:/program files (x86)/atmel/studio/7.0/toolchain/avr8/avr8-gnu-toolchain/bin/../lib/gcc/avr/5.4.0/../../../../avr/lib/avr5\libc.a(ultoa_invert.o)
                              c:/program files (x86)/atmel/studio/7.0/toolchain/avr8/avr8-gnu-toolchain/bin/../lib/gcc/avr/5.4.0/../../../../avr/lib/avr5\libc.a(vfprintf_std.o) (__ultoa_invert)
c:/program files (x86)/atmel/studio/7.0/toolchain/avr8/avr8-gnu-toolchain/bin/../lib/gcc/avr/5.4.0/avr5\libgcc.a(_prologue.o)
                              c:/program files (x86)/atmel/studio/7.0/toolchain/avr8/avr8-gnu-toolchain/bin/../lib/gcc/avr/5.4.0/../../../../avr/lib/avr5\libc.a(sprintf.o) (__prologue_saves__)
c:/program files (x86)/atmel/studio/7.0/toolchain/avr8/avr8-gnu-toolchain/bin/../lib/gcc/avr/5.4.0/avr5\libgcc.a(_epilogue.o)
                              c:/program files (x86)/atmel/studio/7.0/toolchain/avr8/avr8-gnu-toolchain/bin/../lib/gcc/avr/5.4.0/../../../../avr/lib/avr5\libc.a(sprintf.o) (__epilogue_restores__)

Allocating common symbols
Common symbol       size              file

tmpstr              0x32              main.o
rambuf              0xb5              romdata.o

Discarded input sections

 .data          0x00000000        0x0 C:/Program Files (x86)/Atmel/Studio/7.0/Packs/atmel/ATmega_DFP/1.7.374/gcc/dev/atmega328p/avr5/crtatmega328p.o
 .bss           0x00000000        0x0 C:/Program Files (x86)/Atmel/Studio/7.0/Packs/atmel/ATmega_DFP/1.7.374/gcc/dev/atmega328p/avr5/crtatmega328p.o
 .text          0x00000000        0x0 asci.o
 .data          0x00000000        0x0 asci.o
 .bss           0x00000000        0x0 asci.o
 .text.ASC_Shutdown_asci
                0x00000000        0x6 asci.o
 .text.ASC_Pause
                0x00000000       0x16 asci.o
 .progmem.data.pause_msg
                0x00000000       0x26 asci.o
 .text          0x00000000        0x0 eeprom.o
 .data          0x00000000        0x0 eeprom.o
 .bss           0x00000000        0x0 eeprom.o
 .text          0x00000000        0x0 i2c.o
 .data          0x00000000        0x0 i2c.o
 .bss           0x00000000        0x0 i2c.o
 .text.I2C_Shutdown
                0x00000000       0x10 i2c.o
 .text          0x00000000        0x0 main.o
 .data          0x00000000        0x0 main.o
 .bss           0x00000000        0x0 main.o
 .text.MAI_Get_but
                0x00000000        0x6 main.o
 .text.MAI_Set_but
                0x00000000        0x6 main.o
 .bss.but       0x00000000        0x1 main.o
 .text          0x00000000        0x0 menu.o
 .data          0x00000000        0x0 menu.o
 .bss           0x00000000        0x0 menu.o
 .text.MEN_Shutdown
                0x00000000        0xa menu.o
 .text.MEN_Set_cmd_bk_func
                0x00000000       0x1e menu.o
 .text          0x00000000        0x0 menumsg.o
 .data          0x00000000        0x0 menumsg.o
 .bss           0x00000000        0x0 menumsg.o
 .progmem.data.MAX_USER_IP_LEN_EXEEDED_MSG
                0x00000000       0x38 menumsg.o
 .progmem.data.ENTER_BD_ASSY_NO_MSG
                0x00000000       0x56 menumsg.o
 .progmem.data.NET_ADAPT_SELECTED_MSG
                0x00000000       0x2f menumsg.o
 .progmem.data.NET_ID8_MSG
                0x00000000       0x30 menumsg.o
 .progmem.data.DOT_MSG
                0x00000000        0x2 menumsg.o
 .text          0x00000000        0x0 romdata.o
 .data          0x00000000        0x0 romdata.o
 .bss           0x00000000        0x0 romdata.o
 .text.ROM_Read_byte
                0x00000000        0x6 romdata.o
 .text.ROM_Read_word
                0x00000000        0x8 romdata.o
 .text          0x00000000        0x0 Timer.o
 .data          0x00000000        0x0 Timer.o
 .bss           0x00000000        0x0 Timer.o
 .text          0x00000000        0x0 version.o
 .data          0x00000000        0x0 version.o
 .bss           0x00000000        0x0 version.o
 .text          0x00000000        0x0 c:/program files (x86)/atmel/studio/7.0/toolchain/avr8/avr8-gnu-toolchain/bin/../lib/gcc/avr/5.4.0/avr5\libgcc.a(_exit.o)
 .data          0x00000000        0x0 c:/program files (x86)/atmel/studio/7.0/toolchain/avr8/avr8-gnu-toolchain/bin/../lib/gcc/avr/5.4.0/avr5\libgcc.a(_exit.o)
 .bss           0x00000000        0x0 c:/program files (x86)/atmel/studio/7.0/toolchain/avr8/avr8-gnu-toolchain/bin/../lib/gcc/avr/5.4.0/avr5\libgcc.a(_exit.o)
 .text.libgcc.mul
                0x00000000        0x0 c:/program files (x86)/atmel/studio/7.0/toolchain/avr8/avr8-gnu-toolchain/bin/../lib/gcc/avr/5.4.0/avr5\libgcc.a(_exit.o)
 .text.libgcc.div
                0x00000000        0x0 c:/program files (x86)/atmel/studio/7.0/toolchain/avr8/avr8-gnu-toolchain/bin/../lib/gcc/avr/5.4.0/avr5\libgcc.a(_exit.o)
 .text.libgcc   0x00000000        0x0 c:/program files (x86)/atmel/studio/7.0/toolchain/avr8/avr8-gnu-toolchain/bin/../lib/gcc/avr/5.4.0/avr5\libgcc.a(_exit.o)
 .text.libgcc.prologue
                0x00000000        0x0 c:/program files (x86)/atmel/studio/7.0/toolchain/avr8/avr8-gnu-toolchain/bin/../lib/gcc/avr/5.4.0/avr5\libgcc.a(_exit.o)
 .text.libgcc.builtins
                0x00000000        0x0 c:/program files (x86)/atmel/studio/7.0/toolchain/avr8/avr8-gnu-toolchain/bin/../lib/gcc/avr/5.4.0/avr5\libgcc.a(_exit.o)
 .text.libgcc.fmul
                0x00000000        0x0 c:/program files (x86)/atmel/studio/7.0/toolchain/avr8/avr8-gnu-toolchain/bin/../lib/gcc/avr/5.4.0/avr5\libgcc.a(_exit.o)
 .text.libgcc.fixed
                0x00000000        0x0 c:/program files (x86)/atmel/studio/7.0/toolchain/avr8/avr8-gnu-toolchain/bin/../lib/gcc/avr/5.4.0/avr5\libgcc.a(_exit.o)
 .text          0x00000000        0x0 c:/program files (x86)/atmel/studio/7.0/toolchain/avr8/avr8-gnu-toolchain/bin/../lib/gcc/avr/5.4.0/avr5\libgcc.a(_copy_data.o)
 .data          0x00000000        0x0 c:/program files (x86)/atmel/studio/7.0/toolchain/avr8/avr8-gnu-toolchain/bin/../lib/gcc/avr/5.4.0/avr5\libgcc.a(_copy_data.o)
 .bss           0x00000000        0x0 c:/program files (x86)/atmel/studio/7.0/toolchain/avr8/avr8-gnu-toolchain/bin/../lib/gcc/avr/5.4.0/avr5\libgcc.a(_copy_data.o)
 .text.libgcc.mul
                0x00000000        0x0 c:/program files (x86)/atmel/studio/7.0/toolchain/avr8/avr8-gnu-toolchain/bin/../lib/gcc/avr/5.4.0/avr5\libgcc.a(_copy_data.o)
 .text.libgcc.div
                0x00000000        0x0 c:/program files (x86)/atmel/studio/7.0/toolchain/avr8/avr8-gnu-toolchain/bin/../lib/gcc/avr/5.4.0/avr5\libgcc.a(_copy_data.o)
 .text.libgcc   0x00000000        0x0 c:/program files (x86)/atmel/studio/7.0/toolchain/avr8/avr8-gnu-toolchain/bin/../lib/gcc/avr/5.4.0/avr5\libgcc.a(_copy_data.o)
 .text.libgcc.prologue
                0x00000000        0x0 c:/program files (x86)/atmel/studio/7.0/toolchain/avr8/avr8-gnu-toolchain/bin/../lib/gcc/avr/5.4.0/avr5\libgcc.a(_copy_data.o)
 .text.libgcc.builtins
                0x00000000        0x0 c:/program files (x86)/atmel/studio/7.0/toolchain/avr8/avr8-gnu-toolchain/bin/../lib/gcc/avr/5.4.0/avr5\libgcc.a(_copy_data.o)
 .text.libgcc.fmul
                0x00000000        0x0 c:/program files (x86)/atmel/studio/7.0/toolchain/avr8/avr8-gnu-toolchain/bin/../lib/gcc/avr/5.4.0/avr5\libgcc.a(_copy_data.o)
 .text.libgcc.fixed
                0x00000000        0x0 c:/program files (x86)/atmel/studio/7.0/toolchain/avr8/avr8-gnu-toolchain/bin/../lib/gcc/avr/5.4.0/avr5\libgcc.a(_copy_data.o)
 .text          0x00000000        0x0 c:/program files (x86)/atmel/studio/7.0/toolchain/avr8/avr8-gnu-toolchain/bin/../lib/gcc/avr/5.4.0/avr5\libgcc.a(_clear_bss.o)
 .data          0x00000000        0x0 c:/program files (x86)/atmel/studio/7.0/toolchain/avr8/avr8-gnu-toolchain/bin/../lib/gcc/avr/5.4.0/avr5\libgcc.a(_clear_bss.o)
 .bss           0x00000000        0x0 c:/program files (x86)/atmel/studio/7.0/toolchain/avr8/avr8-gnu-toolchain/bin/../lib/gcc/avr/5.4.0/avr5\libgcc.a(_clear_bss.o)
 .text.libgcc.mul
                0x00000000        0x0 c:/program files (x86)/atmel/studio/7.0/toolchain/avr8/avr8-gnu-toolchain/bin/../lib/gcc/avr/5.4.0/avr5\libgcc.a(_clear_bss.o)
 .text.libgcc.div
                0x00000000        0x0 c:/program files (x86)/atmel/studio/7.0/toolchain/avr8/avr8-gnu-toolchain/bin/../lib/gcc/avr/5.4.0/avr5\libgcc.a(_clear_bss.o)
 .text.libgcc   0x00000000        0x0 c:/program files (x86)/atmel/studio/7.0/toolchain/avr8/avr8-gnu-toolchain/bin/../lib/gcc/avr/5.4.0/avr5\libgcc.a(_clear_bss.o)
 .text.libgcc.prologue
                0x00000000        0x0 c:/program files (x86)/atmel/studio/7.0/toolchain/avr8/avr8-gnu-toolchain/bin/../lib/gcc/avr/5.4.0/avr5\libgcc.a(_clear_bss.o)
 .text.libgcc.builtins
                0x00000000        0x0 c:/program files (x86)/atmel/studio/7.0/toolchain/avr8/avr8-gnu-toolchain/bin/../lib/gcc/avr/5.4.0/avr5\libgcc.a(_clear_bss.o)
 .text.libgcc.fmul
                0x00000000        0x0 c:/program files (x86)/atmel/studio/7.0/toolchain/avr8/avr8-gnu-toolchain/bin/../lib/gcc/avr/5.4.0/avr5\libgcc.a(_clear_bss.o)
 .text.libgcc.fixed
                0x00000000        0x0 c:/program files (x86)/atmel/studio/7.0/toolchain/avr8/avr8-gnu-toolchain/bin/../lib/gcc/avr/5.4.0/avr5\libgcc.a(_clear_bss.o)
 .text          0x00000000        0x0 c:/program files (x86)/atmel/studio/7.0/toolchain/avr8/avr8-gnu-toolchain/bin/../lib/gcc/avr/5.4.0/../../../../avr/lib/avr5\libc.a(strcat.o)
 .data          0x00000000        0x0 c:/program files (x86)/atmel/studio/7.0/toolchain/avr8/avr8-gnu-toolchain/bin/../lib/gcc/avr/5.4.0/../../../../avr/lib/avr5\libc.a(strcat.o)
 .bss           0x00000000        0x0 c:/program files (x86)/atmel/studio/7.0/toolchain/avr8/avr8-gnu-toolchain/bin/../lib/gcc/avr/5.4.0/../../../../avr/lib/avr5\libc.a(strcat.o)
 .text          0x00000000        0x0 c:/program files (x86)/atmel/studio/7.0/toolchain/avr8/avr8-gnu-toolchain/bin/../lib/gcc/avr/5.4.0/../../../../avr/lib/avr5\libc.a(strcmp.o)
 .data          0x00000000        0x0 c:/program files (x86)/atmel/studio/7.0/toolchain/avr8/avr8-gnu-toolchain/bin/../lib/gcc/avr/5.4.0/../../../../avr/lib/avr5\libc.a(strcmp.o)
 .bss           0x00000000        0x0 c:/program files (x86)/atmel/studio/7.0/toolchain/avr8/avr8-gnu-toolchain/bin/../lib/gcc/avr/5.4.0/../../../../avr/lib/avr5\libc.a(strcmp.o)
 .text          0x00000000        0x0 c:/program files (x86)/atmel/studio/7.0/toolchain/avr8/avr8-gnu-toolchain/bin/../lib/gcc/avr/5.4.0/../../../../avr/lib/avr5\libc.a(strcpy.o)
 .data          0x00000000        0x0 c:/program files (x86)/atmel/studio/7.0/toolchain/avr8/avr8-gnu-toolchain/bin/../lib/gcc/avr/5.4.0/../../../../avr/lib/avr5\libc.a(strcpy.o)
 .bss           0x00000000        0x0 c:/program files (x86)/atmel/studio/7.0/toolchain/avr8/avr8-gnu-toolchain/bin/../lib/gcc/avr/5.4.0/../../../../avr/lib/avr5\libc.a(strcpy.o)
 .text          0x00000000        0x0 c:/program files (x86)/atmel/studio/7.0/toolchain/avr8/avr8-gnu-toolchain/bin/../lib/gcc/avr/5.4.0/../../../../avr/lib/avr5\libc.a(sprintf.o)
 .data          0x00000000        0x0 c:/program files (x86)/atmel/studio/7.0/toolchain/avr8/avr8-gnu-toolchain/bin/../lib/gcc/avr/5.4.0/../../../../avr/lib/avr5\libc.a(sprintf.o)
 .bss           0x00000000        0x0 c:/program files (x86)/atmel/studio/7.0/toolchain/avr8/avr8-gnu-toolchain/bin/../lib/gcc/avr/5.4.0/../../../../avr/lib/avr5\libc.a(sprintf.o)
 .text          0x00000000        0x0 c:/program files (x86)/atmel/studio/7.0/toolchain/avr8/avr8-gnu-toolchain/bin/../lib/gcc/avr/5.4.0/../../../../avr/lib/avr5\libc.a(vfprintf_std.o)
 .data          0x00000000        0x0 c:/program files (x86)/atmel/studio/7.0/toolchain/avr8/avr8-gnu-toolchain/bin/../lib/gcc/avr/5.4.0/../../../../avr/lib/avr5\libc.a(vfprintf_std.o)
 .bss           0x00000000        0x0 c:/program files (x86)/atmel/studio/7.0/toolchain/avr8/avr8-gnu-toolchain/bin/../lib/gcc/avr/5.4.0/../../../../avr/lib/avr5\libc.a(vfprintf_std.o)
 .text          0x00000000        0x0 c:/program files (x86)/atmel/studio/7.0/toolchain/avr8/avr8-gnu-toolchain/bin/../lib/gcc/avr/5.4.0/../../../../avr/lib/avr5\libc.a(strnlen_P.o)
 .data          0x00000000        0x0 c:/program files (x86)/atmel/studio/7.0/toolchain/avr8/avr8-gnu-toolchain/bin/../lib/gcc/avr/5.4.0/../../../../avr/lib/avr5\libc.a(strnlen_P.o)
 .bss           0x00000000        0x0 c:/program files (x86)/atmel/studio/7.0/toolchain/avr8/avr8-gnu-toolchain/bin/../lib/gcc/avr/5.4.0/../../../../avr/lib/avr5\libc.a(strnlen_P.o)
 .text          0x00000000        0x0 c:/program files (x86)/atmel/studio/7.0/toolchain/avr8/avr8-gnu-toolchain/bin/../lib/gcc/avr/5.4.0/../../../../avr/lib/avr5\libc.a(strnlen.o)
 .data          0x00000000        0x0 c:/program files (x86)/atmel/studio/7.0/toolchain/avr8/avr8-gnu-toolchain/bin/../lib/gcc/avr/5.4.0/../../../../avr/lib/avr5\libc.a(strnlen.o)
 .bss           0x00000000        0x0 c:/program files (x86)/atmel/studio/7.0/toolchain/avr8/avr8-gnu-toolchain/bin/../lib/gcc/avr/5.4.0/../../../../avr/lib/avr5\libc.a(strnlen.o)
 .text          0x00000000        0x0 c:/program files (x86)/atmel/studio/7.0/toolchain/avr8/avr8-gnu-toolchain/bin/../lib/gcc/avr/5.4.0/../../../../avr/lib/avr5\libc.a(fputc.o)
 .data          0x00000000        0x0 c:/program files (x86)/atmel/studio/7.0/toolchain/avr8/avr8-gnu-toolchain/bin/../lib/gcc/avr/5.4.0/../../../../avr/lib/avr5\libc.a(fputc.o)
 .bss           0x00000000        0x0 c:/program files (x86)/atmel/studio/7.0/toolchain/avr8/avr8-gnu-toolchain/bin/../lib/gcc/avr/5.4.0/../../../../avr/lib/avr5\libc.a(fputc.o)
 .text          0x00000000        0x0 c:/program files (x86)/atmel/studio/7.0/toolchain/avr8/avr8-gnu-toolchain/bin/../lib/gcc/avr/5.4.0/../../../../avr/lib/avr5\libc.a(ultoa_invert.o)
 .data          0x00000000        0x0 c:/program files (x86)/atmel/studio/7.0/toolchain/avr8/avr8-gnu-toolchain/bin/../lib/gcc/avr/5.4.0/../../../../avr/lib/avr5\libc.a(ultoa_invert.o)
 .bss           0x00000000        0x0 c:/program files (x86)/atmel/studio/7.0/toolchain/avr8/avr8-gnu-toolchain/bin/../lib/gcc/avr/5.4.0/../../../../avr/lib/avr5\libc.a(ultoa_invert.o)
 .text          0x00000000        0x0 c:/program files (x86)/atmel/studio/7.0/toolchain/avr8/avr8-gnu-toolchain/bin/../lib/gcc/avr/5.4.0/avr5\libgcc.a(_prologue.o)
 .data          0x00000000        0x0 c:/program files (x86)/atmel/studio/7.0/toolchain/avr8/avr8-gnu-toolchain/bin/../lib/gcc/avr/5.4.0/avr5\libgcc.a(_prologue.o)
 .bss           0x00000000        0x0 c:/program files (x86)/atmel/studio/7.0/toolchain/avr8/avr8-gnu-toolchain/bin/../lib/gcc/avr/5.4.0/avr5\libgcc.a(_prologue.o)
 .text.libgcc.mul
                0x00000000        0x0 c:/program files (x86)/atmel/studio/7.0/toolchain/avr8/avr8-gnu-toolchain/bin/../lib/gcc/avr/5.4.0/avr5\libgcc.a(_prologue.o)
 .text.libgcc.div
                0x00000000        0x0 c:/program files (x86)/atmel/studio/7.0/toolchain/avr8/avr8-gnu-toolchain/bin/../lib/gcc/avr/5.4.0/avr5\libgcc.a(_prologue.o)
 .text.libgcc   0x00000000        0x0 c:/program files (x86)/atmel/studio/7.0/toolchain/avr8/avr8-gnu-toolchain/bin/../lib/gcc/avr/5.4.0/avr5\libgcc.a(_prologue.o)
 .text.libgcc.builtins
                0x00000000        0x0 c:/program files (x86)/atmel/studio/7.0/toolchain/avr8/avr8-gnu-toolchain/bin/../lib/gcc/avr/5.4.0/avr5\libgcc.a(_prologue.o)
 .text.libgcc.fmul
                0x00000000        0x0 c:/program files (x86)/atmel/studio/7.0/toolchain/avr8/avr8-gnu-toolchain/bin/../lib/gcc/avr/5.4.0/avr5\libgcc.a(_prologue.o)
 .text.libgcc.fixed
                0x00000000        0x0 c:/program files (x86)/atmel/studio/7.0/toolchain/avr8/avr8-gnu-toolchain/bin/../lib/gcc/avr/5.4.0/avr5\libgcc.a(_prologue.o)
 .text          0x00000000        0x0 c:/program files (x86)/atmel/studio/7.0/toolchain/avr8/avr8-gnu-toolchain/bin/../lib/gcc/avr/5.4.0/avr5\libgcc.a(_epilogue.o)
 .data          0x00000000        0x0 c:/program files (x86)/atmel/studio/7.0/toolchain/avr8/avr8-gnu-toolchain/bin/../lib/gcc/avr/5.4.0/avr5\libgcc.a(_epilogue.o)
 .bss           0x00000000        0x0 c:/program files (x86)/atmel/studio/7.0/toolchain/avr8/avr8-gnu-toolchain/bin/../lib/gcc/avr/5.4.0/avr5\libgcc.a(_epilogue.o)
 .text.libgcc.mul
                0x00000000        0x0 c:/program files (x86)/atmel/studio/7.0/toolchain/avr8/avr8-gnu-toolchain/bin/../lib/gcc/avr/5.4.0/avr5\libgcc.a(_epilogue.o)
 .text.libgcc.div
                0x00000000        0x0 c:/program files (x86)/atmel/studio/7.0/toolchain/avr8/avr8-gnu-toolchain/bin/../lib/gcc/avr/5.4.0/avr5\libgcc.a(_epilogue.o)
 .text.libgcc   0x00000000        0x0 c:/program files (x86)/atmel/studio/7.0/toolchain/avr8/avr8-gnu-toolchain/bin/../lib/gcc/avr/5.4.0/avr5\libgcc.a(_epilogue.o)
 .text.libgcc.builtins
                0x00000000        0x0 c:/program files (x86)/atmel/studio/7.0/toolchain/avr8/avr8-gnu-toolchain/bin/../lib/gcc/avr/5.4.0/avr5\libgcc.a(_epilogue.o)
 .text.libgcc.fmul
                0x00000000        0x0 c:/program files (x86)/atmel/studio/7.0/toolchain/avr8/avr8-gnu-toolchain/bin/../lib/gcc/avr/5.4.0/avr5\libgcc.a(_epilogue.o)
 .text.libgcc.fixed
                0x00000000        0x0 c:/program files (x86)/atmel/studio/7.0/toolchain/avr8/avr8-gnu-toolchain/bin/../lib/gcc/avr/5.4.0/avr5\libgcc.a(_epilogue.o)

Memory Configuration

Name             Origin             Length             Attributes
text             0x00000000         0x00008000         xr
data             0x00800100         0x00000800         rw !x
eeprom           0x00810000         0x00000400         rw !x
fuse             0x00820000         0x00000003         rw !x
lock             0x00830000         0x00000400         rw !x
signature        0x00840000         0x00000400         rw !x
user_signatures  0x00850000         0x00000400         rw !x
*default*        0x00000000         0xffffffff

Linker script and memory map

Address of section .data set to 0x800100
LOAD C:/Program Files (x86)/Atmel/Studio/7.0/Packs/atmel/ATmega_DFP/1.7.374/gcc/dev/atmega328p/avr5/crtatmega328p.o
LOAD asci.o
LOAD eeprom.o
LOAD i2c.o
LOAD main.o
LOAD menu.o
LOAD menumsg.o
LOAD romdata.o
LOAD Timer.o
LOAD version.o
START GROUP
LOAD c:/program files (x86)/atmel/studio/7.0/toolchain/avr8/avr8-gnu-toolchain/bin/../lib/gcc/avr/5.4.0/../../../../avr/lib/avr5\libm.a
END GROUP
START GROUP
LOAD c:/program files (x86)/atmel/studio/7.0/toolchain/avr8/avr8-gnu-toolchain/bin/../lib/gcc/avr/5.4.0/avr5\libgcc.a
LOAD c:/program files (x86)/atmel/studio/7.0/toolchain/avr8/avr8-gnu-toolchain/bin/../lib/gcc/avr/5.4.0/../../../../avr/lib/avr5\libm.a
LOAD c:/program files (x86)/atmel/studio/7.0/toolchain/avr8/avr8-gnu-toolchain/bin/../lib/gcc/avr/5.4.0/../../../../avr/lib/avr5\libc.a
LOAD C:/Program Files (x86)/Atmel/Studio/7.0/Packs/atmel/ATmega_DFP/1.7.374/gcc/dev/atmega328p/avr5\libatmega328p.a
END GROUP
                0x00000000                __TEXT_REGION_ORIGIN__ = DEFINED (__TEXT_REGION_ORIGIN__)?__TEXT_REGION_ORIGIN__:0x0
                [0x00800100]                __DATA_REGION_ORIGIN__ = DEFINED (__DATA_REGION_ORIGIN__)?__DATA_REGION_ORIGIN__:0x800060
                [0x00008000]                __TEXT_REGION_LENGTH__ = DEFINED (__TEXT_REGION_LENGTH__)?__TEXT_REGION_LENGTH__:0x20000
                [0x00000800]                __DATA_REGION_LENGTH__ = DEFINED (__DATA_REGION_LENGTH__)?__DATA_REGION_LENGTH__:0xffa0
                [0x00000400]                __EEPROM_REGION_LENGTH__ = DEFINED (__EEPROM_REGION_LENGTH__)?__EEPROM_REGION_LENGTH__:0x10000
                [0x00000003]                __FUSE_REGION_LENGTH__ = DEFINED (__FUSE_REGION_LENGTH__)?__FUSE_REGION_LENGTH__:0x400
                0x00000400                __LOCK_REGION_LENGTH__ = DEFINED (__LOCK_REGION_LENGTH__)?__LOCK_REGION_LENGTH__:0x400
                0x00000400                __SIGNATURE_REGION_LENGTH__ = DEFINED (__SIGNATURE_REGION_LENGTH__)?__SIGNATURE_REGION_LENGTH__:0x400
                0x00000400                __USER_SIGNATURE_REGION_LENGTH__ = DEFINED (__USER_SIGNATURE_REGION_LENGTH__)?__USER_SIGNATURE_REGION_LENGTH__:0x400

.hash
 *(.hash)

.dynsym
 *(.dynsym)

.dynstr
 *(.dynstr)

.gnu.version
 *(.gnu.version)

.gnu.version_d
 *(.gnu.version_d)

.gnu.version_r
 *(.gnu.version_r)

.rel.init
 *(.rel.init)

.rela.init
 *(.rela.init)

.rel.text
 *(.rel.text)
 *(.rel.text.*)
 *(.rel.gnu.linkonce.t*)

.rela.text
 *(.rela.text)
 *(.rela.text.*)
 *(.rela.gnu.linkonce.t*)

.rel.fini
 *(.rel.fini)

.rela.fini
 *(.rela.fini)

.rel.rodata
 *(.rel.rodata)
 *(.rel.rodata.*)
 *(.rel.gnu.linkonce.r*)

.rela.rodata
 *(.rela.rodata)
 *(.rela.rodata.*)
 *(.rela.gnu.linkonce.r*)

.rel.data
 *(.rel.data)
 *(.rel.data.*)
 *(.rel.gnu.linkonce.d*)

.rela.data
 *(.rela.data)
 *(.rela.data.*)
 *(.rela.gnu.linkonce.d*)

.rel.ctors
 *(.rel.ctors)

.rela.ctors
 *(.rela.ctors)

.rel.dtors
 *(.rel.dtors)

.rela.dtors
 *(.rela.dtors)

.rel.got
 *(.rel.got)

.rela.got
 *(.rela.got)

.rel.bss
 *(.rel.bss)

.rela.bss
 *(.rela.bss)

.rel.plt
 *(.rel.plt)

.rela.plt
 *(.rela.plt)

.text           0x00000000     0x50b0
 *(.vectors)
 .vectors       0x00000000       0x68 C:/Program Files (x86)/Atmel/Studio/7.0/Packs/atmel/ATmega_DFP/1.7.374/gcc/dev/atmega328p/avr5/crtatmega328p.o
                0x00000000                __vector_default
                0x00000000                __vectors
 *(.vectors)
 *(.progmem.gcc*)
                0x00000068                . = ALIGN (0x2)
                0x00000068                __trampolines_start = .
 *(.trampolines)
 .trampolines   0x00000068        0x0 linker stubs
 *(.trampolines*)
                0x00000068                __trampolines_end = .
 *libprintf_flt.a:*(.progmem.data)
 *libc.a:*(.progmem.data)
 *(.progmem*)
 .progmem.data.NET_EXTENDER_PN
                0x00000068        0x5 menu.o
                0x00000068                NET_EXTENDER_PN
 .progmem.data.ACCESS_CODE
                0x0000006d        0x6 menu.o
                0x0000006d                ACCESS_CODE
 .progmem.data.PORT_EXPANDER_TEST_MSG
                0x00000073       0x75 menumsg.o
                0x00000073                PORT_EXPANDER_TEST_MSG
 .progmem.data.PORT_EXPANDER_TEST_MENU_MSG
                0x000000e8      0x174 menumsg.o
                0x000000e8                PORT_EXPANDER_TEST_MENU_MSG
 .progmem.data.PORT_EXPANDER_DEBUG_MSG
                0x0000025c       0x7f menumsg.o
                0x0000025c                PORT_EXPANDER_DEBUG_MSG
 .progmem.data.DEBUG_MENU_MSG
                0x000002db       0xe6 menumsg.o
                0x000002db                DEBUG_MENU_MSG
 .progmem.data.EEPROM_DEBUG_MSG
                0x000003c1       0xd3 menumsg.o
                0x000003c1                EEPROM_DEBUG_MSG
 .progmem.data.NUMERIC_CHARS_ONLY_MSG
                0x00000494       0x46 menumsg.o
                0x00000494                NUMERIC_CHARS_ONLY_MSG
 .progmem.data.ALPHANUMERIC_CHARS_ONLY_MSG
                0x000004da       0x55 menumsg.o
                0x000004da                ALPHANUMERIC_CHARS_ONLY_MSG
 .progmem.data.EEPROM_READ_ERROR_MSG
                0x0000052f       0x21 menumsg.o
                0x0000052f                EEPROM_READ_ERROR_MSG
 .progmem.data.DATA_RETENTION_BAD_MSG
                0x00000550       0x91 menumsg.o
                0x00000550                DATA_RETENTION_BAD_MSG
 .progmem.data.DATA_RETENTION_OK_MSG
                0x000005e1       0x17 menumsg.o
                0x000005e1                DATA_RETENTION_OK_MSG
 .progmem.data.CHECKING_DATA_RETENTION_MSG
                0x000005f8       0x39 menumsg.o
                0x000005f8                CHECKING_DATA_RETENTION_MSG
 .progmem.data.PCB_ASSY_SN_MSG
                0x00000631       0x10 menumsg.o
                0x00000631                PCB_ASSY_SN_MSG
 .progmem.data.PCB_ASSY_PN_MSG
                0x00000641       0x10 menumsg.o
                0x00000641                PCB_ASSY_PN_MSG
 .progmem.data.PRODUCT_SN_MSG
                0x00000651       0x10 menumsg.o
                0x00000651                PRODUCT_SN_MSG
 .progmem.data.PRODUCT_PN_MSG
                0x00000661       0x10 menumsg.o
                0x00000661                PRODUCT_PN_MSG
 .progmem.data.DATA_NOT_SET_MSG
                0x00000671        0xa menumsg.o
                0x00000671                DATA_NOT_SET_MSG
 .progmem.data.CHECKSUM_MATCH_MSG
                0x0000067b       0x3c menumsg.o
                0x0000067b                CHECKSUM_MATCH_MSG
 .progmem.data.CHECKSUM_MISMATCH_MSG
                0x000006b7       0x32 menumsg.o
                0x000006b7                CHECKSUM_MISMATCH_MSG
 .progmem.data.CHECK_HEADER_MSG
                0x000006e9       0x4f menumsg.o
                0x000006e9                CHECK_HEADER_MSG
 .progmem.data.NOT_ENOUGH_WO_NO_IP_CHARS_MSG
                0x00000738       0x54 menumsg.o
                0x00000738                NOT_ENOUGH_WO_NO_IP_CHARS_MSG
 .progmem.data.NO_FINAL_ASSY_REV_SN_IP_CHARS_MSG
                0x0000078c       0x4a menumsg.o
                0x0000078c                NO_FINAL_ASSY_REV_SN_IP_CHARS_MSG
 .progmem.data.NOT_ENOUGH_ASSY_REV_IP_CHARS_MSG
                0x000007d6       0x46 menumsg.o
                0x000007d6                NOT_ENOUGH_ASSY_REV_IP_CHARS_MSG
 .progmem.data.NOT_ENOUGH_ASSY_NO_IP_CHARS_MSG
                0x0000081c       0x46 menumsg.o
                0x0000081c                NOT_ENOUGH_ASSY_NO_IP_CHARS_MSG
 .progmem.data.BD_TEST_FAIL_MSG
                0x00000862       0x6f menumsg.o
                0x00000862                BD_TEST_FAIL_MSG
 .progmem.data.BD_TEST_SUCCESS_MSG
                0x000008d1       0x69 menumsg.o
                0x000008d1                BD_TEST_SUCCESS_MSG
 .progmem.data.PORT_EXPANDER_TEST_FAILED_MSG
                0x0000093a       0x87 menumsg.o
                0x0000093a                PORT_EXPANDER_TEST_FAILED_MSG
 .progmem.data.PROG_SUCCESS_MSG
                0x000009c1       0x31 menumsg.o
                0x000009c1                PROG_SUCCESS_MSG
 .progmem.data.PROG_EEPROM_MSG
                0x000009f2       0x34 menumsg.o
                0x000009f2                PROG_EEPROM_MSG
 .progmem.data.CONNECT_ADAPTER_MSG
                0x00000a26       0x61 menumsg.o
                0x00000a26                CONNECT_ADAPTER_MSG
 .progmem.data.CONNECT_BD_MSG
                0x00000a87       0x85 menumsg.o
                0x00000a87                CONNECT_BD_MSG
 .progmem.data.ENTER_NEXT_SN_MSG
                0x00000b0c       0x27 menumsg.o
                0x00000b0c                ENTER_NEXT_SN_MSG
 .progmem.data.ENTER_SN_MSG
                0x00000b33       0x42 menumsg.o
                0x00000b33                ENTER_SN_MSG
 .progmem.data.PRESS_X_OR_PROCEED_MSG
                0x00000b75       0x2e menumsg.o
                0x00000b75                PRESS_X_OR_PROCEED_MSG
 .progmem.data.CHECK_DETAILS_MSG
                0x00000ba3       0x2f menumsg.o
                0x00000ba3                CHECK_DETAILS_MSG
 .progmem.data.ENTER_BD_ASSY_REV_MSG
                0x00000bd2       0x5f menumsg.o
                0x00000bd2                ENTER_BD_ASSY_REV_MSG
 .progmem.data.ENTER_WO_MSG
                0x00000c31       0x5d menumsg.o
                0x00000c31                ENTER_WO_MSG
 .progmem.data.NET_CONN_SELECTED_MSG
                0x00000c8e       0x27 menumsg.o
                0x00000c8e                NET_CONN_SELECTED_MSG
 .progmem.data.SELECT_BD_MSG
                0x00000cb5       0xc7 menumsg.o
                0x00000cb5                SELECT_BD_MSG
 .progmem.data.START_MENU_MSG
                0x00000d7c       0x70 menumsg.o
                0x00000d7c                START_MENU_MSG
 .progmem.data.ASSY_NOT_DETECTED_MSG
                0x00000dec       0x24 menumsg.o
                0x00000dec                ASSY_NOT_DETECTED_MSG
 .progmem.data.BD_TYPE_ADAPTER_MSG
                0x00000e10       0x21 menumsg.o
                0x00000e10                BD_TYPE_ADAPTER_MSG
 .progmem.data.BD_TYPE_EXTENDER_MSG
                0x00000e31       0x22 menumsg.o
                0x00000e31                BD_TYPE_EXTENDER_MSG
 .progmem.data.BD_TYPE_NET_CONN_MSG
                0x00000e53       0x23 menumsg.o
                0x00000e53                BD_TYPE_NET_CONN_MSG
 .progmem.data.ASSY_TYPE_NET_MSG
                0x00000e76       0x1b menumsg.o
                0x00000e76                ASSY_TYPE_NET_MSG
 .progmem.data.ASSY_TYPE_ADAPTER_MSG
                0x00000e91       0x1f menumsg.o
                0x00000e91                ASSY_TYPE_ADAPTER_MSG
 .progmem.data.ASSY_TYPE_EXTENDER_MSG
                0x00000eb0       0x30 menumsg.o
                0x00000eb0                ASSY_TYPE_EXTENDER_MSG
 .progmem.data.HYPER_ADAPTER_NOT_FITTED_MSG
                0x00000ee0       0x43 menumsg.o
                0x00000ee0                HYPER_ADAPTER_NOT_FITTED_MSG
 .progmem.data.FINAL_ASSY_TEST_FAIL_MSG
                0x00000f23       0x6c menumsg.o
                0x00000f23                FINAL_ASSY_TEST_FAIL_MSG
 .progmem.data.ASSY_ID_TEST_FAILED_MSG
                0x00000f8f       0x87 menumsg.o
                0x00000f8f                ASSY_ID_TEST_FAILED_MSG
 .progmem.data.CONNECT_LEGACY_ADAPTER_MSG
                0x00001016       0x9d menumsg.o
                0x00001016                CONNECT_LEGACY_ADAPTER_MSG
 .progmem.data.CONNECT_FINAL_ASSY_TO_JIG_MSG
                0x000010b3       0x39 menumsg.o
                0x000010b3                CONNECT_FINAL_ASSY_TO_JIG_MSG
 .progmem.data.FINAL_ASSY_PROG_FAIL_MSG
                0x000010ec       0xba menumsg.o
                0x000010ec                FINAL_ASSY_PROG_FAIL_MSG
 .progmem.data.PROG_SAME_FINAL_ASSY_MSG
                0x000011a6      0x162 menumsg.o
                0x000011a6                PROG_SAME_FINAL_ASSY_MSG
 .progmem.data.TEST_SAME_FINAL_ASSY_MSG
                0x00001308      0x17c menumsg.o
                0x00001308                TEST_SAME_FINAL_ASSY_MSG
 .progmem.data.NET_ID10_MSG
                0x00001484       0x32 menumsg.o
                0x00001484                NET_ID10_MSG
 .progmem.data.NET_ID9_MSG
                0x000014b6       0x31 menumsg.o
                0x000014b6                NET_ID9_MSG
 .progmem.data.NET_ID7_MSG
                0x000014e7       0x30 menumsg.o
                0x000014e7                NET_ID7_MSG
 .progmem.data.NET_ID6_MSG
                0x00001517       0x31 menumsg.o
                0x00001517                NET_ID6_MSG
 .progmem.data.NET_ID5_MSG
                0x00001548       0x31 menumsg.o
                0x00001548                NET_ID5_MSG
 .progmem.data.NET_ID4_MSG
                0x00001579       0x30 menumsg.o
                0x00001579                NET_ID4_MSG
 .progmem.data.NET_ID3_MSG
                0x000015a9       0x30 menumsg.o
                0x000015a9                NET_ID3_MSG
 .progmem.data.NET_ID2_MSG
                0x000015d9       0x28 menumsg.o
                0x000015d9                NET_ID2_MSG
 .progmem.data.NET_ID1_MSG
                0x00001601       0x28 menumsg.o
                0x00001601                NET_ID1_MSG
 .progmem.data.NET_ID0_MSG
                0x00001629       0x27 menumsg.o
                0x00001629                NET_ID0_MSG
 .progmem.data.SELECT_NET_ID_MSG
                0x00001650      0x2bd menumsg.o
                0x00001650                SELECT_NET_ID_MSG
 .progmem.data.ENTER_FINAL_ASSY_SN_MSG
                0x0000190d       0x53 menumsg.o
                0x0000190d                ENTER_FINAL_ASSY_SN_MSG
 .progmem.data.ADAPTER_ASSY_MSG
                0x00001960       0x15 menumsg.o
                0x00001960                ADAPTER_ASSY_MSG
 .progmem.data.EXTENSION_ASSY_MSG
                0x00001975       0x17 menumsg.o
                0x00001975                EXTENSION_ASSY_MSG
 .progmem.data.NET_ASSY_MSG
                0x0000198c        0xd menumsg.o
                0x0000198c                NET_ASSY_MSG
 .progmem.data.ENTER_FINAL_ASSY_REV_MSG
                0x00001999       0x3d menumsg.o
                0x00001999                ENTER_FINAL_ASSY_REV_MSG
 .progmem.data.ENTER_FINAL_ASSY_NO_MSG
                0x000019d6       0x3a menumsg.o
                0x000019d6                ENTER_FINAL_ASSY_NO_MSG
 .progmem.data.INVALID_ENTRY_MSG
                0x00001a10       0x26 menumsg.o
                0x00001a10                INVALID_ENTRY_MSG
 .progmem.data.FSTART_MENU_MSG
                0x00001a36       0x99 menumsg.o
                0x00001a36                FSTART_MENU_MSG
 .progmem.data.STORED_DETAILS_MSG
                0x00001acf       0x36 menumsg.o
                0x00001acf                STORED_DETAILS_MSG
 .progmem.data.NET_ADAPT_PCB_MSG
                0x00001b05       0x10 menumsg.o
                0x00001b05                NET_ADAPT_PCB_MSG
 .progmem.data.NET_CONN_PCB_MSG
                0x00001b15       0x12 menumsg.o
                0x00001b15                NET_CONN_PCB_MSG
 .progmem.data.CMD_NOT_IMPLEMENTED_MSG
                0x00001b27       0x1b menumsg.o
                0x00001b27                CMD_NOT_IMPLEMENTED_MSG
 .progmem.data.BD_TEST_JIG_MSG
                0x00001b42       0x2e menumsg.o
                0x00001b42                BD_TEST_JIG_MSG
 .progmem.data.INVALID_JIG_ID_MSG
                0x00001b70       0x2a menumsg.o
                0x00001b70                INVALID_JIG_ID_MSG
 .progmem.data.FINAL_TEST_JIG_MSG
                0x00001b9a       0x2d menumsg.o
                0x00001b9a                FINAL_TEST_JIG_MSG
 .progmem.data.COPYRIGHT_MSG
                0x00001bc7       0xd0 menumsg.o
                0x00001bc7                COPYRIGHT_MSG
 .progmem.data.NEWPAGE_MSG
                0x00001c97       0x11 menumsg.o
                0x00001c97                NEWPAGE_MSG
 .progmem.data.NEWLINE_MSG
                0x00001ca8        0x3 menumsg.o
                0x00001ca8                NEWLINE_MSG
 .progmem.data.FW_PN
                0x00001cab       0x18 version.o
                0x00001cc4                . = ALIGN (0x2)
 *fill*         0x00001cc3        0x1 
 *(.jumptables)
 *(.jumptables*)
 *(.lowtext)
 *(.lowtext*)
                0x00001cc4                __ctors_start = .
 *(.ctors)
                0x00001cc4                __ctors_end = .
                0x00001cc4                __dtors_start = .
 *(.dtors)
                0x00001cc4                __dtors_end = .
 SORT(*)(.ctors)
 SORT(*)(.dtors)
 *(.init0)
 .init0         0x00001cc4        0x0 C:/Program Files (x86)/Atmel/Studio/7.0/Packs/atmel/ATmega_DFP/1.7.374/gcc/dev/atmega328p/avr5/crtatmega328p.o
                0x00001cc4                __init
 *(.init0)
 *(.init1)
 *(.init1)
 *(.init2)
 .init2         0x00001cc4        0xc C:/Program Files (x86)/Atmel/Studio/7.0/Packs/atmel/ATmega_DFP/1.7.374/gcc/dev/atmega328p/avr5/crtatmega328p.o
 *(.init2)
 *(.init3)
 *(.init3)
 *(.init4)
 .init4         0x00001cd0       0x16 c:/program files (x86)/atmel/studio/7.0/toolchain/avr8/avr8-gnu-toolchain/bin/../lib/gcc/avr/5.4.0/avr5\libgcc.a(_copy_data.o)
                0x00001cd0                __do_copy_data
 .init4         0x00001ce6       0x10 c:/program files (x86)/atmel/studio/7.0/toolchain/avr8/avr8-gnu-toolchain/bin/../lib/gcc/avr/5.4.0/avr5\libgcc.a(_clear_bss.o)
                0x00001ce6                __do_clear_bss
 *(.init4)
 *(.init5)
 *(.init5)
 *(.init6)
 *(.init6)
 *(.init7)
 *(.init7)
 *(.init8)
 *(.init8)
 *(.init9)
 .init9         0x00001cf6        0x8 C:/Program Files (x86)/Atmel/Studio/7.0/Packs/atmel/ATmega_DFP/1.7.374/gcc/dev/atmega328p/avr5/crtatmega328p.o
 *(.init9)
 *(.text)
 .text          0x00001cfe        0x4 C:/Program Files (x86)/Atmel/Studio/7.0/Packs/atmel/ATmega_DFP/1.7.374/gcc/dev/atmega328p/avr5/crtatmega328p.o
                0x00001cfe                __vector_22
                0x00001cfe                __vector_1
                0x00001cfe                __vector_24
                0x00001cfe                __vector_12
                0x00001cfe                __bad_interrupt
                0x00001cfe                __vector_6
                0x00001cfe                __vector_3
                0x00001cfe                __vector_23
                0x00001cfe                __vector_25
                0x00001cfe                __vector_13
                0x00001cfe                __vector_17
                0x00001cfe                __vector_7
                0x00001cfe                __vector_5
                0x00001cfe                __vector_4
                0x00001cfe                __vector_9
                0x00001cfe                __vector_2
                0x00001cfe                __vector_21
                0x00001cfe                __vector_15
                0x00001cfe                __vector_8
                0x00001cfe                __vector_14
                0x00001cfe                __vector_10
                0x00001cfe                __vector_16
                0x00001cfe                __vector_20
                0x00001d02                . = ALIGN (0x2)
 *(.text.*)
 .text.ASC_Init_asci
                0x00001d02       0x28 asci.o
                0x00001d02                ASC_Init_asci
 .text.__vector_19
                0x00001d2a       0x5e asci.o
                0x00001d2a                __vector_19
 .text.ASC_Get_asci_tx_space
                0x00001d88       0x22 asci.o
                0x00001d88                ASC_Get_asci_tx_space
 .text.ASC_Asci_tx
                0x00001daa       0x82 asci.o
                0x00001daa                ASC_Asci_tx
 .text.ASC_Asci_msg
                0x00001e2c       0x2a asci.o
                0x00001e2c                ASC_Asci_msg
 .text.ASC_err  0x00001e56       0x4a asci.o
 .text.ASC_Asci_tx_empty
                0x00001ea0       0x10 asci.o
                0x00001ea0                ASC_Asci_tx_empty
 .text.__vector_18
                0x00001eb0       0x86 asci.o
                0x00001eb0                __vector_18
 .text.ASC_Asci_getchar
                0x00001f36       0x3a asci.o
                0x00001f36                ASC_Asci_getchar
 .text.ASC_Kbhit
                0x00001f70       0x28 asci.o
                0x00001f70                ASC_Kbhit
 .text.EE_Eeprom_read
                0x00001f98       0xb8 eeprom.o
                0x00001f98                EE_Eeprom_read
 .text.EE_Eeprom_write
                0x00002050       0xe0 eeprom.o
                0x00002050                EE_Eeprom_write
 .text.EE_Eeprom_fill
                0x00002130      0x11a eeprom.o
                0x00002130                EE_Eeprom_fill
 .text.Eeprom_hex_dump
                0x0000224a      0x11e eeprom.o
                0x0000224a                Eeprom_hex_dump
 .text.EE_Get_stored_checksum
                0x00002368       0x34 eeprom.o
                0x00002368                EE_Get_stored_checksum
 .text.EE_Calc_stored_checksum
                0x0000239c       0xaa eeprom.o
                0x0000239c                EE_Calc_stored_checksum
 .text.EE_Store_checksum
                0x00002446       0x2e eeprom.o
                0x00002446                EE_Store_checksum
 .text.I2C_WaitForComplete
                0x00002474       0x26 i2c.o
 .text.I2C_Init
                0x0000249a       0x12 i2c.o
                0x0000249a                I2C_Init
 .text.I2C_Write
                0x000024ac       0x68 i2c.o
                0x000024ac                I2C_Write
 .text.I2C_Read
                0x00002514       0x98 i2c.o
                0x00002514                I2C_Read
 .text.I2C_ping_addr
                0x000025ac       0x3e i2c.o
                0x000025ac                I2C_ping_addr
 .text.MAI_Set_power
                0x000025ea        0xc main.o
                0x000025ea                MAI_Set_power
 .text.InitIO   0x000025f6       0x2e main.o
                0x000025f6                InitIO
 .text.startup.main
                0x00002624       0x1a main.o
                0x00002624                main
 .text.MAI_Set_header_cntrl
                0x0000263e       0x1a main.o
                0x0000263e                MAI_Set_header_cntrl
 .text.MAI_Get_jig_id
                0x00002658       0x38 main.o
                0x00002658                MAI_Get_jig_id
 .text.MAI_Set_port_expander_code
                0x00002690       0x12 main.o
                0x00002690                MAI_Set_port_expander_code
 .text.MAI_Check_adapter_fitted
                0x000026a2        0xe main.o
                0x000026a2                MAI_Check_adapter_fitted
 .text.Check_alpha_char
                0x000026b0       0x22 menu.o
 .text.Get_stored_alpha_string
                0x000026d2       0x64 menu.o
 .text.Prog_debug_details
                0x00002736       0x94 menu.o
 .text.Test_msg_func
                0x000027ca       0x82 menu.o
 .text.Get_stored_digit_string
                0x0000284c       0x50 menu.o
 .text.MEN_bkproc
                0x0000289c       0x10 menu.o
                0x0000289c                MEN_bkproc
 .text.MEN_Rom_msg
                0x000028ac       0x46 menu.o
                0x000028ac                MEN_Rom_msg
 .text.MEN_Init
                0x000028f2       0x8a menu.o
                0x000028f2                MEN_Init
 .text.Port_expander_test
                0x0000297c      0x178 menu.o
 .text.Display_assy_details
                0x00002af4       0xba menu.o
 .text.Cmd_check
                0x00002bae       0x44 menu.o
 .text.Port_expander_debug_menu
                0x00002bf2      0x13e menu.o
 .text.Get_secret_access_code
                0x00002d30       0x70 menu.o
 .text.Debug_menu
                0x00002da0      0x17a menu.o
 .text.Select_bd_menu
                0x00002f1a       0xc4 menu.o
 .text.Wait_for_x_or_enter
                0x00002fde       0x54 menu.o
 .text.Port_expander_test_menu
                0x00003032       0xee menu.o
 .text.Get_wo_no
                0x00003120      0x100 menu.o
 .text.Get_assy_rev_no
                0x00003220       0xe6 menu.o
 .text.Bd_test_start_menu
                0x00003306       0x82 menu.o
 .text.Connect_bd_menu
                0x00003388       0x66 menu.o
 .text.Display_formatted_assy_info
                0x000033ee      0x2a6 menu.o
 .text.Start_menu
                0x00003694      0x1b2 menu.o
 .text.Eeprom_debug_menu
                0x00003846      0x2c0 menu.o
 .text.Get_bd_serial_no
                0x00003b06      0x138 menu.o
 .text.Start_eeprom_prog
                0x00003c3e      0x2a6 menu.o
 .text.Fstart_menu
                0x00003ee4      0x202 menu.o
 .text.Get_final_assy_no
                0x000040e6       0xd4 menu.o
 .text.Final_test_start_menu
                0x000041ba       0x82 menu.o
 .text.Prog_final_assy_details
                0x0000423c      0x27c menu.o
 .text.Display_final_assy_details
                0x000044b8      0x112 menu.o
 .text.Get_final_assy_rev_no
                0x000045ca      0x11a menu.o
 .text.Net_id_menu
                0x000046e4       0x6a menu.o
 .text.Get_final_assy_sn
                0x0000474e      0x104 menu.o
 .text.Prog_same_final_assy_menu
                0x00004852       0x94 menu.o
 .text.Retry_prog_final_assy_menu
                0x000048e6       0x80 menu.o
 .text.ROM_Read_romdata
                0x00004966       0x24 romdata.o
                0x00004966                ROM_Read_romdata
 .text.ROM_Romstrlen
                0x0000498a       0x18 romdata.o
                0x0000498a                ROM_Romstrlen
 .text.ROM_Read_romstr
                0x000049a2       0x1a romdata.o
                0x000049a2                ROM_Read_romstr
 .text.TIM_Init_timer
                0x000049bc       0x16 Timer.o
                0x000049bc                TIM_Init_timer
 .text.TIM_Set_delay
                0x000049d2       0x3e Timer.o
                0x000049d2                TIM_Set_delay
 .text.TIM_Get_delay_flag
                0x00004a10       0x10 Timer.o
                0x00004a10                TIM_Get_delay_flag
 .text.TIM_Wait
                0x00004a20        0xe Timer.o
                0x00004a20                TIM_Wait
 .text.__vector_11
                0x00004a2e       0x6e Timer.o
                0x00004a2e                __vector_11
 .text.VER_Get_sw_pn
                0x00004a9c        0x6 version.o
                0x00004a9c                VER_Get_sw_pn
 .text.avr-libc
                0x00004aa2       0x16 c:/program files (x86)/atmel/studio/7.0/toolchain/avr8/avr8-gnu-toolchain/bin/../lib/gcc/avr/5.4.0/../../../../avr/lib/avr5\libc.a(strcat.o)
                0x00004aa2                strcat
 .text.avr-libc
                0x00004ab8       0x12 c:/program files (x86)/atmel/studio/7.0/toolchain/avr8/avr8-gnu-toolchain/bin/../lib/gcc/avr/5.4.0/../../../../avr/lib/avr5\libc.a(strcmp.o)
                0x00004ab8                strcmp
 .text.avr-libc
                0x00004aca        0xe c:/program files (x86)/atmel/studio/7.0/toolchain/avr8/avr8-gnu-toolchain/bin/../lib/gcc/avr/5.4.0/../../../../avr/lib/avr5\libc.a(strcpy.o)
                0x00004aca                strcpy
 .text.avr-libc
                0x00004ad8       0x44 c:/program files (x86)/atmel/studio/7.0/toolchain/avr8/avr8-gnu-toolchain/bin/../lib/gcc/avr/5.4.0/../../../../avr/lib/avr5\libc.a(sprintf.o)
                0x00004ad8                sprintf
 .text.avr-libc
                0x00004b1c      0x3c2 c:/program files (x86)/atmel/studio/7.0/toolchain/avr8/avr8-gnu-toolchain/bin/../lib/gcc/avr/5.4.0/../../../../avr/lib/avr5\libc.a(vfprintf_std.o)
                0x00004b1c                vfprintf
 .text.avr-libc
                0x00004ede       0x16 c:/program files (x86)/atmel/studio/7.0/toolchain/avr8/avr8-gnu-toolchain/bin/../lib/gcc/avr/5.4.0/../../../../avr/lib/avr5\libc.a(strnlen_P.o)
                0x00004ede                strnlen_P
 .text.avr-libc
                0x00004ef4       0x16 c:/program files (x86)/atmel/studio/7.0/toolchain/avr8/avr8-gnu-toolchain/bin/../lib/gcc/avr/5.4.0/../../../../avr/lib/avr5\libc.a(strnlen.o)
                0x00004ef4                strnlen
 .text.avr-libc
                0x00004f0a       0x78 c:/program files (x86)/atmel/studio/7.0/toolchain/avr8/avr8-gnu-toolchain/bin/../lib/gcc/avr/5.4.0/../../../../avr/lib/avr5\libc.a(fputc.o)
                0x00004f0a                fputc
 .text.avr-libc
                0x00004f82       0xbc c:/program files (x86)/atmel/studio/7.0/toolchain/avr8/avr8-gnu-toolchain/bin/../lib/gcc/avr/5.4.0/../../../../avr/lib/avr5\libc.a(ultoa_invert.o)
                0x00004f82                __ultoa_invert
 .text.libgcc.prologue
                0x0000503e       0x38 c:/program files (x86)/atmel/studio/7.0/toolchain/avr8/avr8-gnu-toolchain/bin/../lib/gcc/avr/5.4.0/avr5\libgcc.a(_prologue.o)
                0x0000503e                __prologue_saves__
 .text.libgcc.prologue
                0x00005076       0x36 c:/program files (x86)/atmel/studio/7.0/toolchain/avr8/avr8-gnu-toolchain/bin/../lib/gcc/avr/5.4.0/avr5\libgcc.a(_epilogue.o)
                0x00005076                __epilogue_restores__
                0x000050ac                . = ALIGN (0x2)
 *(.fini9)
 .fini9         0x000050ac        0x0 c:/program files (x86)/atmel/studio/7.0/toolchain/avr8/avr8-gnu-toolchain/bin/../lib/gcc/avr/5.4.0/avr5\libgcc.a(_exit.o)
                0x000050ac                _exit
                0x000050ac                exit
 *(.fini9)
 *(.fini8)
 *(.fini8)
 *(.fini7)
 *(.fini7)
 *(.fini6)
 *(.fini6)
 *(.fini5)
 *(.fini5)
 *(.fini4)
 *(.fini4)
 *(.fini3)
 *(.fini3)
 *(.fini2)
 *(.fini2)
 *(.fini1)
 *(.fini1)
 *(.fini0)
 .fini0         0x000050ac        0x4 c:/program files (x86)/atmel/studio/7.0/toolchain/avr8/avr8-gnu-toolchain/bin/../lib/gcc/avr/5.4.0/avr5\libgcc.a(_exit.o)
 *(.fini0)
                0x000050b0                _etext = .

.data           0x00800100      0x3b6 load address 0x000050b0
                0x00800100                PROVIDE (__data_start, .)
 *(.data)
 *(.data*)
 .data.error_msgs
                0x00800100        0x8 asci.o
                0x00800100                error_msgs
 .data.chan_count_list
                0x00800108        0xb menu.o
 *(.gnu.linkonce.d*)
 *(.rodata)
 *(.rodata*)
 .rodata.str1.1
                0x00800113       0x7e asci.o
 .rodata.str1.1
                0x00800191       0x84 eeprom.o
                                 0x87 (size before relaxing)
 .rodata.str1.1
                0x00800215      0x280 menu.o
                                0x2a3 (size before relaxing)
 .rodata.pe_codes
                0x00800495        0xa menu.o
 .rodata.net_id_list
                0x0080049f       0x16 menu.o
 *(.gnu.linkonce.r*)
                0x008004b6                . = ALIGN (0x2)
 *fill*         0x008004b5        0x1 
                0x008004b6                _edata = .
                0x008004b6                PROVIDE (__data_end, .)

.bss            0x008004b6      0x218
                0x008004b6                PROVIDE (__bss_start, .)
 *(.bss)
 *(.bss*)
 .bss.rx_buf    0x008004b6        0xa asci.o
 .bss.tx_buf    0x008004c0       0xb4 asci.o
 .bss.tx_op_pos
                0x00800574        0x1 asci.o
 .bss.tx_ip_pos
                0x00800575        0x1 asci.o
 .bss.rx_op_pos
                0x00800576        0x1 asci.o
 .bss.rx_ip_pos
                0x00800577        0x1 asci.o
 .bss.pe_pause  0x00800578        0x1 menu.o
 .bss.pe_count  0x00800579        0x1 menu.o
 .bss.pe_code   0x0080057a        0x1 menu.o
 .bss.cur_menu_msg
                0x0080057b        0x2 menu.o
 .bss.extender_flag
                0x0080057d        0x1 menu.o
 .bss.net_id    0x0080057e        0x1 menu.o
 .bss.final_assy_name
                0x0080057f        0x2 menu.o
 .bss.final_assy_type
                0x00800581        0x1 menu.o
 .bss.bd_id     0x00800582        0x1 menu.o
 .bss.debug_flag
                0x00800583        0x1 menu.o
 .bss.adapter_flag
                0x00800584        0x1 menu.o
 .bss.cur_calc_checksum
                0x00800585        0x2 menu.o
 .bss.last_i2C_addr
                0x00800587        0x1 menu.o
 .bss.cur_i2C_addr
                0x00800588        0x1 menu.o
 .bss.formatted_assy_no_string
                0x00800589        0xd menu.o
 .bss.final_assy_rev_str
                0x00800596        0x4 menu.o
 .bss.final_assy_no_str
                0x0080059a        0x5 menu.o
 .bss.final_assy_serial_no_str
                0x0080059f        0xd menu.o
 .bss.bd_serial_no_str
                0x008005ac        0x4 menu.o
 .bss.assy_rev_str
                0x008005b0        0x4 menu.o
 .bss.assy_no_str
                0x008005b4        0x5 menu.o
 .bss.wo_no_str
                0x008005b9        0xc menu.o
 .bss.user_ip_max_chars
                0x008005c5        0x1 menu.o
 .bss.user_ip_buf_ix
                0x008005c6        0x1 menu.o
 .bss.user_ip_buf
                0x008005c7       0x15 menu.o
 .bss.MEN_MSG_PTR
                0x008005dc        0x2 menu.o
 .bss.next_cmd_func
                0x008005de        0x2 menu.o
 .bss.cmd_bk_func
                0x008005e0        0x2 menu.o
 .bss.delay_flag
                0x008005e2        0x1 Timer.o
 .bss.delay_cnt
                0x008005e3        0x2 Timer.o
 .bss.set_delay
                0x008005e5        0x2 Timer.o
 *(COMMON)
 COMMON         0x008005e7       0x32 main.o
                0x008005e7                tmpstr
 COMMON         0x00800619       0xb5 romdata.o
                0x00800619                rambuf
                0x008006ce                PROVIDE (__bss_end, .)
                0x000050b0                __data_load_start = LOADADDR (.data)
                0x00005466                __data_load_end = (__data_load_start + SIZEOF (.data))

.noinit         0x008006ce        0x0
                [!provide]                PROVIDE (__noinit_start, .)
 *(.noinit*)
                [!provide]                PROVIDE (__noinit_end, .)
                0x008006ce                _end = .
                [!provide]                PROVIDE (__heap_start, .)

.eeprom         0x00810000        0x0
 *(.eeprom*)
                0x00810000                __eeprom_end = .

.fuse
 *(.fuse)
 *(.lfuse)
 *(.hfuse)
 *(.efuse)

.lock
 *(.lock*)

.signature
 *(.signature*)

.user_signatures
 *(.user_signatures*)

.stab
 *(.stab)

.stabstr
 *(.stabstr)

.stab.excl
 *(.stab.excl)

.stab.exclstr
 *(.stab.exclstr)

.stab.index
 *(.stab.index)

.stab.indexstr
 *(.stab.indexstr)

.comment        0x00000000       0x5c
 *(.comment)
 .comment       0x00000000       0x30 asci.o
                                 0x31 (size before relaxing)
 .comment       0x00000030       0x31 eeprom.o
 .comment       0x00000030       0x31 i2c.o
 .comment       0x00000030       0x31 main.o
 .comment       0x00000030       0x31 menu.o
 .comment       0x00000030       0x31 menumsg.o
 .comment       0x00000030       0x31 romdata.o
 .comment       0x00000030       0x31 Timer.o
 .comment       0x00000030       0x31 version.o
 .comment       0x00000030       0x31 c:/program files (x86)/atmel/studio/7.0/toolchain/avr8/avr8-gnu-toolchain/bin/../lib/gcc/avr/5.4.0/../../../../avr/lib/avr5\libc.a(sprintf.o)
 .comment       0x00000030       0x2c c:/program files (x86)/atmel/studio/7.0/toolchain/avr8/avr8-gnu-toolchain/bin/../lib/gcc/avr/5.4.0/../../../../avr/lib/avr5\libc.a(vfprintf_std.o)
                                 0x2d (size before relaxing)
 .comment       0x0000005c       0x31 c:/program files (x86)/atmel/studio/7.0/toolchain/avr8/avr8-gnu-toolchain/bin/../lib/gcc/avr/5.4.0/../../../../avr/lib/avr5\libc.a(fputc.o)

.note.gnu.avr.deviceinfo
                0x00000000       0x40
 .note.gnu.avr.deviceinfo
                0x00000000       0x40 C:/Program Files (x86)/Atmel/Studio/7.0/Packs/atmel/ATmega_DFP/1.7.374/gcc/dev/atmega328p/avr5/crtatmega328p.o

.note.gnu.build-id
 *(.note.gnu.build-id)

.debug
 *(.debug)

.line
 *(.line)

.debug_srcinfo
 *(.debug_srcinfo)

.debug_sfnames
 *(.debug_sfnames)

.debug_aranges
 *(.debug_aranges)

.debug_pubnames
 *(.debug_pubnames)

.debug_info     0x00000000      0x5f4
 *(.debug_info .gnu.linkonce.wi.*)
 .debug_info    0x00000000      0x5f4 C:/Program Files (x86)/Atmel/Studio/7.0/Packs/atmel/ATmega_DFP/1.7.374/gcc/dev/atmega328p/avr5/crtatmega328p.o

.debug_abbrev   0x00000000      0x5a2
 *(.debug_abbrev)
 .debug_abbrev  0x00000000      0x5a2 C:/Program Files (x86)/Atmel/Studio/7.0/Packs/atmel/ATmega_DFP/1.7.374/gcc/dev/atmega328p/avr5/crtatmega328p.o

.debug_line     0x00000000      0x134
 *(.debug_line .debug_line.* .debug_line_end)
 .debug_line    0x00000000      0x134 C:/Program Files (x86)/Atmel/Studio/7.0/Packs/atmel/ATmega_DFP/1.7.374/gcc/dev/atmega328p/avr5/crtatmega328p.o

.debug_frame
 *(.debug_frame)

.debug_str      0x00000000      0x208
 *(.debug_str)
 .debug_str     0x00000000      0x208 C:/Program Files (x86)/Atmel/Studio/7.0/Packs/atmel/ATmega_DFP/1.7.374/gcc/dev/atmega328p/avr5/crtatmega328p.o

.debug_loc
 *(.debug_loc)

.debug_macinfo
 *(.debug_macinfo)

.debug_weaknames
 *(.debug_weaknames)

.debug_funcnames
 *(.debug_funcnames)

.debug_typenames
 *(.debug_typenames)

.debug_varnames
 *(.debug_varnames)

.debug_pubtypes
 *(.debug_pubtypes)

.debug_ranges
 *(.debug_ranges)

.debug_macro
 *(.debug_macro)
OUTPUT(TJ000006_SW.elf elf32-avr)
LOAD linker stubs
