Archive member included to satisfy reference by file (symbol)

c:/program files (x86)/atmel/studio/7.0/toolchain/avr8/avr8-gnu-toolchain/bin/../lib/gcc/avr/5.4.0/avr5\libgcc.a(_exit.o)
                              C:/Program Files (x86)/Atmel/Studio/7.0/Packs/atmel/ATmega_DFP/1.7.374/gcc/dev/atmega328p/avr5/crtatmega328p.o (exit)
c:/program files (x86)/atmel/studio/7.0/toolchain/avr8/avr8-gnu-toolchain/bin/../lib/gcc/avr/5.4.0/avr5\libgcc.a(_copy_data.o)
                              asci.o (__do_copy_data)
c:/program files (x86)/atmel/studio/7.0/toolchain/avr8/avr8-gnu-toolchain/bin/../lib/gcc/avr/5.4.0/avr5\libgcc.a(_clear_bss.o)
                              asci.o (__do_clear_bss)
c:/program files (x86)/atmel/studio/7.0/toolchain/avr8/avr8-gnu-toolchain/bin/../lib/gcc/avr/5.4.0/../../../../avr/lib/avr5\libc.a(strcat.o)
                              menu.o (strcat)
c:/program files (x86)/atmel/studio/7.0/toolchain/avr8/avr8-gnu-toolchain/bin/../lib/gcc/avr/5.4.0/../../../../avr/lib/avr5\libc.a(strcmp.o)
                              menu.o (strcmp)
c:/program files (x86)/atmel/studio/7.0/toolchain/avr8/avr8-gnu-toolchain/bin/../lib/gcc/avr/5.4.0/../../../../avr/lib/avr5\libc.a(strcpy.o)
                              menu.o (strcpy)
c:/program files (x86)/atmel/studio/7.0/toolchain/avr8/avr8-gnu-toolchain/bin/../lib/gcc/avr/5.4.0/../../../../avr/lib/avr5\libc.a(sprintf.o)
                              asci.o (sprintf)
c:/program files (x86)/atmel/studio/7.0/toolchain/avr8/avr8-gnu-toolchain/bin/../lib/gcc/avr/5.4.0/../../../../avr/lib/avr5\libc.a(vfprintf_std.o)
                              c:/program files (x86)/atmel/studio/7.0/toolchain/avr8/avr8-gnu-toolchain/bin/../lib/gcc/avr/5.4.0/../../../../avr/lib/avr5\libc.a(sprintf.o) (vfprintf)
c:/program files (x86)/atmel/studio/7.0/toolchain/avr8/avr8-gnu-toolchain/bin/../lib/gcc/avr/5.4.0/../../../../avr/lib/avr5\libc.a(strnlen_P.o)
                              c:/program files (x86)/atmel/studio/7.0/toolchain/avr8/avr8-gnu-toolchain/bin/../lib/gcc/avr/5.4.0/../../../../avr/lib/avr5\libc.a(vfprintf_std.o) (strnlen_P)
c:/program files (x86)/atmel/studio/7.0/toolchain/avr8/avr8-gnu-toolchain/bin/../lib/gcc/avr/5.4.0/../../../../avr/lib/avr5\libc.a(strnlen.o)
                              c:/program files (x86)/atmel/studio/7.0/toolchain/avr8/avr8-gnu-toolchain/bin/../lib/gcc/avr/5.4.0/../../../../avr/lib/avr5\libc.a(vfprintf_std.o) (strnlen)
c:/program files (x86)/atmel/studio/7.0/toolchain/avr8/avr8-gnu-toolchain/bin/../lib/gcc/avr/5.4.0/../../../../avr/lib/avr5\libc.a(fputc.o)
                              c:/program files (x86)/atmel/studio/7.0/toolchain/avr8/avr8-gnu-toolchain/bin/../lib/gcc/avr/5.4.0/../../../../avr/lib/avr5\libc.a(vfprintf_std.o) (fputc)
c:/program files (x86)/atmel/studio/7.0/toolchain/avr8/avr8-gnu-toolchain/bin/../lib/gcc/avr/5.4.0/../../../../avr/lib/avr5\libc.a(ultoa_invert.o)
                              c:/program files (x86)/atmel/studio/7.0/toolchain/avr8/avr8-gnu-toolchain/bin/../lib/gcc/avr/5.4.0/../../../../avr/lib/avr5\libc.a(vfprintf_std.o) (__ultoa_invert)
c:/program files (x86)/atmel/studio/7.0/toolchain/avr8/avr8-gnu-toolchain/bin/../lib/gcc/avr/5.4.0/avr5\libgcc.a(_prologue.o)
                              c:/program files (x86)/atmel/studio/7.0/toolchain/avr8/avr8-gnu-toolchain/bin/../lib/gcc/avr/5.4.0/../../../../avr/lib/avr5\libc.a(sprintf.o) (__prologue_saves__)
c:/program files (x86)/atmel/studio/7.0/toolchain/avr8/avr8-gnu-toolchain/bin/../lib/gcc/avr/5.4.0/avr5\libgcc.a(_epilogue.o)
                              c:/program files (x86)/atmel/studio/7.0/toolchain/avr8/avr8-gnu-toolchain/bin/../lib/gcc/avr/5.4.0/../../../../avr/lib/avr5\libc.a(sprintf.o) (__epilogue_restores__)

Allocating common symbols
Common symbol       size              file

tmpstr              0x32              main.o
rambuf              0xb5              romdata.o

Discarded input sections

 .data          0x00000000        0x0 C:/Program Files (x86)/Atmel/Studio/7.0/Packs/atmel/ATmega_DFP/1.7.374/gcc/dev/atmega328p/avr5/crtatmega328p.o
 .bss           0x00000000        0x0 C:/Program Files (x86)/Atmel/Studio/7.0/Packs/atmel/ATmega_DFP/1.7.374/gcc/dev/atmega328p/avr5/crtatmega328p.o
 .text          0x00000000        0x0 asci.o
 .data          0x00000000        0x0 asci.o
 .bss           0x00000000        0x0 asci.o
 .text.ASC_Shutdown_asci
                0x00000000        0x6 asci.o
 .text.ASC_Pause
                0x00000000       0x16 asci.o
 .progmem.data.pause_msg
                0x00000000       0x26 asci.o
 .text          0x00000000        0x0 eeprom.o
 .data          0x00000000        0x0 eeprom.o
 .bss           0x00000000        0x0 eeprom.o
 .text          0x00000000        0x0 i2c.o
 .data          0x00000000        0x0 i2c.o
 .bss           0x00000000        0x0 i2c.o
 .text.I2C_Shutdown
                0x00000000       0x10 i2c.o
 .text          0x00000000        0x0 main.o
 .data          0x00000000        0x0 main.o
 .bss           0x00000000        0x0 main.o
 .text.MAI_Get_but
                0x00000000        0x6 main.o
 .text.MAI_Set_but
                0x00000000        0x6 main.o
 .bss.but       0x00000000        0x1 main.o
 .text          0x00000000        0x0 menu.o
 .data          0x00000000        0x0 menu.o
 .bss           0x00000000        0x0 menu.o
 .text.MEN_Shutdown
                0x00000000        0xa menu.o
 .text.MEN_Set_cmd_bk_func
                0x00000000       0x1e menu.o
 .text          0x00000000        0x0 menumsg.o
 .data          0x00000000        0x0 menumsg.o
 .bss           0x00000000        0x0 menumsg.o
 .progmem.data.MAX_USER_IP_LEN_EXEEDED_MSG
                0x00000000       0x38 menumsg.o
 .progmem.data.ENTER_BD_ASSY_NO_MSG
                0x00000000       0x56 menumsg.o
 .progmem.data.NET_ID8_MSG
                0x00000000       0x30 menumsg.o
 .progmem.data.DOT_MSG
                0x00000000        0x2 menumsg.o
 .text          0x00000000        0x0 romdata.o
 .data          0x00000000        0x0 romdata.o
 .bss           0x00000000        0x0 romdata.o
 .text.ROM_Read_byte
                0x00000000        0x6 romdata.o
 .text.ROM_Read_word
                0x00000000        0x8 romdata.o
 .text          0x00000000        0x0 Timer.o
 .data          0x00000000        0x0 Timer.o
 .bss           0x00000000        0x0 Timer.o
 .text          0x00000000        0x0 version.o
 .data          0x00000000        0x0 version.o
 .bss           0x00000000        0x0 version.o
 .text          0x00000000        0x0 c:/program files (x86)/atmel/studio/7.0/toolchain/avr8/avr8-gnu-toolchain/bin/../lib/gcc/avr/5.4.0/avr5\libgcc.a(_exit.o)
 .data          0x00000000        0x0 c:/program files (x86)/atmel/studio/7.0/toolchain/avr8/avr8-gnu-toolchain/bin/../lib/gcc/avr/5.4.0/avr5\libgcc.a(_exit.o)
 .bss           0x00000000        0x0 c:/program files (x86)/atmel/studio/7.0/toolchain/avr8/avr8-gnu-toolchain/bin/../lib/gcc/avr/5.4.0/avr5\libgcc.a(_exit.o)
 .text.libgcc.mul
                0x00000000        0x0 c:/program files (x86)/atmel/studio/7.0/toolchain/avr8/avr8-gnu-toolchain/bin/../lib/gcc/avr/5.4.0/avr5\libgcc.a(_exit.o)
 .text.libgcc.div
                0x00000000        0x0 c:/program files (x86)/atmel/studio/7.0/toolchain/avr8/avr8-gnu-toolchain/bin/../lib/gcc/avr/5.4.0/avr5\libgcc.a(_exit.o)
 .text.libgcc   0x00000000        0x0 c:/program files (x86)/atmel/studio/7.0/toolchain/avr8/avr8-gnu-toolchain/bin/../lib/gcc/avr/5.4.0/avr5\libgcc.a(_exit.o)
 .text.libgcc.prologue
                0x00000000        0x0 c:/program files (x86)/atmel/studio/7.0/toolchain/avr8/avr8-gnu-toolchain/bin/../lib/gcc/avr/5.4.0/avr5\libgcc.a(_exit.o)
 .text.libgcc.builtins
                0x00000000        0x0 c:/program files (x86)/atmel/studio/7.0/toolchain/avr8/avr8-gnu-toolchain/bin/../lib/gcc/avr/5.4.0/avr5\libgcc.a(_exit.o)
 .text.libgcc.fmul
                0x00000000        0x0 c:/program files (x86)/atmel/studio/7.0/toolchain/avr8/avr8-gnu-toolchain/bin/../lib/gcc/avr/5.4.0/avr5\libgcc.a(_exit.o)
 .text.libgcc.fixed
                0x00000000        0x0 c:/program files (x86)/atmel/studio/7.0/toolchain/avr8/avr8-gnu-toolchain/bin/../lib/gcc/avr/5.4.0/avr5\libgcc.a(_exit.o)
 .text          0x00000000        0x0 c:/program files (x86)/atmel/studio/7.0/toolchain/avr8/avr8-gnu-toolchain/bin/../lib/gcc/avr/5.4.0/avr5\libgcc.a(_copy_data.o)
 .data          0x00000000        0x0 c:/program files (x86)/atmel/studio/7.0/toolchain/avr8/avr8-gnu-toolchain/bin/../lib/gcc/avr/5.4.0/avr5\libgcc.a(_copy_data.o)
 .bss           0x00000000        0x0 c:/program files (x86)/atmel/studio/7.0/toolchain/avr8/avr8-gnu-toolchain/bin/../lib/gcc/avr/5.4.0/avr5\libgcc.a(_copy_data.o)
 .text.libgcc.mul
                0x00000000        0x0 c:/program files (x86)/atmel/studio/7.0/toolchain/avr8/avr8-gnu-toolchain/bin/../lib/gcc/avr/5.4.0/avr5\libgcc.a(_copy_data.o)
 .text.libgcc.div
                0x00000000        0x0 c:/program files (x86)/atmel/studio/7.0/toolchain/avr8/avr8-gnu-toolchain/bin/../lib/gcc/avr/5.4.0/avr5\libgcc.a(_copy_data.o)
 .text.libgcc   0x00000000        0x0 c:/program files (x86)/atmel/studio/7.0/toolchain/avr8/avr8-gnu-toolchain/bin/../lib/gcc/avr/5.4.0/avr5\libgcc.a(_copy_data.o)
 .text.libgcc.prologue
                0x00000000        0x0 c:/program files (x86)/atmel/studio/7.0/toolchain/avr8/avr8-gnu-toolchain/bin/../lib/gcc/avr/5.4.0/avr5\libgcc.a(_copy_data.o)
 .text.libgcc.builtins
                0x00000000        0x0 c:/program files (x86)/atmel/studio/7.0/toolchain/avr8/avr8-gnu-toolchain/bin/../lib/gcc/avr/5.4.0/avr5\libgcc.a(_copy_data.o)
 .text.libgcc.fmul
                0x00000000        0x0 c:/program files (x86)/atmel/studio/7.0/toolchain/avr8/avr8-gnu-toolchain/bin/../lib/gcc/avr/5.4.0/avr5\libgcc.a(_copy_data.o)
 .text.libgcc.fixed
                0x00000000        0x0 c:/program files (x86)/atmel/studio/7.0/toolchain/avr8/avr8-gnu-toolchain/bin/../lib/gcc/avr/5.4.0/avr5\libgcc.a(_copy_data.o)
 .text          0x00000000        0x0 c:/program files (x86)/atmel/studio/7.0/toolchain/avr8/avr8-gnu-toolchain/bin/../lib/gcc/avr/5.4.0/avr5\libgcc.a(_clear_bss.o)
 .data          0x00000000        0x0 c:/program files (x86)/atmel/studio/7.0/toolchain/avr8/avr8-gnu-toolchain/bin/../lib/gcc/avr/5.4.0/avr5\libgcc.a(_clear_bss.o)
 .bss           0x00000000        0x0 c:/program files (x86)/atmel/studio/7.0/toolchain/avr8/avr8-gnu-toolchain/bin/../lib/gcc/avr/5.4.0/avr5\libgcc.a(_clear_bss.o)
 .text.libgcc.mul
                0x00000000        0x0 c:/program files (x86)/atmel/studio/7.0/toolchain/avr8/avr8-gnu-toolchain/bin/../lib/gcc/avr/5.4.0/avr5\libgcc.a(_clear_bss.o)
 .text.libgcc.div
                0x00000000        0x0 c:/program files (x86)/atmel/studio/7.0/toolchain/avr8/avr8-gnu-toolchain/bin/../lib/gcc/avr/5.4.0/avr5\libgcc.a(_clear_bss.o)
 .text.libgcc   0x00000000        0x0 c:/program files (x86)/atmel/studio/7.0/toolchain/avr8/avr8-gnu-toolchain/bin/../lib/gcc/avr/5.4.0/avr5\libgcc.a(_clear_bss.o)
 .text.libgcc.prologue
                0x00000000        0x0 c:/program files (x86)/atmel/studio/7.0/toolchain/avr8/avr8-gnu-toolchain/bin/../lib/gcc/avr/5.4.0/avr5\libgcc.a(_clear_bss.o)
 .text.libgcc.builtins
                0x00000000        0x0 c:/program files (x86)/atmel/studio/7.0/toolchain/avr8/avr8-gnu-toolchain/bin/../lib/gcc/avr/5.4.0/avr5\libgcc.a(_clear_bss.o)
 .text.libgcc.fmul
                0x00000000        0x0 c:/program files (x86)/atmel/studio/7.0/toolchain/avr8/avr8-gnu-toolchain/bin/../lib/gcc/avr/5.4.0/avr5\libgcc.a(_clear_bss.o)
 .text.libgcc.fixed
                0x00000000        0x0 c:/program files (x86)/atmel/studio/7.0/toolchain/avr8/avr8-gnu-toolchain/bin/../lib/gcc/avr/5.4.0/avr5\libgcc.a(_clear_bss.o)
 .text          0x00000000        0x0 c:/program files (x86)/atmel/studio/7.0/toolchain/avr8/avr8-gnu-toolchain/bin/../lib/gcc/avr/5.4.0/../../../../avr/lib/avr5\libc.a(strcat.o)
 .data          0x00000000        0x0 c:/program files (x86)/atmel/studio/7.0/toolchain/avr8/avr8-gnu-toolchain/bin/../lib/gcc/avr/5.4.0/../../../../avr/lib/avr5\libc.a(strcat.o)
 .bss           0x00000000        0x0 c:/program files (x86)/atmel/studio/7.0/toolchain/avr8/avr8-gnu-toolchain/bin/../lib/gcc/avr/5.4.0/../../../../avr/lib/avr5\libc.a(strcat.o)
 .text          0x00000000        0x0 c:/program files (x86)/atmel/studio/7.0/toolchain/avr8/avr8-gnu-toolchain/bin/../lib/gcc/avr/5.4.0/../../../../avr/lib/avr5\libc.a(strcmp.o)
 .data          0x00000000        0x0 c:/program files (x86)/atmel/studio/7.0/toolchain/avr8/avr8-gnu-toolchain/bin/../lib/gcc/avr/5.4.0/../../../../avr/lib/avr5\libc.a(strcmp.o)
 .bss           0x00000000        0x0 c:/program files (x86)/atmel/studio/7.0/toolchain/avr8/avr8-gnu-toolchain/bin/../lib/gcc/avr/5.4.0/../../../../avr/lib/avr5\libc.a(strcmp.o)
 .text          0x00000000        0x0 c:/program files (x86)/atmel/studio/7.0/toolchain/avr8/avr8-gnu-toolchain/bin/../lib/gcc/avr/5.4.0/../../../../avr/lib/avr5\libc.a(strcpy.o)
 .data          0x00000000        0x0 c:/program files (x86)/atmel/studio/7.0/toolchain/avr8/avr8-gnu-toolchain/bin/../lib/gcc/avr/5.4.0/../../../../avr/lib/avr5\libc.a(strcpy.o)
 .bss           0x00000000        0x0 c:/program files (x86)/atmel/studio/7.0/toolchain/avr8/avr8-gnu-toolchain/bin/../lib/gcc/avr/5.4.0/../../../../avr/lib/avr5\libc.a(strcpy.o)
 .text          0x00000000        0x0 c:/program files (x86)/atmel/studio/7.0/toolchain/avr8/avr8-gnu-toolchain/bin/../lib/gcc/avr/5.4.0/../../../../avr/lib/avr5\libc.a(sprintf.o)
 .data          0x00000000        0x0 c:/program files (x86)/atmel/studio/7.0/toolchain/avr8/avr8-gnu-toolchain/bin/../lib/gcc/avr/5.4.0/../../../../avr/lib/avr5\libc.a(sprintf.o)
 .bss           0x00000000        0x0 c:/program files (x86)/atmel/studio/7.0/toolchain/avr8/avr8-gnu-toolchain/bin/../lib/gcc/avr/5.4.0/../../../../avr/lib/avr5\libc.a(sprintf.o)
 .text          0x00000000        0x0 c:/program files (x86)/atmel/studio/7.0/toolchain/avr8/avr8-gnu-toolchain/bin/../lib/gcc/avr/5.4.0/../../../../avr/lib/avr5\libc.a(vfprintf_std.o)
 .data          0x00000000        0x0 c:/program files (x86)/atmel/studio/7.0/toolchain/avr8/avr8-gnu-toolchain/bin/../lib/gcc/avr/5.4.0/../../../../avr/lib/avr5\libc.a(vfprintf_std.o)
 .bss           0x00000000        0x0 c:/program files (x86)/atmel/studio/7.0/toolchain/avr8/avr8-gnu-toolchain/bin/../lib/gcc/avr/5.4.0/../../../../avr/lib/avr5\libc.a(vfprintf_std.o)
 .text          0x00000000        0x0 c:/program files (x86)/atmel/studio/7.0/toolchain/avr8/avr8-gnu-toolchain/bin/../lib/gcc/avr/5.4.0/../../../../avr/lib/avr5\libc.a(strnlen_P.o)
 .data          0x00000000        0x0 c:/program files (x86)/atmel/studio/7.0/toolchain/avr8/avr8-gnu-toolchain/bin/../lib/gcc/avr/5.4.0/../../../../avr/lib/avr5\libc.a(strnlen_P.o)
 .bss           0x00000000        0x0 c:/program files (x86)/atmel/studio/7.0/toolchain/avr8/avr8-gnu-toolchain/bin/../lib/gcc/avr/5.4.0/../../../../avr/lib/avr5\libc.a(strnlen_P.o)
 .text          0x00000000        0x0 c:/program files (x86)/atmel/studio/7.0/toolchain/avr8/avr8-gnu-toolchain/bin/../lib/gcc/avr/5.4.0/../../../../avr/lib/avr5\libc.a(strnlen.o)
 .data          0x00000000        0x0 c:/program files (x86)/atmel/studio/7.0/toolchain/avr8/avr8-gnu-toolchain/bin/../lib/gcc/avr/5.4.0/../../../../avr/lib/avr5\libc.a(strnlen.o)
 .bss           0x00000000        0x0 c:/program files (x86)/atmel/studio/7.0/toolchain/avr8/avr8-gnu-toolchain/bin/../lib/gcc/avr/5.4.0/../../../../avr/lib/avr5\libc.a(strnlen.o)
 .text          0x00000000        0x0 c:/program files (x86)/atmel/studio/7.0/toolchain/avr8/avr8-gnu-toolchain/bin/../lib/gcc/avr/5.4.0/../../../../avr/lib/avr5\libc.a(fputc.o)
 .data          0x00000000        0x0 c:/program files (x86)/atmel/studio/7.0/toolchain/avr8/avr8-gnu-toolchain/bin/../lib/gcc/avr/5.4.0/../../../../avr/lib/avr5\libc.a(fputc.o)
 .bss           0x00000000        0x0 c:/program files (x86)/atmel/studio/7.0/toolchain/avr8/avr8-gnu-toolchain/bin/../lib/gcc/avr/5.4.0/../../../../avr/lib/avr5\libc.a(fputc.o)
 .text          0x00000000        0x0 c:/program files (x86)/atmel/studio/7.0/toolchain/avr8/avr8-gnu-toolchain/bin/../lib/gcc/avr/5.4.0/../../../../avr/lib/avr5\libc.a(ultoa_invert.o)
 .data          0x00000000        0x0 c:/program files (x86)/atmel/studio/7.0/toolchain/avr8/avr8-gnu-toolchain/bin/../lib/gcc/avr/5.4.0/../../../../avr/lib/avr5\libc.a(ultoa_invert.o)
 .bss           0x00000000        0x0 c:/program files (x86)/atmel/studio/7.0/toolchain/avr8/avr8-gnu-toolchain/bin/../lib/gcc/avr/5.4.0/../../../../avr/lib/avr5\libc.a(ultoa_invert.o)
 .text          0x00000000        0x0 c:/program files (x86)/atmel/studio/7.0/toolchain/avr8/avr8-gnu-toolchain/bin/../lib/gcc/avr/5.4.0/avr5\libgcc.a(_prologue.o)
 .data          0x00000000        0x0 c:/program files (x86)/atmel/studio/7.0/toolchain/avr8/avr8-gnu-toolchain/bin/../lib/gcc/avr/5.4.0/avr5\libgcc.a(_prologue.o)
 .bss           0x00000000        0x0 c:/program files (x86)/atmel/studio/7.0/toolchain/avr8/avr8-gnu-toolchain/bin/../lib/gcc/avr/5.4.0/avr5\libgcc.a(_prologue.o)
 .text.libgcc.mul
                0x00000000        0x0 c:/program files (x86)/atmel/studio/7.0/toolchain/avr8/avr8-gnu-toolchain/bin/../lib/gcc/avr/5.4.0/avr5\libgcc.a(_prologue.o)
 .text.libgcc.div
                0x00000000        0x0 c:/program files (x86)/atmel/studio/7.0/toolchain/avr8/avr8-gnu-toolchain/bin/../lib/gcc/avr/5.4.0/avr5\libgcc.a(_prologue.o)
 .text.libgcc   0x00000000        0x0 c:/program files (x86)/atmel/studio/7.0/toolchain/avr8/avr8-gnu-toolchain/bin/../lib/gcc/avr/5.4.0/avr5\libgcc.a(_prologue.o)
 .text.libgcc.builtins
                0x00000000        0x0 c:/program files (x86)/atmel/studio/7.0/toolchain/avr8/avr8-gnu-toolchain/bin/../lib/gcc/avr/5.4.0/avr5\libgcc.a(_prologue.o)
 .text.libgcc.fmul
                0x00000000        0x0 c:/program files (x86)/atmel/studio/7.0/toolchain/avr8/avr8-gnu-toolchain/bin/../lib/gcc/avr/5.4.0/avr5\libgcc.a(_prologue.o)
 .text.libgcc.fixed
                0x00000000        0x0 c:/program files (x86)/atmel/studio/7.0/toolchain/avr8/avr8-gnu-toolchain/bin/../lib/gcc/avr/5.4.0/avr5\libgcc.a(_prologue.o)
 .text          0x00000000        0x0 c:/program files (x86)/atmel/studio/7.0/toolchain/avr8/avr8-gnu-toolchain/bin/../lib/gcc/avr/5.4.0/avr5\libgcc.a(_epilogue.o)
 .data          0x00000000        0x0 c:/program files (x86)/atmel/studio/7.0/toolchain/avr8/avr8-gnu-toolchain/bin/../lib/gcc/avr/5.4.0/avr5\libgcc.a(_epilogue.o)
 .bss           0x00000000        0x0 c:/program files (x86)/atmel/studio/7.0/toolchain/avr8/avr8-gnu-toolchain/bin/../lib/gcc/avr/5.4.0/avr5\libgcc.a(_epilogue.o)
 .text.libgcc.mul
                0x00000000        0x0 c:/program files (x86)/atmel/studio/7.0/toolchain/avr8/avr8-gnu-toolchain/bin/../lib/gcc/avr/5.4.0/avr5\libgcc.a(_epilogue.o)
 .text.libgcc.div
                0x00000000        0x0 c:/program files (x86)/atmel/studio/7.0/toolchain/avr8/avr8-gnu-toolchain/bin/../lib/gcc/avr/5.4.0/avr5\libgcc.a(_epilogue.o)
 .text.libgcc   0x00000000        0x0 c:/program files (x86)/atmel/studio/7.0/toolchain/avr8/avr8-gnu-toolchain/bin/../lib/gcc/avr/5.4.0/avr5\libgcc.a(_epilogue.o)
 .text.libgcc.builtins
                0x00000000        0x0 c:/program files (x86)/atmel/studio/7.0/toolchain/avr8/avr8-gnu-toolchain/bin/../lib/gcc/avr/5.4.0/avr5\libgcc.a(_epilogue.o)
 .text.libgcc.fmul
                0x00000000        0x0 c:/program files (x86)/atmel/studio/7.0/toolchain/avr8/avr8-gnu-toolchain/bin/../lib/gcc/avr/5.4.0/avr5\libgcc.a(_epilogue.o)
 .text.libgcc.fixed
                0x00000000        0x0 c:/program files (x86)/atmel/studio/7.0/toolchain/avr8/avr8-gnu-toolchain/bin/../lib/gcc/avr/5.4.0/avr5\libgcc.a(_epilogue.o)

Memory Configuration

Name             Origin             Length             Attributes
text             0x00000000         0x00008000         xr
data             0x00800100         0x00000800         rw !x
eeprom           0x00810000         0x00000400         rw !x
fuse             0x00820000         0x00000003         rw !x
lock             0x00830000         0x00000400         rw !x
signature        0x00840000         0x00000400         rw !x
user_signatures  0x00850000         0x00000400         rw !x
*default*        0x00000000         0xffffffff

Linker script and memory map

Address of section .data set to 0x800100
LOAD C:/Program Files (x86)/Atmel/Studio/7.0/Packs/atmel/ATmega_DFP/1.7.374/gcc/dev/atmega328p/avr5/crtatmega328p.o
LOAD asci.o
LOAD eeprom.o
LOAD i2c.o
LOAD main.o
LOAD menu.o
LOAD menumsg.o
LOAD romdata.o
LOAD Timer.o
LOAD version.o
START GROUP
LOAD c:/program files (x86)/atmel/studio/7.0/toolchain/avr8/avr8-gnu-toolchain/bin/../lib/gcc/avr/5.4.0/../../../../avr/lib/avr5\libm.a
END GROUP
START GROUP
LOAD c:/program files (x86)/atmel/studio/7.0/toolchain/avr8/avr8-gnu-toolchain/bin/../lib/gcc/avr/5.4.0/avr5\libgcc.a
LOAD c:/program files (x86)/atmel/studio/7.0/toolchain/avr8/avr8-gnu-toolchain/bin/../lib/gcc/avr/5.4.0/../../../../avr/lib/avr5\libm.a
LOAD c:/program files (x86)/atmel/studio/7.0/toolchain/avr8/avr8-gnu-toolchain/bin/../lib/gcc/avr/5.4.0/../../../../avr/lib/avr5\libc.a
LOAD C:/Program Files (x86)/Atmel/Studio/7.0/Packs/atmel/ATmega_DFP/1.7.374/gcc/dev/atmega328p/avr5\libatmega328p.a
END GROUP
                0x00000000                __TEXT_REGION_ORIGIN__ = DEFINED (__TEXT_REGION_ORIGIN__)?__TEXT_REGION_ORIGIN__:0x0
                [0x00800100]                __DATA_REGION_ORIGIN__ = DEFINED (__DATA_REGION_ORIGIN__)?__DATA_REGION_ORIGIN__:0x800060
                [0x00008000]                __TEXT_REGION_LENGTH__ = DEFINED (__TEXT_REGION_LENGTH__)?__TEXT_REGION_LENGTH__:0x20000
                [0x00000800]                __DATA_REGION_LENGTH__ = DEFINED (__DATA_REGION_LENGTH__)?__DATA_REGION_LENGTH__:0xffa0
                [0x00000400]                __EEPROM_REGION_LENGTH__ = DEFINED (__EEPROM_REGION_LENGTH__)?__EEPROM_REGION_LENGTH__:0x10000
                [0x00000003]                __FUSE_REGION_LENGTH__ = DEFINED (__FUSE_REGION_LENGTH__)?__FUSE_REGION_LENGTH__:0x400
                0x00000400                __LOCK_REGION_LENGTH__ = DEFINED (__LOCK_REGION_LENGTH__)?__LOCK_REGION_LENGTH__:0x400
                0x00000400                __SIGNATURE_REGION_LENGTH__ = DEFINED (__SIGNATURE_REGION_LENGTH__)?__SIGNATURE_REGION_LENGTH__:0x400
                0x00000400                __USER_SIGNATURE_REGION_LENGTH__ = DEFINED (__USER_SIGNATURE_REGION_LENGTH__)?__USER_SIGNATURE_REGION_LENGTH__:0x400

.hash
 *(.hash)

.dynsym
 *(.dynsym)

.dynstr
 *(.dynstr)

.gnu.version
 *(.gnu.version)

.gnu.version_d
 *(.gnu.version_d)

.gnu.version_r
 *(.gnu.version_r)

.rel.init
 *(.rel.init)

.rela.init
 *(.rela.init)

.rel.text
 *(.rel.text)
 *(.rel.text.*)
 *(.rel.gnu.linkonce.t*)

.rela.text
 *(.rela.text)
 *(.rela.text.*)
 *(.rela.gnu.linkonce.t*)

.rel.fini
 *(.rel.fini)

.rela.fini
 *(.rela.fini)

.rel.rodata
 *(.rel.rodata)
 *(.rel.rodata.*)
 *(.rel.gnu.linkonce.r*)

.rela.rodata
 *(.rela.rodata)
 *(.rela.rodata.*)
 *(.rela.gnu.linkonce.r*)

.rel.data
 *(.rel.data)
 *(.rel.data.*)
 *(.rel.gnu.linkonce.d*)

.rela.data
 *(.rela.data)
 *(.rela.data.*)
 *(.rela.gnu.linkonce.d*)

.rel.ctors
 *(.rel.ctors)

.rela.ctors
 *(.rela.ctors)

.rel.dtors
 *(.rel.dtors)

.rela.dtors
 *(.rela.dtors)

.rel.got
 *(.rel.got)

.rela.got
 *(.rela.got)

.rel.bss
 *(.rel.bss)

.rela.bss
 *(.rela.bss)

.rel.plt
 *(.rel.plt)

.rela.plt
 *(.rela.plt)

.text           0x00000000     0x4d96
 *(.vectors)
 .vectors       0x00000000       0x68 C:/Program Files (x86)/Atmel/Studio/7.0/Packs/atmel/ATmega_DFP/1.7.374/gcc/dev/atmega328p/avr5/crtatmega328p.o
                0x00000000                __vector_default
                0x00000000                __vectors
 *(.vectors)
 *(.progmem.gcc*)
                0x00000068                . = ALIGN (0x2)
                0x00000068                __trampolines_start = .
 *(.trampolines)
 .trampolines   0x00000068        0x0 linker stubs
 *(.trampolines*)
                0x00000068                __trampolines_end = .
 *libprintf_flt.a:*(.progmem.data)
 *libc.a:*(.progmem.data)
 *(.progmem*)
 .progmem.data.ACCESS_CODE
                0x00000068        0x6 menu.o
                0x00000068                ACCESS_CODE
 .progmem.data.PORT_EXPANDER_TEST_MSG
                0x0000006e       0x75 menumsg.o
                0x0000006e                PORT_EXPANDER_TEST_MSG
 .progmem.data.PORT_EXPANDER_DEBUG_MSG
                0x000000e3       0x7f menumsg.o
                0x000000e3                PORT_EXPANDER_DEBUG_MSG
 .progmem.data.DEBUG_MENU_MSG
                0x00000162       0xe6 menumsg.o
                0x00000162                DEBUG_MENU_MSG
 .progmem.data.EEPROM_DEBUG_MSG
                0x00000248       0xd3 menumsg.o
                0x00000248                EEPROM_DEBUG_MSG
 .progmem.data.NUMERIC_CHARS_ONLY_MSG
                0x0000031b       0x46 menumsg.o
                0x0000031b                NUMERIC_CHARS_ONLY_MSG
 .progmem.data.ALPHANUMERIC_CHARS_ONLY_MSG
                0x00000361       0x55 menumsg.o
                0x00000361                ALPHANUMERIC_CHARS_ONLY_MSG
 .progmem.data.EEPROM_READ_ERROR_MSG
                0x000003b6       0x21 menumsg.o
                0x000003b6                EEPROM_READ_ERROR_MSG
 .progmem.data.DATA_RETENTION_BAD_MSG
                0x000003d7       0x22 menumsg.o
                0x000003d7                DATA_RETENTION_BAD_MSG
 .progmem.data.DATA_RETENTION_OK_MSG
                0x000003f9       0x17 menumsg.o
                0x000003f9                DATA_RETENTION_OK_MSG
 .progmem.data.CHECKING_DATA_RETENTION_MSG
                0x00000410       0x39 menumsg.o
                0x00000410                CHECKING_DATA_RETENTION_MSG
 .progmem.data.PCB_ASSY_SN_MSG
                0x00000449       0x10 menumsg.o
                0x00000449                PCB_ASSY_SN_MSG
 .progmem.data.PCB_ASSY_PN_MSG
                0x00000459       0x10 menumsg.o
                0x00000459                PCB_ASSY_PN_MSG
 .progmem.data.PRODUCT_SN_MSG
                0x00000469       0x10 menumsg.o
                0x00000469                PRODUCT_SN_MSG
 .progmem.data.PRODUCT_PN_MSG
                0x00000479       0x10 menumsg.o
                0x00000479                PRODUCT_PN_MSG
 .progmem.data.DATA_NOT_SET_MSG
                0x00000489        0xa menumsg.o
                0x00000489                DATA_NOT_SET_MSG
 .progmem.data.CHECKSUM_MATCH_MSG
                0x00000493       0x3c menumsg.o
                0x00000493                CHECKSUM_MATCH_MSG
 .progmem.data.CHECKSUM_MISMATCH_MSG
                0x000004cf       0x32 menumsg.o
                0x000004cf                CHECKSUM_MISMATCH_MSG
 .progmem.data.CHECK_HEADER_MSG
                0x00000501       0x4f menumsg.o
                0x00000501                CHECK_HEADER_MSG
 .progmem.data.NOT_ENOUGH_WO_NO_IP_CHARS_MSG
                0x00000550       0x4e menumsg.o
                0x00000550                NOT_ENOUGH_WO_NO_IP_CHARS_MSG
 .progmem.data.NO_FINAL_ASSY_REV_SN_IP_CHARS_MSG
                0x0000059e       0x4a menumsg.o
                0x0000059e                NO_FINAL_ASSY_REV_SN_IP_CHARS_MSG
 .progmem.data.NOT_ENOUGH_ASSY_REV_IP_CHARS_MSG
                0x000005e8       0x46 menumsg.o
                0x000005e8                NOT_ENOUGH_ASSY_REV_IP_CHARS_MSG
 .progmem.data.NOT_ENOUGH_ASSY_NO_IP_CHARS_MSG
                0x0000062e       0x46 menumsg.o
                0x0000062e                NOT_ENOUGH_ASSY_NO_IP_CHARS_MSG
 .progmem.data.BD_TEST_FAIL_MSG
                0x00000674       0x6f menumsg.o
                0x00000674                BD_TEST_FAIL_MSG
 .progmem.data.BD_TEST_SUCCESS_MSG
                0x000006e3       0x69 menumsg.o
                0x000006e3                BD_TEST_SUCCESS_MSG
 .progmem.data.PORT_EXPANDER_TEST_FAILED_MSG
                0x0000074c       0x54 menumsg.o
                0x0000074c                PORT_EXPANDER_TEST_FAILED_MSG
 .progmem.data.PROG_SUCCESS_MSG
                0x000007a0       0x31 menumsg.o
                0x000007a0                PROG_SUCCESS_MSG
 .progmem.data.PROG_EEPROM_MSG
                0x000007d1       0x34 menumsg.o
                0x000007d1                PROG_EEPROM_MSG
 .progmem.data.CONNECT_ADAPTER_MSG
                0x00000805       0x61 menumsg.o
                0x00000805                CONNECT_ADAPTER_MSG
 .progmem.data.CONNECT_BD_MSG
                0x00000866       0x85 menumsg.o
                0x00000866                CONNECT_BD_MSG
 .progmem.data.ENTER_NEXT_SN_MSG
                0x000008eb       0x27 menumsg.o
                0x000008eb                ENTER_NEXT_SN_MSG
 .progmem.data.ENTER_SN_MSG
                0x00000912       0x42 menumsg.o
                0x00000912                ENTER_SN_MSG
 .progmem.data.PRESS_X_OR_PROCEED_MSG
                0x00000954       0x2e menumsg.o
                0x00000954                PRESS_X_OR_PROCEED_MSG
 .progmem.data.CHECK_DETAILS_MSG
                0x00000982       0x2f menumsg.o
                0x00000982                CHECK_DETAILS_MSG
 .progmem.data.ENTER_BD_ASSY_REV_MSG
                0x000009b1       0x5f menumsg.o
                0x000009b1                ENTER_BD_ASSY_REV_MSG
 .progmem.data.ENTER_WO_MSG
                0x00000a10       0x5d menumsg.o
                0x00000a10                ENTER_WO_MSG
 .progmem.data.NET_ADAPT_SELECTED_MSG
                0x00000a6d       0x27 menumsg.o
                0x00000a6d                NET_ADAPT_SELECTED_MSG
 .progmem.data.NET_CONN_SELECTED_MSG
                0x00000a94       0x29 menumsg.o
                0x00000a94                NET_CONN_SELECTED_MSG
 .progmem.data.SELECT_BD_MSG
                0x00000abd       0xb7 menumsg.o
                0x00000abd                SELECT_BD_MSG
 .progmem.data.START_MENU_MSG
                0x00000b74       0x70 menumsg.o
                0x00000b74                START_MENU_MSG
 .progmem.data.ASSY_NOT_DETECTED_MSG
                0x00000be4       0x24 menumsg.o
                0x00000be4                ASSY_NOT_DETECTED_MSG
 .progmem.data.BD_TYPE_ADAPTER_MSG
                0x00000c08       0x21 menumsg.o
                0x00000c08                BD_TYPE_ADAPTER_MSG
 .progmem.data.BD_TYPE_EXTENDER_MSG
                0x00000c29       0x22 menumsg.o
                0x00000c29                BD_TYPE_EXTENDER_MSG
 .progmem.data.BD_TYPE_NET_CONN_MSG
                0x00000c4b       0x23 menumsg.o
                0x00000c4b                BD_TYPE_NET_CONN_MSG
 .progmem.data.ASSY_TYPE_NET_MSG
                0x00000c6e       0x1b menumsg.o
                0x00000c6e                ASSY_TYPE_NET_MSG
 .progmem.data.ASSY_TYPE_ADAPTER_MSG
                0x00000c89       0x1f menumsg.o
                0x00000c89                ASSY_TYPE_ADAPTER_MSG
 .progmem.data.ASSY_TYPE_EXTENDER_MSG
                0x00000ca8       0x25 menumsg.o
                0x00000ca8                ASSY_TYPE_EXTENDER_MSG
 .progmem.data.HYPER_ADAPTER_NOT_FITTED_MSG
                0x00000ccd       0x43 menumsg.o
                0x00000ccd                HYPER_ADAPTER_NOT_FITTED_MSG
 .progmem.data.FINAL_ASSY_TEST_FAIL_MSG
                0x00000d10       0xc9 menumsg.o
                0x00000d10                FINAL_ASSY_TEST_FAIL_MSG
 .progmem.data.ASSY_ID_TEST_FAILED_MSG
                0x00000dd9       0x54 menumsg.o
                0x00000dd9                ASSY_ID_TEST_FAILED_MSG
 .progmem.data.CONNECT_LEGACY_ADAPTER_MSG
                0x00000e2d       0x9d menumsg.o
                0x00000e2d                CONNECT_LEGACY_ADAPTER_MSG
 .progmem.data.CONNECT_FINAL_ASSY_TO_JIG_MSG
                0x00000eca       0x39 menumsg.o
                0x00000eca                CONNECT_FINAL_ASSY_TO_JIG_MSG
 .progmem.data.FINAL_ASSY_PROG_FAIL_MSG
                0x00000f03       0xc9 menumsg.o
                0x00000f03                FINAL_ASSY_PROG_FAIL_MSG
 .progmem.data.PROG_SAME_FINAL_ASSY_MSG
                0x00000fcc      0x162 menumsg.o
                0x00000fcc                PROG_SAME_FINAL_ASSY_MSG
 .progmem.data.TEST_SAME_FINAL_ASSY_MSG
                0x0000112e      0x17c menumsg.o
                0x0000112e                TEST_SAME_FINAL_ASSY_MSG
 .progmem.data.NET_ID10_MSG
                0x000012aa       0x32 menumsg.o
                0x000012aa                NET_ID10_MSG
 .progmem.data.NET_ID9_MSG
                0x000012dc       0x31 menumsg.o
                0x000012dc                NET_ID9_MSG
 .progmem.data.NET_ID7_MSG
                0x0000130d       0x30 menumsg.o
                0x0000130d                NET_ID7_MSG
 .progmem.data.NET_ID6_MSG
                0x0000133d       0x31 menumsg.o
                0x0000133d                NET_ID6_MSG
 .progmem.data.NET_ID5_MSG
                0x0000136e       0x31 menumsg.o
                0x0000136e                NET_ID5_MSG
 .progmem.data.NET_ID4_MSG
                0x0000139f       0x30 menumsg.o
                0x0000139f                NET_ID4_MSG
 .progmem.data.NET_ID3_MSG
                0x000013cf       0x30 menumsg.o
                0x000013cf                NET_ID3_MSG
 .progmem.data.NET_ID2_MSG
                0x000013ff       0x28 menumsg.o
                0x000013ff                NET_ID2_MSG
 .progmem.data.NET_ID1_MSG
                0x00001427       0x28 menumsg.o
                0x00001427                NET_ID1_MSG
 .progmem.data.NET_ID0_MSG
                0x0000144f       0x27 menumsg.o
                0x0000144f                NET_ID0_MSG
 .progmem.data.SELECT_NET_ID_MSG
                0x00001476      0x2c7 menumsg.o
                0x00001476                SELECT_NET_ID_MSG
 .progmem.data.ENTER_FINAL_ASSY_SN_MSG
                0x0000173d       0x53 menumsg.o
                0x0000173d                ENTER_FINAL_ASSY_SN_MSG
 .progmem.data.ADAPTER_ASSY_MSG
                0x00001790       0x15 menumsg.o
                0x00001790                ADAPTER_ASSY_MSG
 .progmem.data.EXTENSION_ASSY_MSG
                0x000017a5       0x17 menumsg.o
                0x000017a5                EXTENSION_ASSY_MSG
 .progmem.data.NET_ASSY_MSG
                0x000017bc        0xd menumsg.o
                0x000017bc                NET_ASSY_MSG
 .progmem.data.ENTER_FINAL_ASSY_REV_MSG
                0x000017c9       0x3d menumsg.o
                0x000017c9                ENTER_FINAL_ASSY_REV_MSG
 .progmem.data.ENTER_FINAL_ASSY_NO_MSG
                0x00001806       0x3a menumsg.o
                0x00001806                ENTER_FINAL_ASSY_NO_MSG
 .progmem.data.INVALID_ENTRY_MSG
                0x00001840       0x26 menumsg.o
                0x00001840                INVALID_ENTRY_MSG
 .progmem.data.FSTART_MENU_MSG
                0x00001866       0x99 menumsg.o
                0x00001866                FSTART_MENU_MSG
 .progmem.data.STORED_DETAILS_MSG
                0x000018ff       0x36 menumsg.o
                0x000018ff                STORED_DETAILS_MSG
 .progmem.data.NET_ADAPT_PCB_MSG
                0x00001935       0x10 menumsg.o
                0x00001935                NET_ADAPT_PCB_MSG
 .progmem.data.NET_CONN_PCB_MSG
                0x00001945       0x12 menumsg.o
                0x00001945                NET_CONN_PCB_MSG
 .progmem.data.CMD_NOT_IMPLEMENTED_MSG
                0x00001957       0x1b menumsg.o
                0x00001957                CMD_NOT_IMPLEMENTED_MSG
 .progmem.data.BD_TEST_JIG_MSG
                0x00001972       0x2e menumsg.o
                0x00001972                BD_TEST_JIG_MSG
 .progmem.data.INVALID_JIG_ID_MSG
                0x000019a0       0x2a menumsg.o
                0x000019a0                INVALID_JIG_ID_MSG
 .progmem.data.FINAL_TEST_JIG_MSG
                0x000019ca       0x2d menumsg.o
                0x000019ca                FINAL_TEST_JIG_MSG
 .progmem.data.COPYRIGHT_MSG
                0x000019f7       0xd0 menumsg.o
                0x000019f7                COPYRIGHT_MSG
 .progmem.data.NEWPAGE_MSG
                0x00001ac7       0x11 menumsg.o
                0x00001ac7                NEWPAGE_MSG
 .progmem.data.NEWLINE_MSG
                0x00001ad8        0x3 menumsg.o
                0x00001ad8                NEWLINE_MSG
 .progmem.data.FW_PN
                0x00001adb       0x18 version.o
                0x00001af4                . = ALIGN (0x2)
 *fill*         0x00001af3        0x1 
 *(.jumptables)
 *(.jumptables*)
 *(.lowtext)
 *(.lowtext*)
                0x00001af4                __ctors_start = .
 *(.ctors)
                0x00001af4                __ctors_end = .
                0x00001af4                __dtors_start = .
 *(.dtors)
                0x00001af4                __dtors_end = .
 SORT(*)(.ctors)
 SORT(*)(.dtors)
 *(.init0)
 .init0         0x00001af4        0x0 C:/Program Files (x86)/Atmel/Studio/7.0/Packs/atmel/ATmega_DFP/1.7.374/gcc/dev/atmega328p/avr5/crtatmega328p.o
                0x00001af4                __init
 *(.init0)
 *(.init1)
 *(.init1)
 *(.init2)
 .init2         0x00001af4        0xc C:/Program Files (x86)/Atmel/Studio/7.0/Packs/atmel/ATmega_DFP/1.7.374/gcc/dev/atmega328p/avr5/crtatmega328p.o
 *(.init2)
 *(.init3)
 *(.init3)
 *(.init4)
 .init4         0x00001b00       0x16 c:/program files (x86)/atmel/studio/7.0/toolchain/avr8/avr8-gnu-toolchain/bin/../lib/gcc/avr/5.4.0/avr5\libgcc.a(_copy_data.o)
                0x00001b00                __do_copy_data
 .init4         0x00001b16       0x10 c:/program files (x86)/atmel/studio/7.0/toolchain/avr8/avr8-gnu-toolchain/bin/../lib/gcc/avr/5.4.0/avr5\libgcc.a(_clear_bss.o)
                0x00001b16                __do_clear_bss
 *(.init4)
 *(.init5)
 *(.init5)
 *(.init6)
 *(.init6)
 *(.init7)
 *(.init7)
 *(.init8)
 *(.init8)
 *(.init9)
 .init9         0x00001b26        0x8 C:/Program Files (x86)/Atmel/Studio/7.0/Packs/atmel/ATmega_DFP/1.7.374/gcc/dev/atmega328p/avr5/crtatmega328p.o
 *(.init9)
 *(.text)
 .text          0x00001b2e        0x4 C:/Program Files (x86)/Atmel/Studio/7.0/Packs/atmel/ATmega_DFP/1.7.374/gcc/dev/atmega328p/avr5/crtatmega328p.o
                0x00001b2e                __vector_22
                0x00001b2e                __vector_1
                0x00001b2e                __vector_24
                0x00001b2e                __vector_12
                0x00001b2e                __bad_interrupt
                0x00001b2e                __vector_6
                0x00001b2e                __vector_3
                0x00001b2e                __vector_23
                0x00001b2e                __vector_25
                0x00001b2e                __vector_13
                0x00001b2e                __vector_17
                0x00001b2e                __vector_7
                0x00001b2e                __vector_5
                0x00001b2e                __vector_4
                0x00001b2e                __vector_9
                0x00001b2e                __vector_2
                0x00001b2e                __vector_21
                0x00001b2e                __vector_15
                0x00001b2e                __vector_8
                0x00001b2e                __vector_14
                0x00001b2e                __vector_10
                0x00001b2e                __vector_16
                0x00001b2e                __vector_20
                0x00001b32                . = ALIGN (0x2)
 *(.text.*)
 .text.ASC_Init_asci
                0x00001b32       0x28 asci.o
                0x00001b32                ASC_Init_asci
 .text.__vector_19
                0x00001b5a       0x5e asci.o
                0x00001b5a                __vector_19
 .text.ASC_Get_asci_tx_space
                0x00001bb8       0x22 asci.o
                0x00001bb8                ASC_Get_asci_tx_space
 .text.ASC_Asci_tx
                0x00001bda       0x82 asci.o
                0x00001bda                ASC_Asci_tx
 .text.ASC_Asci_msg
                0x00001c5c       0x2a asci.o
                0x00001c5c                ASC_Asci_msg
 .text.ASC_err  0x00001c86       0x4a asci.o
 .text.ASC_Asci_tx_empty
                0x00001cd0       0x10 asci.o
                0x00001cd0                ASC_Asci_tx_empty
 .text.__vector_18
                0x00001ce0       0x86 asci.o
                0x00001ce0                __vector_18
 .text.ASC_Asci_getchar
                0x00001d66       0x3a asci.o
                0x00001d66                ASC_Asci_getchar
 .text.ASC_Kbhit
                0x00001da0       0x28 asci.o
                0x00001da0                ASC_Kbhit
 .text.EE_Eeprom_read
                0x00001dc8       0xb8 eeprom.o
                0x00001dc8                EE_Eeprom_read
 .text.EE_Eeprom_write
                0x00001e80       0xe0 eeprom.o
                0x00001e80                EE_Eeprom_write
 .text.EE_Eeprom_fill
                0x00001f60      0x11a eeprom.o
                0x00001f60                EE_Eeprom_fill
 .text.Eeprom_hex_dump
                0x0000207a      0x11e eeprom.o
                0x0000207a                Eeprom_hex_dump
 .text.EE_Get_stored_checksum
                0x00002198       0x34 eeprom.o
                0x00002198                EE_Get_stored_checksum
 .text.EE_Calc_stored_checksum
                0x000021cc       0xaa eeprom.o
                0x000021cc                EE_Calc_stored_checksum
 .text.EE_Store_checksum
                0x00002276       0x2e eeprom.o
                0x00002276                EE_Store_checksum
 .text.I2C_WaitForComplete
                0x000022a4       0x26 i2c.o
 .text.I2C_Init
                0x000022ca       0x12 i2c.o
                0x000022ca                I2C_Init
 .text.I2C_Write
                0x000022dc       0x68 i2c.o
                0x000022dc                I2C_Write
 .text.I2C_Read
                0x00002344       0x98 i2c.o
                0x00002344                I2C_Read
 .text.I2C_ping_addr
                0x000023dc       0x3e i2c.o
                0x000023dc                I2C_ping_addr
 .text.MAI_Set_power
                0x0000241a        0xc main.o
                0x0000241a                MAI_Set_power
 .text.InitIO   0x00002426       0x2e main.o
                0x00002426                InitIO
 .text.startup.main
                0x00002454       0x1a main.o
                0x00002454                main
 .text.MAI_Set_header_cntrl
                0x0000246e       0x1a main.o
                0x0000246e                MAI_Set_header_cntrl
 .text.MAI_Get_jig_id
                0x00002488       0x38 main.o
                0x00002488                MAI_Get_jig_id
 .text.MAI_Set_port_expander_code
                0x000024c0       0x12 main.o
                0x000024c0                MAI_Set_port_expander_code
 .text.MAI_Check_adapter_fitted
                0x000024d2        0xe main.o
                0x000024d2                MAI_Check_adapter_fitted
 .text.Check_alpha_char
                0x000024e0       0x22 menu.o
 .text.Get_stored_alpha_string
                0x00002502       0x64 menu.o
 .text.Prog_debug_details
                0x00002566       0x94 menu.o
 .text.Test_msg_func
                0x000025fa       0x82 menu.o
 .text.Get_stored_digit_string
                0x0000267c       0x50 menu.o
 .text.MEN_bkproc
                0x000026cc       0x10 menu.o
                0x000026cc                MEN_bkproc
 .text.MEN_Rom_msg
                0x000026dc       0x46 menu.o
                0x000026dc                MEN_Rom_msg
 .text.MEN_Init
                0x00002722       0x8a menu.o
                0x00002722                MEN_Init
 .text.Display_assy_details
                0x000027ac       0xba menu.o
 .text.Port_expander_test
                0x00002866      0x16a menu.o
 .text.Cmd_check
                0x000029d0       0x44 menu.o
 .text.Port_expander_debug_menu
                0x00002a14      0x13e menu.o
 .text.Get_secret_access_code
                0x00002b52       0x70 menu.o
 .text.Debug_menu
                0x00002bc2      0x152 menu.o
 .text.Select_bd_menu
                0x00002d14       0xce menu.o
 .text.Get_wo_no
                0x00002de2      0x100 menu.o
 .text.Get_assy_rev_no
                0x00002ee2       0xe6 menu.o
 .text.Bd_test_start_menu
                0x00002fc8       0x82 menu.o
 .text.Connect_bd_menu
                0x0000304a       0x66 menu.o
 .text.Wait_for_x_or_enter
                0x000030b0       0x54 menu.o
 .text.Display_formatted_assy_info
                0x00003104      0x2a6 menu.o
 .text.Start_menu
                0x000033aa      0x1b2 menu.o
 .text.Eeprom_debug_menu
                0x0000355c      0x2c0 menu.o
 .text.Get_serial_no
                0x0000381c      0x138 menu.o
 .text.Start_eeprom_prog
                0x00003954      0x2e2 menu.o
 .text.Fstart_menu
                0x00003c36      0x1c2 menu.o
 .text.Get_final_assy_no
                0x00003df8       0xd4 menu.o
 .text.Final_test_start_menu
                0x00003ecc       0x82 menu.o
 .text.Prog_final_assy_details
                0x00003f4e      0x258 menu.o
 .text.Display_final_assy_details
                0x000041a6      0x112 menu.o
 .text.Get_final_assy_rev_no
                0x000042b8      0x11a menu.o
 .text.Net_id_menu
                0x000043d2       0x6a menu.o
 .text.Get_final_assy_sn
                0x0000443c      0x104 menu.o
 .text.Prog_same_final_assy_menu
                0x00004540       0x94 menu.o
 .text.Retry_prog_final_assy_menu
                0x000045d4       0x78 menu.o
 .text.ROM_Read_romdata
                0x0000464c       0x24 romdata.o
                0x0000464c                ROM_Read_romdata
 .text.ROM_Romstrlen
                0x00004670       0x18 romdata.o
                0x00004670                ROM_Romstrlen
 .text.ROM_Read_romstr
                0x00004688       0x1a romdata.o
                0x00004688                ROM_Read_romstr
 .text.TIM_Init_timer
                0x000046a2       0x16 Timer.o
                0x000046a2                TIM_Init_timer
 .text.TIM_Set_delay
                0x000046b8       0x3e Timer.o
                0x000046b8                TIM_Set_delay
 .text.TIM_Get_delay_flag
                0x000046f6       0x10 Timer.o
                0x000046f6                TIM_Get_delay_flag
 .text.TIM_Wait
                0x00004706        0xe Timer.o
                0x00004706                TIM_Wait
 .text.__vector_11
                0x00004714       0x6e Timer.o
                0x00004714                __vector_11
 .text.VER_Get_sw_pn
                0x00004782        0x6 version.o
                0x00004782                VER_Get_sw_pn
 .text.avr-libc
                0x00004788       0x16 c:/program files (x86)/atmel/studio/7.0/toolchain/avr8/avr8-gnu-toolchain/bin/../lib/gcc/avr/5.4.0/../../../../avr/lib/avr5\libc.a(strcat.o)
                0x00004788                strcat
 .text.avr-libc
                0x0000479e       0x12 c:/program files (x86)/atmel/studio/7.0/toolchain/avr8/avr8-gnu-toolchain/bin/../lib/gcc/avr/5.4.0/../../../../avr/lib/avr5\libc.a(strcmp.o)
                0x0000479e                strcmp
 .text.avr-libc
                0x000047b0        0xe c:/program files (x86)/atmel/studio/7.0/toolchain/avr8/avr8-gnu-toolchain/bin/../lib/gcc/avr/5.4.0/../../../../avr/lib/avr5\libc.a(strcpy.o)
                0x000047b0                strcpy
 .text.avr-libc
                0x000047be       0x44 c:/program files (x86)/atmel/studio/7.0/toolchain/avr8/avr8-gnu-toolchain/bin/../lib/gcc/avr/5.4.0/../../../../avr/lib/avr5\libc.a(sprintf.o)
                0x000047be                sprintf
 .text.avr-libc
                0x00004802      0x3c2 c:/program files (x86)/atmel/studio/7.0/toolchain/avr8/avr8-gnu-toolchain/bin/../lib/gcc/avr/5.4.0/../../../../avr/lib/avr5\libc.a(vfprintf_std.o)
                0x00004802                vfprintf
 .text.avr-libc
                0x00004bc4       0x16 c:/program files (x86)/atmel/studio/7.0/toolchain/avr8/avr8-gnu-toolchain/bin/../lib/gcc/avr/5.4.0/../../../../avr/lib/avr5\libc.a(strnlen_P.o)
                0x00004bc4                strnlen_P
 .text.avr-libc
                0x00004bda       0x16 c:/program files (x86)/atmel/studio/7.0/toolchain/avr8/avr8-gnu-toolchain/bin/../lib/gcc/avr/5.4.0/../../../../avr/lib/avr5\libc.a(strnlen.o)
                0x00004bda                strnlen
 .text.avr-libc
                0x00004bf0       0x78 c:/program files (x86)/atmel/studio/7.0/toolchain/avr8/avr8-gnu-toolchain/bin/../lib/gcc/avr/5.4.0/../../../../avr/lib/avr5\libc.a(fputc.o)
                0x00004bf0                fputc
 .text.avr-libc
                0x00004c68       0xbc c:/program files (x86)/atmel/studio/7.0/toolchain/avr8/avr8-gnu-toolchain/bin/../lib/gcc/avr/5.4.0/../../../../avr/lib/avr5\libc.a(ultoa_invert.o)
                0x00004c68                __ultoa_invert
 .text.libgcc.prologue
                0x00004d24       0x38 c:/program files (x86)/atmel/studio/7.0/toolchain/avr8/avr8-gnu-toolchain/bin/../lib/gcc/avr/5.4.0/avr5\libgcc.a(_prologue.o)
                0x00004d24                __prologue_saves__
 .text.libgcc.prologue
                0x00004d5c       0x36 c:/program files (x86)/atmel/studio/7.0/toolchain/avr8/avr8-gnu-toolchain/bin/../lib/gcc/avr/5.4.0/avr5\libgcc.a(_epilogue.o)
                0x00004d5c                __epilogue_restores__
                0x00004d92                . = ALIGN (0x2)
 *(.fini9)
 .fini9         0x00004d92        0x0 c:/program files (x86)/atmel/studio/7.0/toolchain/avr8/avr8-gnu-toolchain/bin/../lib/gcc/avr/5.4.0/avr5\libgcc.a(_exit.o)
                0x00004d92                _exit
                0x00004d92                exit
 *(.fini9)
 *(.fini8)
 *(.fini8)
 *(.fini7)
 *(.fini7)
 *(.fini6)
 *(.fini6)
 *(.fini5)
 *(.fini5)
 *(.fini4)
 *(.fini4)
 *(.fini3)
 *(.fini3)
 *(.fini2)
 *(.fini2)
 *(.fini1)
 *(.fini1)
 *(.fini0)
 .fini0         0x00004d92        0x4 c:/program files (x86)/atmel/studio/7.0/toolchain/avr8/avr8-gnu-toolchain/bin/../lib/gcc/avr/5.4.0/avr5\libgcc.a(_exit.o)
 *(.fini0)
                0x00004d96                _etext = .

.data           0x00800100      0x3ba load address 0x00004d96
                0x00800100                PROVIDE (__data_start, .)
 *(.data)
 *(.data*)
 .data.error_msgs
                0x00800100        0x8 asci.o
                0x00800100                error_msgs
 .data.chan_count_list
                0x00800108        0xb menu.o
 *(.gnu.linkonce.d*)
 *(.rodata)
 *(.rodata*)
 .rodata.str1.1
                0x00800113       0x7e asci.o
 .rodata.str1.1
                0x00800191       0x84 eeprom.o
                                 0x87 (size before relaxing)
 .rodata.str1.1
                0x00800215      0x285 menu.o
                                0x2a8 (size before relaxing)
 .rodata.pe_codes
                0x0080049a        0xa menu.o
 .rodata.net_id_list
                0x008004a4       0x16 menu.o
 *(.gnu.linkonce.r*)
                0x008004ba                . = ALIGN (0x2)
                0x008004ba                _edata = .
                0x008004ba                PROVIDE (__data_end, .)

.bss            0x008004ba      0x218
                0x008004ba                PROVIDE (__bss_start, .)
 *(.bss)
 *(.bss*)
 .bss.rx_buf    0x008004ba        0xa asci.o
 .bss.tx_buf    0x008004c4       0xb4 asci.o
 .bss.tx_op_pos
                0x00800578        0x1 asci.o
 .bss.tx_ip_pos
                0x00800579        0x1 asci.o
 .bss.rx_op_pos
                0x0080057a        0x1 asci.o
 .bss.rx_ip_pos
                0x0080057b        0x1 asci.o
 .bss.pe_pause  0x0080057c        0x1 menu.o
 .bss.pe_count  0x0080057d        0x1 menu.o
 .bss.pe_code   0x0080057e        0x1 menu.o
 .bss.cur_menu_msg
                0x0080057f        0x2 menu.o
 .bss.extender_flag
                0x00800581        0x1 menu.o
 .bss.net_id    0x00800582        0x1 menu.o
 .bss.final_assy_name
                0x00800583        0x2 menu.o
 .bss.final_assy_type
                0x00800585        0x1 menu.o
 .bss.bd_id     0x00800586        0x1 menu.o
 .bss.debug_flag
                0x00800587        0x1 menu.o
 .bss.adapter_flag
                0x00800588        0x1 menu.o
 .bss.cur_calc_checksum
                0x00800589        0x2 menu.o
 .bss.last_i2C_addr
                0x0080058b        0x1 menu.o
 .bss.cur_i2C_addr
                0x0080058c        0x1 menu.o
 .bss.formatted_assy_no_string
                0x0080058d        0xd menu.o
 .bss.final_assy_rev_str
                0x0080059a        0x4 menu.o
 .bss.final_assy_no_str
                0x0080059e        0x5 menu.o
 .bss.final_assy_serial_no_str
                0x008005a3        0xd menu.o
 .bss.bd_serial_no_str
                0x008005b0        0x4 menu.o
 .bss.assy_rev_str
                0x008005b4        0x4 menu.o
 .bss.assy_no_str
                0x008005b8        0x5 menu.o
 .bss.wo_no_str
                0x008005bd        0xc menu.o
 .bss.user_ip_max_chars
                0x008005c9        0x1 menu.o
 .bss.user_ip_buf_ix
                0x008005ca        0x1 menu.o
 .bss.user_ip_buf
                0x008005cb       0x15 menu.o
 .bss.MEN_MSG_PTR
                0x008005e0        0x2 menu.o
 .bss.next_cmd_func
                0x008005e2        0x2 menu.o
 .bss.cmd_bk_func
                0x008005e4        0x2 menu.o
 .bss.delay_flag
                0x008005e6        0x1 Timer.o
 .bss.delay_cnt
                0x008005e7        0x2 Timer.o
 .bss.set_delay
                0x008005e9        0x2 Timer.o
 *(COMMON)
 COMMON         0x008005eb       0x32 main.o
                0x008005eb                tmpstr
 COMMON         0x0080061d       0xb5 romdata.o
                0x0080061d                rambuf
                0x008006d2                PROVIDE (__bss_end, .)
                0x00004d96                __data_load_start = LOADADDR (.data)
                0x00005150                __data_load_end = (__data_load_start + SIZEOF (.data))

.noinit         0x008006d2        0x0
                [!provide]                PROVIDE (__noinit_start, .)
 *(.noinit*)
                [!provide]                PROVIDE (__noinit_end, .)
                0x008006d2                _end = .
                [!provide]                PROVIDE (__heap_start, .)

.eeprom         0x00810000        0x0
 *(.eeprom*)
                0x00810000                __eeprom_end = .

.fuse
 *(.fuse)
 *(.lfuse)
 *(.hfuse)
 *(.efuse)

.lock
 *(.lock*)

.signature
 *(.signature*)

.user_signatures
 *(.user_signatures*)

.stab
 *(.stab)

.stabstr
 *(.stabstr)

.stab.excl
 *(.stab.excl)

.stab.exclstr
 *(.stab.exclstr)

.stab.index
 *(.stab.index)

.stab.indexstr
 *(.stab.indexstr)

.comment        0x00000000       0x5c
 *(.comment)
 .comment       0x00000000       0x30 asci.o
                                 0x31 (size before relaxing)
 .comment       0x00000030       0x31 eeprom.o
 .comment       0x00000030       0x31 i2c.o
 .comment       0x00000030       0x31 main.o
 .comment       0x00000030       0x31 menu.o
 .comment       0x00000030       0x31 menumsg.o
 .comment       0x00000030       0x31 romdata.o
 .comment       0x00000030       0x31 Timer.o
 .comment       0x00000030       0x31 version.o
 .comment       0x00000030       0x31 c:/program files (x86)/atmel/studio/7.0/toolchain/avr8/avr8-gnu-toolchain/bin/../lib/gcc/avr/5.4.0/../../../../avr/lib/avr5\libc.a(sprintf.o)
 .comment       0x00000030       0x2c c:/program files (x86)/atmel/studio/7.0/toolchain/avr8/avr8-gnu-toolchain/bin/../lib/gcc/avr/5.4.0/../../../../avr/lib/avr5\libc.a(vfprintf_std.o)
                                 0x2d (size before relaxing)
 .comment       0x0000005c       0x31 c:/program files (x86)/atmel/studio/7.0/toolchain/avr8/avr8-gnu-toolchain/bin/../lib/gcc/avr/5.4.0/../../../../avr/lib/avr5\libc.a(fputc.o)

.note.gnu.avr.deviceinfo
                0x00000000       0x40
 .note.gnu.avr.deviceinfo
                0x00000000       0x40 C:/Program Files (x86)/Atmel/Studio/7.0/Packs/atmel/ATmega_DFP/1.7.374/gcc/dev/atmega328p/avr5/crtatmega328p.o

.note.gnu.build-id
 *(.note.gnu.build-id)

.debug
 *(.debug)

.line
 *(.line)

.debug_srcinfo
 *(.debug_srcinfo)

.debug_sfnames
 *(.debug_sfnames)

.debug_aranges
 *(.debug_aranges)

.debug_pubnames
 *(.debug_pubnames)

.debug_info     0x00000000      0x5f4
 *(.debug_info .gnu.linkonce.wi.*)
 .debug_info    0x00000000      0x5f4 C:/Program Files (x86)/Atmel/Studio/7.0/Packs/atmel/ATmega_DFP/1.7.374/gcc/dev/atmega328p/avr5/crtatmega328p.o

.debug_abbrev   0x00000000      0x5a2
 *(.debug_abbrev)
 .debug_abbrev  0x00000000      0x5a2 C:/Program Files (x86)/Atmel/Studio/7.0/Packs/atmel/ATmega_DFP/1.7.374/gcc/dev/atmega328p/avr5/crtatmega328p.o

.debug_line     0x00000000      0x134
 *(.debug_line .debug_line.* .debug_line_end)
 .debug_line    0x00000000      0x134 C:/Program Files (x86)/Atmel/Studio/7.0/Packs/atmel/ATmega_DFP/1.7.374/gcc/dev/atmega328p/avr5/crtatmega328p.o

.debug_frame
 *(.debug_frame)

.debug_str      0x00000000      0x208
 *(.debug_str)
 .debug_str     0x00000000      0x208 C:/Program Files (x86)/Atmel/Studio/7.0/Packs/atmel/ATmega_DFP/1.7.374/gcc/dev/atmega328p/avr5/crtatmega328p.o

.debug_loc
 *(.debug_loc)

.debug_macinfo
 *(.debug_macinfo)

.debug_weaknames
 *(.debug_weaknames)

.debug_funcnames
 *(.debug_funcnames)

.debug_typenames
 *(.debug_typenames)

.debug_varnames
 *(.debug_varnames)

.debug_pubtypes
 *(.debug_pubtypes)

.debug_ranges
 *(.debug_ranges)

.debug_macro
 *(.debug_macro)
OUTPUT(TJ000006_SW.elf elf32-avr)
LOAD linker stubs
