Archive member included to satisfy reference by file (symbol)

c:/program files (x86)/atmel/studio/7.0/toolchain/avr8/avr8-gnu-toolchain/bin/../lib/gcc/avr/5.4.0/avr5\libgcc.a(_exit.o)
                              C:/Program Files (x86)/Atmel/Studio/7.0/Packs/atmel/ATmega_DFP/1.7.374/gcc/dev/atmega328p/avr5/crtatmega328p.o (exit)
c:/program files (x86)/atmel/studio/7.0/toolchain/avr8/avr8-gnu-toolchain/bin/../lib/gcc/avr/5.4.0/avr5\libgcc.a(_copy_data.o)
                              asci.o (__do_copy_data)
c:/program files (x86)/atmel/studio/7.0/toolchain/avr8/avr8-gnu-toolchain/bin/../lib/gcc/avr/5.4.0/avr5\libgcc.a(_clear_bss.o)
                              asci.o (__do_clear_bss)
c:/program files (x86)/atmel/studio/7.0/toolchain/avr8/avr8-gnu-toolchain/bin/../lib/gcc/avr/5.4.0/../../../../avr/lib/avr5\libc.a(strcat.o)
                              menu.o (strcat)
c:/program files (x86)/atmel/studio/7.0/toolchain/avr8/avr8-gnu-toolchain/bin/../lib/gcc/avr/5.4.0/../../../../avr/lib/avr5\libc.a(strcmp.o)
                              menu.o (strcmp)
c:/program files (x86)/atmel/studio/7.0/toolchain/avr8/avr8-gnu-toolchain/bin/../lib/gcc/avr/5.4.0/../../../../avr/lib/avr5\libc.a(strcpy.o)
                              menu.o (strcpy)
c:/program files (x86)/atmel/studio/7.0/toolchain/avr8/avr8-gnu-toolchain/bin/../lib/gcc/avr/5.4.0/../../../../avr/lib/avr5\libc.a(sprintf.o)
                              asci.o (sprintf)
c:/program files (x86)/atmel/studio/7.0/toolchain/avr8/avr8-gnu-toolchain/bin/../lib/gcc/avr/5.4.0/../../../../avr/lib/avr5\libc.a(vfprintf_std.o)
                              c:/program files (x86)/atmel/studio/7.0/toolchain/avr8/avr8-gnu-toolchain/bin/../lib/gcc/avr/5.4.0/../../../../avr/lib/avr5\libc.a(sprintf.o) (vfprintf)
c:/program files (x86)/atmel/studio/7.0/toolchain/avr8/avr8-gnu-toolchain/bin/../lib/gcc/avr/5.4.0/../../../../avr/lib/avr5\libc.a(strnlen_P.o)
                              c:/program files (x86)/atmel/studio/7.0/toolchain/avr8/avr8-gnu-toolchain/bin/../lib/gcc/avr/5.4.0/../../../../avr/lib/avr5\libc.a(vfprintf_std.o) (strnlen_P)
c:/program files (x86)/atmel/studio/7.0/toolchain/avr8/avr8-gnu-toolchain/bin/../lib/gcc/avr/5.4.0/../../../../avr/lib/avr5\libc.a(strnlen.o)
                              c:/program files (x86)/atmel/studio/7.0/toolchain/avr8/avr8-gnu-toolchain/bin/../lib/gcc/avr/5.4.0/../../../../avr/lib/avr5\libc.a(vfprintf_std.o) (strnlen)
c:/program files (x86)/atmel/studio/7.0/toolchain/avr8/avr8-gnu-toolchain/bin/../lib/gcc/avr/5.4.0/../../../../avr/lib/avr5\libc.a(fputc.o)
                              c:/program files (x86)/atmel/studio/7.0/toolchain/avr8/avr8-gnu-toolchain/bin/../lib/gcc/avr/5.4.0/../../../../avr/lib/avr5\libc.a(vfprintf_std.o) (fputc)
c:/program files (x86)/atmel/studio/7.0/toolchain/avr8/avr8-gnu-toolchain/bin/../lib/gcc/avr/5.4.0/../../../../avr/lib/avr5\libc.a(ultoa_invert.o)
                              c:/program files (x86)/atmel/studio/7.0/toolchain/avr8/avr8-gnu-toolchain/bin/../lib/gcc/avr/5.4.0/../../../../avr/lib/avr5\libc.a(vfprintf_std.o) (__ultoa_invert)
c:/program files (x86)/atmel/studio/7.0/toolchain/avr8/avr8-gnu-toolchain/bin/../lib/gcc/avr/5.4.0/avr5\libgcc.a(_prologue.o)
                              c:/program files (x86)/atmel/studio/7.0/toolchain/avr8/avr8-gnu-toolchain/bin/../lib/gcc/avr/5.4.0/../../../../avr/lib/avr5\libc.a(sprintf.o) (__prologue_saves__)
c:/program files (x86)/atmel/studio/7.0/toolchain/avr8/avr8-gnu-toolchain/bin/../lib/gcc/avr/5.4.0/avr5\libgcc.a(_epilogue.o)
                              c:/program files (x86)/atmel/studio/7.0/toolchain/avr8/avr8-gnu-toolchain/bin/../lib/gcc/avr/5.4.0/../../../../avr/lib/avr5\libc.a(sprintf.o) (__epilogue_restores__)

Allocating common symbols
Common symbol       size              file

tmpstr              0x32              main.o
rambuf              0xb5              romdata.o

Discarded input sections

 .data          0x00000000        0x0 C:/Program Files (x86)/Atmel/Studio/7.0/Packs/atmel/ATmega_DFP/1.7.374/gcc/dev/atmega328p/avr5/crtatmega328p.o
 .bss           0x00000000        0x0 C:/Program Files (x86)/Atmel/Studio/7.0/Packs/atmel/ATmega_DFP/1.7.374/gcc/dev/atmega328p/avr5/crtatmega328p.o
 .text          0x00000000        0x0 asci.o
 .data          0x00000000        0x0 asci.o
 .bss           0x00000000        0x0 asci.o
 .text.ASC_Shutdown_asci
                0x00000000        0x6 asci.o
 .text.ASC_Pause
                0x00000000       0x16 asci.o
 .progmem.data.pause_msg
                0x00000000       0x26 asci.o
 .text          0x00000000        0x0 CFile1.o
 .data          0x00000000        0x0 CFile1.o
 .bss           0x00000000        0x0 CFile1.o
 .comment       0x00000000       0x31 CFile1.o
 .text          0x00000000        0x0 i2c.o
 .data          0x00000000        0x0 i2c.o
 .bss           0x00000000        0x0 i2c.o
 .text.I2C_Shutdown
                0x00000000       0x10 i2c.o
 .text          0x00000000        0x0 main.o
 .data          0x00000000        0x0 main.o
 .bss           0x00000000        0x0 main.o
 .text.MAI_Get_but
                0x00000000        0x6 main.o
 .text.MAI_Set_but
                0x00000000        0x6 main.o
 .bss.but       0x00000000        0x1 main.o
 .text          0x00000000        0x0 menu.o
 .data          0x00000000        0x0 menu.o
 .bss           0x00000000        0x0 menu.o
 .text.MEN_Shutdown
                0x00000000        0xa menu.o
 .text.MEN_Set_cmd_bk_func
                0x00000000       0x1e menu.o
 .progmem.data.MAX_USER_IP_LEN_EXEEDED_MSG
                0x00000000       0x38 menu.o
 .progmem.data.ENTER_BD_ASSY_NO_MSG
                0x00000000       0x56 menu.o
 .progmem.data.NET_ID8_MSG
                0x00000000       0x30 menu.o
 .progmem.data.DOT_MSG
                0x00000000        0x2 menu.o
 .text          0x00000000        0x0 romdata.o
 .data          0x00000000        0x0 romdata.o
 .bss           0x00000000        0x0 romdata.o
 .text.ROM_Read_byte
                0x00000000        0x6 romdata.o
 .text.ROM_Read_word
                0x00000000        0x8 romdata.o
 .text          0x00000000        0x0 Timer.o
 .data          0x00000000        0x0 Timer.o
 .bss           0x00000000        0x0 Timer.o
 .text          0x00000000        0x0 version.o
 .data          0x00000000        0x0 version.o
 .bss           0x00000000        0x0 version.o
 .text          0x00000000        0x0 c:/program files (x86)/atmel/studio/7.0/toolchain/avr8/avr8-gnu-toolchain/bin/../lib/gcc/avr/5.4.0/avr5\libgcc.a(_exit.o)
 .data          0x00000000        0x0 c:/program files (x86)/atmel/studio/7.0/toolchain/avr8/avr8-gnu-toolchain/bin/../lib/gcc/avr/5.4.0/avr5\libgcc.a(_exit.o)
 .bss           0x00000000        0x0 c:/program files (x86)/atmel/studio/7.0/toolchain/avr8/avr8-gnu-toolchain/bin/../lib/gcc/avr/5.4.0/avr5\libgcc.a(_exit.o)
 .text.libgcc.mul
                0x00000000        0x0 c:/program files (x86)/atmel/studio/7.0/toolchain/avr8/avr8-gnu-toolchain/bin/../lib/gcc/avr/5.4.0/avr5\libgcc.a(_exit.o)
 .text.libgcc.div
                0x00000000        0x0 c:/program files (x86)/atmel/studio/7.0/toolchain/avr8/avr8-gnu-toolchain/bin/../lib/gcc/avr/5.4.0/avr5\libgcc.a(_exit.o)
 .text.libgcc   0x00000000        0x0 c:/program files (x86)/atmel/studio/7.0/toolchain/avr8/avr8-gnu-toolchain/bin/../lib/gcc/avr/5.4.0/avr5\libgcc.a(_exit.o)
 .text.libgcc.prologue
                0x00000000        0x0 c:/program files (x86)/atmel/studio/7.0/toolchain/avr8/avr8-gnu-toolchain/bin/../lib/gcc/avr/5.4.0/avr5\libgcc.a(_exit.o)
 .text.libgcc.builtins
                0x00000000        0x0 c:/program files (x86)/atmel/studio/7.0/toolchain/avr8/avr8-gnu-toolchain/bin/../lib/gcc/avr/5.4.0/avr5\libgcc.a(_exit.o)
 .text.libgcc.fmul
                0x00000000        0x0 c:/program files (x86)/atmel/studio/7.0/toolchain/avr8/avr8-gnu-toolchain/bin/../lib/gcc/avr/5.4.0/avr5\libgcc.a(_exit.o)
 .text.libgcc.fixed
                0x00000000        0x0 c:/program files (x86)/atmel/studio/7.0/toolchain/avr8/avr8-gnu-toolchain/bin/../lib/gcc/avr/5.4.0/avr5\libgcc.a(_exit.o)
 .text          0x00000000        0x0 c:/program files (x86)/atmel/studio/7.0/toolchain/avr8/avr8-gnu-toolchain/bin/../lib/gcc/avr/5.4.0/avr5\libgcc.a(_copy_data.o)
 .data          0x00000000        0x0 c:/program files (x86)/atmel/studio/7.0/toolchain/avr8/avr8-gnu-toolchain/bin/../lib/gcc/avr/5.4.0/avr5\libgcc.a(_copy_data.o)
 .bss           0x00000000        0x0 c:/program files (x86)/atmel/studio/7.0/toolchain/avr8/avr8-gnu-toolchain/bin/../lib/gcc/avr/5.4.0/avr5\libgcc.a(_copy_data.o)
 .text.libgcc.mul
                0x00000000        0x0 c:/program files (x86)/atmel/studio/7.0/toolchain/avr8/avr8-gnu-toolchain/bin/../lib/gcc/avr/5.4.0/avr5\libgcc.a(_copy_data.o)
 .text.libgcc.div
                0x00000000        0x0 c:/program files (x86)/atmel/studio/7.0/toolchain/avr8/avr8-gnu-toolchain/bin/../lib/gcc/avr/5.4.0/avr5\libgcc.a(_copy_data.o)
 .text.libgcc   0x00000000        0x0 c:/program files (x86)/atmel/studio/7.0/toolchain/avr8/avr8-gnu-toolchain/bin/../lib/gcc/avr/5.4.0/avr5\libgcc.a(_copy_data.o)
 .text.libgcc.prologue
                0x00000000        0x0 c:/program files (x86)/atmel/studio/7.0/toolchain/avr8/avr8-gnu-toolchain/bin/../lib/gcc/avr/5.4.0/avr5\libgcc.a(_copy_data.o)
 .text.libgcc.builtins
                0x00000000        0x0 c:/program files (x86)/atmel/studio/7.0/toolchain/avr8/avr8-gnu-toolchain/bin/../lib/gcc/avr/5.4.0/avr5\libgcc.a(_copy_data.o)
 .text.libgcc.fmul
                0x00000000        0x0 c:/program files (x86)/atmel/studio/7.0/toolchain/avr8/avr8-gnu-toolchain/bin/../lib/gcc/avr/5.4.0/avr5\libgcc.a(_copy_data.o)
 .text.libgcc.fixed
                0x00000000        0x0 c:/program files (x86)/atmel/studio/7.0/toolchain/avr8/avr8-gnu-toolchain/bin/../lib/gcc/avr/5.4.0/avr5\libgcc.a(_copy_data.o)
 .text          0x00000000        0x0 c:/program files (x86)/atmel/studio/7.0/toolchain/avr8/avr8-gnu-toolchain/bin/../lib/gcc/avr/5.4.0/avr5\libgcc.a(_clear_bss.o)
 .data          0x00000000        0x0 c:/program files (x86)/atmel/studio/7.0/toolchain/avr8/avr8-gnu-toolchain/bin/../lib/gcc/avr/5.4.0/avr5\libgcc.a(_clear_bss.o)
 .bss           0x00000000        0x0 c:/program files (x86)/atmel/studio/7.0/toolchain/avr8/avr8-gnu-toolchain/bin/../lib/gcc/avr/5.4.0/avr5\libgcc.a(_clear_bss.o)
 .text.libgcc.mul
                0x00000000        0x0 c:/program files (x86)/atmel/studio/7.0/toolchain/avr8/avr8-gnu-toolchain/bin/../lib/gcc/avr/5.4.0/avr5\libgcc.a(_clear_bss.o)
 .text.libgcc.div
                0x00000000        0x0 c:/program files (x86)/atmel/studio/7.0/toolchain/avr8/avr8-gnu-toolchain/bin/../lib/gcc/avr/5.4.0/avr5\libgcc.a(_clear_bss.o)
 .text.libgcc   0x00000000        0x0 c:/program files (x86)/atmel/studio/7.0/toolchain/avr8/avr8-gnu-toolchain/bin/../lib/gcc/avr/5.4.0/avr5\libgcc.a(_clear_bss.o)
 .text.libgcc.prologue
                0x00000000        0x0 c:/program files (x86)/atmel/studio/7.0/toolchain/avr8/avr8-gnu-toolchain/bin/../lib/gcc/avr/5.4.0/avr5\libgcc.a(_clear_bss.o)
 .text.libgcc.builtins
                0x00000000        0x0 c:/program files (x86)/atmel/studio/7.0/toolchain/avr8/avr8-gnu-toolchain/bin/../lib/gcc/avr/5.4.0/avr5\libgcc.a(_clear_bss.o)
 .text.libgcc.fmul
                0x00000000        0x0 c:/program files (x86)/atmel/studio/7.0/toolchain/avr8/avr8-gnu-toolchain/bin/../lib/gcc/avr/5.4.0/avr5\libgcc.a(_clear_bss.o)
 .text.libgcc.fixed
                0x00000000        0x0 c:/program files (x86)/atmel/studio/7.0/toolchain/avr8/avr8-gnu-toolchain/bin/../lib/gcc/avr/5.4.0/avr5\libgcc.a(_clear_bss.o)
 .text          0x00000000        0x0 c:/program files (x86)/atmel/studio/7.0/toolchain/avr8/avr8-gnu-toolchain/bin/../lib/gcc/avr/5.4.0/../../../../avr/lib/avr5\libc.a(strcat.o)
 .data          0x00000000        0x0 c:/program files (x86)/atmel/studio/7.0/toolchain/avr8/avr8-gnu-toolchain/bin/../lib/gcc/avr/5.4.0/../../../../avr/lib/avr5\libc.a(strcat.o)
 .bss           0x00000000        0x0 c:/program files (x86)/atmel/studio/7.0/toolchain/avr8/avr8-gnu-toolchain/bin/../lib/gcc/avr/5.4.0/../../../../avr/lib/avr5\libc.a(strcat.o)
 .text          0x00000000        0x0 c:/program files (x86)/atmel/studio/7.0/toolchain/avr8/avr8-gnu-toolchain/bin/../lib/gcc/avr/5.4.0/../../../../avr/lib/avr5\libc.a(strcmp.o)
 .data          0x00000000        0x0 c:/program files (x86)/atmel/studio/7.0/toolchain/avr8/avr8-gnu-toolchain/bin/../lib/gcc/avr/5.4.0/../../../../avr/lib/avr5\libc.a(strcmp.o)
 .bss           0x00000000        0x0 c:/program files (x86)/atmel/studio/7.0/toolchain/avr8/avr8-gnu-toolchain/bin/../lib/gcc/avr/5.4.0/../../../../avr/lib/avr5\libc.a(strcmp.o)
 .text          0x00000000        0x0 c:/program files (x86)/atmel/studio/7.0/toolchain/avr8/avr8-gnu-toolchain/bin/../lib/gcc/avr/5.4.0/../../../../avr/lib/avr5\libc.a(strcpy.o)
 .data          0x00000000        0x0 c:/program files (x86)/atmel/studio/7.0/toolchain/avr8/avr8-gnu-toolchain/bin/../lib/gcc/avr/5.4.0/../../../../avr/lib/avr5\libc.a(strcpy.o)
 .bss           0x00000000        0x0 c:/program files (x86)/atmel/studio/7.0/toolchain/avr8/avr8-gnu-toolchain/bin/../lib/gcc/avr/5.4.0/../../../../avr/lib/avr5\libc.a(strcpy.o)
 .text          0x00000000        0x0 c:/program files (x86)/atmel/studio/7.0/toolchain/avr8/avr8-gnu-toolchain/bin/../lib/gcc/avr/5.4.0/../../../../avr/lib/avr5\libc.a(sprintf.o)
 .data          0x00000000        0x0 c:/program files (x86)/atmel/studio/7.0/toolchain/avr8/avr8-gnu-toolchain/bin/../lib/gcc/avr/5.4.0/../../../../avr/lib/avr5\libc.a(sprintf.o)
 .bss           0x00000000        0x0 c:/program files (x86)/atmel/studio/7.0/toolchain/avr8/avr8-gnu-toolchain/bin/../lib/gcc/avr/5.4.0/../../../../avr/lib/avr5\libc.a(sprintf.o)
 .text          0x00000000        0x0 c:/program files (x86)/atmel/studio/7.0/toolchain/avr8/avr8-gnu-toolchain/bin/../lib/gcc/avr/5.4.0/../../../../avr/lib/avr5\libc.a(vfprintf_std.o)
 .data          0x00000000        0x0 c:/program files (x86)/atmel/studio/7.0/toolchain/avr8/avr8-gnu-toolchain/bin/../lib/gcc/avr/5.4.0/../../../../avr/lib/avr5\libc.a(vfprintf_std.o)
 .bss           0x00000000        0x0 c:/program files (x86)/atmel/studio/7.0/toolchain/avr8/avr8-gnu-toolchain/bin/../lib/gcc/avr/5.4.0/../../../../avr/lib/avr5\libc.a(vfprintf_std.o)
 .text          0x00000000        0x0 c:/program files (x86)/atmel/studio/7.0/toolchain/avr8/avr8-gnu-toolchain/bin/../lib/gcc/avr/5.4.0/../../../../avr/lib/avr5\libc.a(strnlen_P.o)
 .data          0x00000000        0x0 c:/program files (x86)/atmel/studio/7.0/toolchain/avr8/avr8-gnu-toolchain/bin/../lib/gcc/avr/5.4.0/../../../../avr/lib/avr5\libc.a(strnlen_P.o)
 .bss           0x00000000        0x0 c:/program files (x86)/atmel/studio/7.0/toolchain/avr8/avr8-gnu-toolchain/bin/../lib/gcc/avr/5.4.0/../../../../avr/lib/avr5\libc.a(strnlen_P.o)
 .text          0x00000000        0x0 c:/program files (x86)/atmel/studio/7.0/toolchain/avr8/avr8-gnu-toolchain/bin/../lib/gcc/avr/5.4.0/../../../../avr/lib/avr5\libc.a(strnlen.o)
 .data          0x00000000        0x0 c:/program files (x86)/atmel/studio/7.0/toolchain/avr8/avr8-gnu-toolchain/bin/../lib/gcc/avr/5.4.0/../../../../avr/lib/avr5\libc.a(strnlen.o)
 .bss           0x00000000        0x0 c:/program files (x86)/atmel/studio/7.0/toolchain/avr8/avr8-gnu-toolchain/bin/../lib/gcc/avr/5.4.0/../../../../avr/lib/avr5\libc.a(strnlen.o)
 .text          0x00000000        0x0 c:/program files (x86)/atmel/studio/7.0/toolchain/avr8/avr8-gnu-toolchain/bin/../lib/gcc/avr/5.4.0/../../../../avr/lib/avr5\libc.a(fputc.o)
 .data          0x00000000        0x0 c:/program files (x86)/atmel/studio/7.0/toolchain/avr8/avr8-gnu-toolchain/bin/../lib/gcc/avr/5.4.0/../../../../avr/lib/avr5\libc.a(fputc.o)
 .bss           0x00000000        0x0 c:/program files (x86)/atmel/studio/7.0/toolchain/avr8/avr8-gnu-toolchain/bin/../lib/gcc/avr/5.4.0/../../../../avr/lib/avr5\libc.a(fputc.o)
 .text          0x00000000        0x0 c:/program files (x86)/atmel/studio/7.0/toolchain/avr8/avr8-gnu-toolchain/bin/../lib/gcc/avr/5.4.0/../../../../avr/lib/avr5\libc.a(ultoa_invert.o)
 .data          0x00000000        0x0 c:/program files (x86)/atmel/studio/7.0/toolchain/avr8/avr8-gnu-toolchain/bin/../lib/gcc/avr/5.4.0/../../../../avr/lib/avr5\libc.a(ultoa_invert.o)
 .bss           0x00000000        0x0 c:/program files (x86)/atmel/studio/7.0/toolchain/avr8/avr8-gnu-toolchain/bin/../lib/gcc/avr/5.4.0/../../../../avr/lib/avr5\libc.a(ultoa_invert.o)
 .text          0x00000000        0x0 c:/program files (x86)/atmel/studio/7.0/toolchain/avr8/avr8-gnu-toolchain/bin/../lib/gcc/avr/5.4.0/avr5\libgcc.a(_prologue.o)
 .data          0x00000000        0x0 c:/program files (x86)/atmel/studio/7.0/toolchain/avr8/avr8-gnu-toolchain/bin/../lib/gcc/avr/5.4.0/avr5\libgcc.a(_prologue.o)
 .bss           0x00000000        0x0 c:/program files (x86)/atmel/studio/7.0/toolchain/avr8/avr8-gnu-toolchain/bin/../lib/gcc/avr/5.4.0/avr5\libgcc.a(_prologue.o)
 .text.libgcc.mul
                0x00000000        0x0 c:/program files (x86)/atmel/studio/7.0/toolchain/avr8/avr8-gnu-toolchain/bin/../lib/gcc/avr/5.4.0/avr5\libgcc.a(_prologue.o)
 .text.libgcc.div
                0x00000000        0x0 c:/program files (x86)/atmel/studio/7.0/toolchain/avr8/avr8-gnu-toolchain/bin/../lib/gcc/avr/5.4.0/avr5\libgcc.a(_prologue.o)
 .text.libgcc   0x00000000        0x0 c:/program files (x86)/atmel/studio/7.0/toolchain/avr8/avr8-gnu-toolchain/bin/../lib/gcc/avr/5.4.0/avr5\libgcc.a(_prologue.o)
 .text.libgcc.builtins
                0x00000000        0x0 c:/program files (x86)/atmel/studio/7.0/toolchain/avr8/avr8-gnu-toolchain/bin/../lib/gcc/avr/5.4.0/avr5\libgcc.a(_prologue.o)
 .text.libgcc.fmul
                0x00000000        0x0 c:/program files (x86)/atmel/studio/7.0/toolchain/avr8/avr8-gnu-toolchain/bin/../lib/gcc/avr/5.4.0/avr5\libgcc.a(_prologue.o)
 .text.libgcc.fixed
                0x00000000        0x0 c:/program files (x86)/atmel/studio/7.0/toolchain/avr8/avr8-gnu-toolchain/bin/../lib/gcc/avr/5.4.0/avr5\libgcc.a(_prologue.o)
 .text          0x00000000        0x0 c:/program files (x86)/atmel/studio/7.0/toolchain/avr8/avr8-gnu-toolchain/bin/../lib/gcc/avr/5.4.0/avr5\libgcc.a(_epilogue.o)
 .data          0x00000000        0x0 c:/program files (x86)/atmel/studio/7.0/toolchain/avr8/avr8-gnu-toolchain/bin/../lib/gcc/avr/5.4.0/avr5\libgcc.a(_epilogue.o)
 .bss           0x00000000        0x0 c:/program files (x86)/atmel/studio/7.0/toolchain/avr8/avr8-gnu-toolchain/bin/../lib/gcc/avr/5.4.0/avr5\libgcc.a(_epilogue.o)
 .text.libgcc.mul
                0x00000000        0x0 c:/program files (x86)/atmel/studio/7.0/toolchain/avr8/avr8-gnu-toolchain/bin/../lib/gcc/avr/5.4.0/avr5\libgcc.a(_epilogue.o)
 .text.libgcc.div
                0x00000000        0x0 c:/program files (x86)/atmel/studio/7.0/toolchain/avr8/avr8-gnu-toolchain/bin/../lib/gcc/avr/5.4.0/avr5\libgcc.a(_epilogue.o)
 .text.libgcc   0x00000000        0x0 c:/program files (x86)/atmel/studio/7.0/toolchain/avr8/avr8-gnu-toolchain/bin/../lib/gcc/avr/5.4.0/avr5\libgcc.a(_epilogue.o)
 .text.libgcc.builtins
                0x00000000        0x0 c:/program files (x86)/atmel/studio/7.0/toolchain/avr8/avr8-gnu-toolchain/bin/../lib/gcc/avr/5.4.0/avr5\libgcc.a(_epilogue.o)
 .text.libgcc.fmul
                0x00000000        0x0 c:/program files (x86)/atmel/studio/7.0/toolchain/avr8/avr8-gnu-toolchain/bin/../lib/gcc/avr/5.4.0/avr5\libgcc.a(_epilogue.o)
 .text.libgcc.fixed
                0x00000000        0x0 c:/program files (x86)/atmel/studio/7.0/toolchain/avr8/avr8-gnu-toolchain/bin/../lib/gcc/avr/5.4.0/avr5\libgcc.a(_epilogue.o)

Memory Configuration

Name             Origin             Length             Attributes
text             0x00000000         0x00008000         xr
data             0x00800100         0x00000800         rw !x
eeprom           0x00810000         0x00000400         rw !x
fuse             0x00820000         0x00000003         rw !x
lock             0x00830000         0x00000400         rw !x
signature        0x00840000         0x00000400         rw !x
user_signatures  0x00850000         0x00000400         rw !x
*default*        0x00000000         0xffffffff

Linker script and memory map

Address of section .data set to 0x800100
LOAD C:/Program Files (x86)/Atmel/Studio/7.0/Packs/atmel/ATmega_DFP/1.7.374/gcc/dev/atmega328p/avr5/crtatmega328p.o
LOAD asci.o
LOAD CFile1.o
LOAD i2c.o
LOAD main.o
LOAD menu.o
LOAD romdata.o
LOAD Timer.o
LOAD version.o
START GROUP
LOAD c:/program files (x86)/atmel/studio/7.0/toolchain/avr8/avr8-gnu-toolchain/bin/../lib/gcc/avr/5.4.0/../../../../avr/lib/avr5\libm.a
END GROUP
START GROUP
LOAD c:/program files (x86)/atmel/studio/7.0/toolchain/avr8/avr8-gnu-toolchain/bin/../lib/gcc/avr/5.4.0/avr5\libgcc.a
LOAD c:/program files (x86)/atmel/studio/7.0/toolchain/avr8/avr8-gnu-toolchain/bin/../lib/gcc/avr/5.4.0/../../../../avr/lib/avr5\libm.a
LOAD c:/program files (x86)/atmel/studio/7.0/toolchain/avr8/avr8-gnu-toolchain/bin/../lib/gcc/avr/5.4.0/../../../../avr/lib/avr5\libc.a
LOAD C:/Program Files (x86)/Atmel/Studio/7.0/Packs/atmel/ATmega_DFP/1.7.374/gcc/dev/atmega328p/avr5\libatmega328p.a
END GROUP
                0x00000000                __TEXT_REGION_ORIGIN__ = DEFINED (__TEXT_REGION_ORIGIN__)?__TEXT_REGION_ORIGIN__:0x0
                [0x00800100]                __DATA_REGION_ORIGIN__ = DEFINED (__DATA_REGION_ORIGIN__)?__DATA_REGION_ORIGIN__:0x800060
                [0x00008000]                __TEXT_REGION_LENGTH__ = DEFINED (__TEXT_REGION_LENGTH__)?__TEXT_REGION_LENGTH__:0x20000
                [0x00000800]                __DATA_REGION_LENGTH__ = DEFINED (__DATA_REGION_LENGTH__)?__DATA_REGION_LENGTH__:0xffa0
                [0x00000400]                __EEPROM_REGION_LENGTH__ = DEFINED (__EEPROM_REGION_LENGTH__)?__EEPROM_REGION_LENGTH__:0x10000
                [0x00000003]                __FUSE_REGION_LENGTH__ = DEFINED (__FUSE_REGION_LENGTH__)?__FUSE_REGION_LENGTH__:0x400
                0x00000400                __LOCK_REGION_LENGTH__ = DEFINED (__LOCK_REGION_LENGTH__)?__LOCK_REGION_LENGTH__:0x400
                0x00000400                __SIGNATURE_REGION_LENGTH__ = DEFINED (__SIGNATURE_REGION_LENGTH__)?__SIGNATURE_REGION_LENGTH__:0x400
                0x00000400                __USER_SIGNATURE_REGION_LENGTH__ = DEFINED (__USER_SIGNATURE_REGION_LENGTH__)?__USER_SIGNATURE_REGION_LENGTH__:0x400

.hash
 *(.hash)

.dynsym
 *(.dynsym)

.dynstr
 *(.dynstr)

.gnu.version
 *(.gnu.version)

.gnu.version_d
 *(.gnu.version_d)

.gnu.version_r
 *(.gnu.version_r)

.rel.init
 *(.rel.init)

.rela.init
 *(.rela.init)

.rel.text
 *(.rel.text)
 *(.rel.text.*)
 *(.rel.gnu.linkonce.t*)

.rela.text
 *(.rela.text)
 *(.rela.text.*)
 *(.rela.gnu.linkonce.t*)

.rel.fini
 *(.rel.fini)

.rela.fini
 *(.rela.fini)

.rel.rodata
 *(.rel.rodata)
 *(.rel.rodata.*)
 *(.rel.gnu.linkonce.r*)

.rela.rodata
 *(.rela.rodata)
 *(.rela.rodata.*)
 *(.rela.gnu.linkonce.r*)

.rel.data
 *(.rel.data)
 *(.rel.data.*)
 *(.rel.gnu.linkonce.d*)

.rela.data
 *(.rela.data)
 *(.rela.data.*)
 *(.rela.gnu.linkonce.d*)

.rel.ctors
 *(.rel.ctors)

.rela.ctors
 *(.rela.ctors)

.rel.dtors
 *(.rel.dtors)

.rela.dtors
 *(.rela.dtors)

.rel.got
 *(.rel.got)

.rela.got
 *(.rela.got)

.rel.bss
 *(.rel.bss)

.rela.bss
 *(.rela.bss)

.rel.plt
 *(.rel.plt)

.rela.plt
 *(.rela.plt)

.text           0x00000000     0x4c00
 *(.vectors)
 .vectors       0x00000000       0x68 C:/Program Files (x86)/Atmel/Studio/7.0/Packs/atmel/ATmega_DFP/1.7.374/gcc/dev/atmega328p/avr5/crtatmega328p.o
                0x00000000                __vector_default
                0x00000000                __vectors
 *(.vectors)
 *(.progmem.gcc*)
                0x00000068                . = ALIGN (0x2)
                0x00000068                __trampolines_start = .
 *(.trampolines)
 .trampolines   0x00000068        0x0 linker stubs
 *(.trampolines*)
                0x00000068                __trampolines_end = .
 *libprintf_flt.a:*(.progmem.data)
 *libc.a:*(.progmem.data)
 *(.progmem*)
 .progmem.data.ACCESS_CODE
                0x00000068        0x6 menu.o
                0x00000068                ACCESS_CODE
 .progmem.data.PORT_EXPANDER_TEST_MSG
                0x0000006e       0x75 menu.o
                0x0000006e                PORT_EXPANDER_TEST_MSG
 .progmem.data.PORT_EXPANDER_DEBUG_MSG
                0x000000e3       0x59 menu.o
                0x000000e3                PORT_EXPANDER_DEBUG_MSG
 .progmem.data.DEBUG_MENU_MSG
                0x0000013c       0xe2 menu.o
                0x0000013c                DEBUG_MENU_MSG
 .progmem.data.EEPROM_DEBUG_MSG
                0x0000021e       0xd3 menu.o
                0x0000021e                EEPROM_DEBUG_MSG
 .progmem.data.NUMERIC_CHARS_ONLY_MSG
                0x000002f1       0x46 menu.o
                0x000002f1                NUMERIC_CHARS_ONLY_MSG
 .progmem.data.ALPHANUMERIC_CHARS_ONLY_MSG
                0x00000337       0x55 menu.o
                0x00000337                ALPHANUMERIC_CHARS_ONLY_MSG
 .progmem.data.EEPROM_READ_ERROR_MSG
                0x0000038c       0x21 menu.o
                0x0000038c                EEPROM_READ_ERROR_MSG
 .progmem.data.DATA_RETENTION_BAD_MSG
                0x000003ad       0x22 menu.o
                0x000003ad                DATA_RETENTION_BAD_MSG
 .progmem.data.DATA_RETENTION_OK_MSG
                0x000003cf       0x17 menu.o
                0x000003cf                DATA_RETENTION_OK_MSG
 .progmem.data.CHECKING_DATA_RETENTION_MSG
                0x000003e6       0x39 menu.o
                0x000003e6                CHECKING_DATA_RETENTION_MSG
 .progmem.data.PCB_ASSY_SN_MSG
                0x0000041f       0x10 menu.o
                0x0000041f                PCB_ASSY_SN_MSG
 .progmem.data.PCB_ASSY_PN_MSG
                0x0000042f       0x10 menu.o
                0x0000042f                PCB_ASSY_PN_MSG
 .progmem.data.PRODUCT_SN_MSG
                0x0000043f       0x10 menu.o
                0x0000043f                PRODUCT_SN_MSG
 .progmem.data.PRODUCT_PN_MSG
                0x0000044f       0x10 menu.o
                0x0000044f                PRODUCT_PN_MSG
 .progmem.data.DATA_NOT_SET_MSG
                0x0000045f        0xa menu.o
                0x0000045f                DATA_NOT_SET_MSG
 .progmem.data.CHECKSUM_MATCH_MSG
                0x00000469       0x3c menu.o
                0x00000469                CHECKSUM_MATCH_MSG
 .progmem.data.CHECKSUM_MISMATCH_MSG
                0x000004a5       0x32 menu.o
                0x000004a5                CHECKSUM_MISMATCH_MSG
 .progmem.data.CHECK_HEADER_MSG
                0x000004d7       0x4f menu.o
                0x000004d7                CHECK_HEADER_MSG
 .progmem.data.NOT_ENOUGH_WO_NO_IP_CHARS_MSG
                0x00000526       0x4e menu.o
                0x00000526                NOT_ENOUGH_WO_NO_IP_CHARS_MSG
 .progmem.data.NO_FINAL_ASSY_REV_SN_IP_CHARS_MSG
                0x00000574       0x4a menu.o
                0x00000574                NO_FINAL_ASSY_REV_SN_IP_CHARS_MSG
 .progmem.data.NOT_ENOUGH_ASSY_REV_IP_CHARS_MSG
                0x000005be       0x46 menu.o
                0x000005be                NOT_ENOUGH_ASSY_REV_IP_CHARS_MSG
 .progmem.data.NOT_ENOUGH_ASSY_NO_IP_CHARS_MSG
                0x00000604       0x46 menu.o
                0x00000604                NOT_ENOUGH_ASSY_NO_IP_CHARS_MSG
 .progmem.data.BD_TEST_FAIL_MSG
                0x0000064a       0x6f menu.o
                0x0000064a                BD_TEST_FAIL_MSG
 .progmem.data.BD_TEST_SUCCESS_MSG
                0x000006b9       0x69 menu.o
                0x000006b9                BD_TEST_SUCCESS_MSG
 .progmem.data.PORT_EXPANDER_TEST_FAILED_MSG
                0x00000722       0x54 menu.o
                0x00000722                PORT_EXPANDER_TEST_FAILED_MSG
 .progmem.data.PROG_SUCCESS_MSG
                0x00000776       0x31 menu.o
                0x00000776                PROG_SUCCESS_MSG
 .progmem.data.PROG_EEPROM_MSG
                0x000007a7       0x34 menu.o
                0x000007a7                PROG_EEPROM_MSG
 .progmem.data.CONNECT_ADAPTER_MSG
                0x000007db       0x61 menu.o
                0x000007db                CONNECT_ADAPTER_MSG
 .progmem.data.CONNECT_BD_MSG
                0x0000083c       0x85 menu.o
                0x0000083c                CONNECT_BD_MSG
 .progmem.data.ENTER_NEXT_SN_MSG
                0x000008c1       0x27 menu.o
                0x000008c1                ENTER_NEXT_SN_MSG
 .progmem.data.ENTER_SN_MSG
                0x000008e8       0x42 menu.o
                0x000008e8                ENTER_SN_MSG
 .progmem.data.PRESS_X_OR_PROCEED_MSG
                0x0000092a       0x2e menu.o
                0x0000092a                PRESS_X_OR_PROCEED_MSG
 .progmem.data.CHECK_DETAILS_MSG
                0x00000958       0x2f menu.o
                0x00000958                CHECK_DETAILS_MSG
 .progmem.data.ENTER_BD_ASSY_REV_MSG
                0x00000987       0x5f menu.o
                0x00000987                ENTER_BD_ASSY_REV_MSG
 .progmem.data.ENTER_WO_MSG
                0x000009e6       0x5d menu.o
                0x000009e6                ENTER_WO_MSG
 .progmem.data.NET_ADAPT_SELECTED_MSG
                0x00000a43       0x27 menu.o
                0x00000a43                NET_ADAPT_SELECTED_MSG
 .progmem.data.NET_CONN_SELECTED_MSG
                0x00000a6a       0x29 menu.o
                0x00000a6a                NET_CONN_SELECTED_MSG
 .progmem.data.SELECT_BD_MSG
                0x00000a93       0xb7 menu.o
                0x00000a93                SELECT_BD_MSG
 .progmem.data.START_MENU_MSG
                0x00000b4a       0x72 menu.o
                0x00000b4a                START_MENU_MSG
 .progmem.data.ASSY_NOT_DETECTED_MSG
                0x00000bbc       0x2b menu.o
                0x00000bbc                ASSY_NOT_DETECTED_MSG
 .progmem.data.BD_TYPE_EXTENDER_MSG
                0x00000be7       0x22 menu.o
                0x00000be7                BD_TYPE_EXTENDER_MSG
 .progmem.data.BD_TYPE_NET_CONN_MSG
                0x00000c09       0x23 menu.o
                0x00000c09                BD_TYPE_NET_CONN_MSG
 .progmem.data.ASSY_TYPE_CONN_ADAPTER_MSG
                0x00000c2c       0x2d menu.o
                0x00000c2c                ASSY_TYPE_CONN_ADAPTER_MSG
 .progmem.data.ASSY_TYPE_EXTENDER_MSG
                0x00000c59       0x25 menu.o
                0x00000c59                ASSY_TYPE_EXTENDER_MSG
 .progmem.data.FINAL_ASSY_TEST_FAIL_MSG
                0x00000c7e       0xc9 menu.o
                0x00000c7e                FINAL_ASSY_TEST_FAIL_MSG
 .progmem.data.ASSY_ID_TEST_FAILED_MSG
                0x00000d47       0x54 menu.o
                0x00000d47                ASSY_ID_TEST_FAILED_MSG
 .progmem.data.CONNECT_LEGACY_ADAPTER_MSG
                0x00000d9b       0x9d menu.o
                0x00000d9b                CONNECT_LEGACY_ADAPTER_MSG
 .progmem.data.CONNECT_FINAL_ASSY_TO_JIG_MSG
                0x00000e38       0x39 menu.o
                0x00000e38                CONNECT_FINAL_ASSY_TO_JIG_MSG
 .progmem.data.FINAL_ASSY_PROG_FAIL_MSG
                0x00000e71       0xc9 menu.o
                0x00000e71                FINAL_ASSY_PROG_FAIL_MSG
 .progmem.data.PROG_SAME_FINAL_ASSY_MSG
                0x00000f3a      0x162 menu.o
                0x00000f3a                PROG_SAME_FINAL_ASSY_MSG
 .progmem.data.TEST_SAME_FINAL_ASSY_MSG
                0x0000109c      0x17c menu.o
                0x0000109c                TEST_SAME_FINAL_ASSY_MSG
 .progmem.data.NET_ID10_MSG
                0x00001218       0x32 menu.o
                0x00001218                NET_ID10_MSG
 .progmem.data.NET_ID9_MSG
                0x0000124a       0x31 menu.o
                0x0000124a                NET_ID9_MSG
 .progmem.data.NET_ID7_MSG
                0x0000127b       0x30 menu.o
                0x0000127b                NET_ID7_MSG
 .progmem.data.NET_ID6_MSG
                0x000012ab       0x31 menu.o
                0x000012ab                NET_ID6_MSG
 .progmem.data.NET_ID5_MSG
                0x000012dc       0x31 menu.o
                0x000012dc                NET_ID5_MSG
 .progmem.data.NET_ID4_MSG
                0x0000130d       0x30 menu.o
                0x0000130d                NET_ID4_MSG
 .progmem.data.NET_ID3_MSG
                0x0000133d       0x30 menu.o
                0x0000133d                NET_ID3_MSG
 .progmem.data.NET_ID2_MSG
                0x0000136d       0x28 menu.o
                0x0000136d                NET_ID2_MSG
 .progmem.data.NET_ID1_MSG
                0x00001395       0x28 menu.o
                0x00001395                NET_ID1_MSG
 .progmem.data.NET_ID0_MSG
                0x000013bd       0x27 menu.o
                0x000013bd                NET_ID0_MSG
 .progmem.data.SELECT_NET_ID_MSG
                0x000013e4      0x2c7 menu.o
                0x000013e4                SELECT_NET_ID_MSG
 .progmem.data.ENTER_FINAL_ASSY_SN_MSG
                0x000016ab       0x53 menu.o
                0x000016ab                ENTER_FINAL_ASSY_SN_MSG
 .progmem.data.ADAPTER_ASSY_MSG
                0x000016fe       0x15 menu.o
 .progmem.data.EXTENSION_ASSY_MSG
                0x00001713       0x17 menu.o
 .progmem.data.NET_ASSY_MSG
                0x0000172a        0xd menu.o
 .progmem.data.ENTER_FINAL_ASSY_REV_MSG
                0x00001737       0x3d menu.o
                0x00001737                ENTER_FINAL_ASSY_REV_MSG
 .progmem.data.ENTER_FINAL_ASSY_NO_MSG
                0x00001774       0x3a menu.o
                0x00001774                ENTER_FINAL_ASSY_NO_MSG
 .progmem.data.INVALID_ENTRY_MSG
                0x000017ae       0x26 menu.o
                0x000017ae                INVALID_ENTRY_MSG
 .progmem.data.FSTART_MENU_MSG
                0x000017d4       0x99 menu.o
                0x000017d4                FSTART_MENU_MSG
 .progmem.data.STORED_DETAILS_MSG
                0x0000186d       0x36 menu.o
                0x0000186d                STORED_DETAILS_MSG
 .progmem.data.NET_ADAPT_PCB_MSG
                0x000018a3       0x10 menu.o
                0x000018a3                NET_ADAPT_PCB_MSG
 .progmem.data.NET_CONN_PCB_MSG
                0x000018b3       0x12 menu.o
                0x000018b3                NET_CONN_PCB_MSG
 .progmem.data.CMD_NOT_IMPLEMENTED_MSG
                0x000018c5       0x1b menu.o
 .progmem.data.BD_TEST_JIG_MSG
                0x000018e0       0x2e menu.o
                0x000018e0                BD_TEST_JIG_MSG
 .progmem.data.INVALID_JIG_ID_MSG
                0x0000190e       0x2a menu.o
                0x0000190e                INVALID_JIG_ID_MSG
 .progmem.data.FINAL_TEST_JIG_MSG
                0x00001938       0x2d menu.o
                0x00001938                FINAL_TEST_JIG_MSG
 .progmem.data.COPYRIGHT_MSG1
                0x00001965       0xd0 menu.o
                0x00001965                COPYRIGHT_MSG1
 .progmem.data.NEWPAGE_MSG
                0x00001a35       0x11 menu.o
                0x00001a35                NEWPAGE_MSG
 .progmem.data.NEWLINE_MSG
                0x00001a46        0x3 menu.o
                0x00001a46                NEWLINE_MSG
 .progmem.data.FW_PN
                0x00001a49       0x17 version.o
                0x00001a60                . = ALIGN (0x2)
 *(.jumptables)
 *(.jumptables*)
 *(.lowtext)
 *(.lowtext*)
                0x00001a60                __ctors_start = .
 *(.ctors)
                0x00001a60                __ctors_end = .
                0x00001a60                __dtors_start = .
 *(.dtors)
                0x00001a60                __dtors_end = .
 SORT(*)(.ctors)
 SORT(*)(.dtors)
 *(.init0)
 .init0         0x00001a60        0x0 C:/Program Files (x86)/Atmel/Studio/7.0/Packs/atmel/ATmega_DFP/1.7.374/gcc/dev/atmega328p/avr5/crtatmega328p.o
                0x00001a60                __init
 *(.init0)
 *(.init1)
 *(.init1)
 *(.init2)
 .init2         0x00001a60        0xc C:/Program Files (x86)/Atmel/Studio/7.0/Packs/atmel/ATmega_DFP/1.7.374/gcc/dev/atmega328p/avr5/crtatmega328p.o
 *(.init2)
 *(.init3)
 *(.init3)
 *(.init4)
 .init4         0x00001a6c       0x16 c:/program files (x86)/atmel/studio/7.0/toolchain/avr8/avr8-gnu-toolchain/bin/../lib/gcc/avr/5.4.0/avr5\libgcc.a(_copy_data.o)
                0x00001a6c                __do_copy_data
 .init4         0x00001a82       0x10 c:/program files (x86)/atmel/studio/7.0/toolchain/avr8/avr8-gnu-toolchain/bin/../lib/gcc/avr/5.4.0/avr5\libgcc.a(_clear_bss.o)
                0x00001a82                __do_clear_bss
 *(.init4)
 *(.init5)
 *(.init5)
 *(.init6)
 *(.init6)
 *(.init7)
 *(.init7)
 *(.init8)
 *(.init8)
 *(.init9)
 .init9         0x00001a92        0x8 C:/Program Files (x86)/Atmel/Studio/7.0/Packs/atmel/ATmega_DFP/1.7.374/gcc/dev/atmega328p/avr5/crtatmega328p.o
 *(.init9)
 *(.text)
 .text          0x00001a9a        0x4 C:/Program Files (x86)/Atmel/Studio/7.0/Packs/atmel/ATmega_DFP/1.7.374/gcc/dev/atmega328p/avr5/crtatmega328p.o
                0x00001a9a                __vector_22
                0x00001a9a                __vector_1
                0x00001a9a                __vector_24
                0x00001a9a                __vector_12
                0x00001a9a                __bad_interrupt
                0x00001a9a                __vector_6
                0x00001a9a                __vector_3
                0x00001a9a                __vector_23
                0x00001a9a                __vector_25
                0x00001a9a                __vector_13
                0x00001a9a                __vector_17
                0x00001a9a                __vector_7
                0x00001a9a                __vector_5
                0x00001a9a                __vector_4
                0x00001a9a                __vector_9
                0x00001a9a                __vector_2
                0x00001a9a                __vector_21
                0x00001a9a                __vector_15
                0x00001a9a                __vector_8
                0x00001a9a                __vector_14
                0x00001a9a                __vector_10
                0x00001a9a                __vector_16
                0x00001a9a                __vector_20
                0x00001a9e                . = ALIGN (0x2)
 *(.text.*)
 .text.ASC_Init_asci
                0x00001a9e       0x28 asci.o
                0x00001a9e                ASC_Init_asci
 .text.__vector_19
                0x00001ac6       0x5e asci.o
                0x00001ac6                __vector_19
 .text.ASC_Get_asci_tx_space
                0x00001b24       0x22 asci.o
                0x00001b24                ASC_Get_asci_tx_space
 .text.ASC_Asci_tx
                0x00001b46       0x82 asci.o
                0x00001b46                ASC_Asci_tx
 .text.ASC_Asci_msg
                0x00001bc8       0x2a asci.o
                0x00001bc8                ASC_Asci_msg
 .text.ASC_err  0x00001bf2       0x4a asci.o
 .text.ASC_Asci_tx_empty
                0x00001c3c       0x10 asci.o
                0x00001c3c                ASC_Asci_tx_empty
 .text.__vector_18
                0x00001c4c       0x86 asci.o
                0x00001c4c                __vector_18
 .text.ASC_Asci_getchar
                0x00001cd2       0x3a asci.o
                0x00001cd2                ASC_Asci_getchar
 .text.ASC_Kbhit
                0x00001d0c       0x28 asci.o
                0x00001d0c                ASC_Kbhit
 .text.I2C_WaitForComplete
                0x00001d34       0x26 i2c.o
 .text.I2C_Init
                0x00001d5a       0x12 i2c.o
                0x00001d5a                I2C_Init
 .text.I2C_Write
                0x00001d6c       0x68 i2c.o
                0x00001d6c                I2C_Write
 .text.I2C_Read
                0x00001dd4       0x98 i2c.o
                0x00001dd4                I2C_Read
 .text.I2C_ping_addr
                0x00001e6c       0x3e i2c.o
                0x00001e6c                I2C_ping_addr
 .text.MAI_Set_power
                0x00001eaa        0xc main.o
                0x00001eaa                MAI_Set_power
 .text.InitIO   0x00001eb6       0x28 main.o
                0x00001eb6                InitIO
 .text.startup.main
                0x00001ede       0x1a main.o
                0x00001ede                main
 .text.MAI_Set_header_cntrl
                0x00001ef8       0x1a main.o
                0x00001ef8                MAI_Set_header_cntrl
 .text.MAI_Get_jig_id
                0x00001f12       0x38 main.o
                0x00001f12                MAI_Get_jig_id
 .text.MAI_Set_port_expander_code
                0x00001f4a       0x12 main.o
                0x00001f4a                MAI_Set_port_expander_code
 .text.Check_alpha_char
                0x00001f5c       0x22 menu.o
 .text.Eeprom_write
                0x00001f7e       0xe0 menu.o
 .text.Store_checksum
                0x0000205e       0x32 menu.o
 .text.Test_msg_func
                0x00002090       0x82 menu.o
 .text.Rom_msg  0x00002112       0x46 menu.o
 .text.Eeprom_read
                0x00002158       0xb8 menu.o
 .text.Get_stored_checksum
                0x00002210       0x38 menu.o
 .text.Calc_stored_checksum
                0x00002248       0xa4 menu.o
 .text.Prog_debug_details
                0x000022ec       0x8a menu.o
 .text.Eeprom_fill
                0x00002376      0x118 menu.o
 .text.Get_stored_alpha_string
                0x0000248e       0x64 menu.o
 .text.Port_expander_test
                0x000024f2      0x16a menu.o
 .text.Cmd_check
                0x0000265c       0x44 menu.o
 .text.Port_expander_debug_menu
                0x000026a0      0x114 menu.o
 .text.Wait_for_x_or_enter
                0x000027b4       0x54 menu.o
 .text.Display_final_assy_details
                0x00002808      0x112 menu.o
 .text.Debug_menu
                0x0000291a      0x152 menu.o
 .text.Select_bd_menu
                0x00002a6c       0xce menu.o
 .text.Get_wo_no
                0x00002b3a      0x100 menu.o
 .text.Display_assy_details
                0x00002c3a       0xba menu.o
 .text.Get_assy_rev_no
                0x00002cf4       0xe6 menu.o
 .text.Get_final_assy_no
                0x00002dda       0xd4 menu.o
 .text.Get_final_assy_rev_no
                0x00002eae      0x11a menu.o
 .text.Get_final_assy_sn
                0x00002fc8      0x104 menu.o
 .text.Get_stored_digit_string
                0x000030cc       0x50 menu.o
 .text.Display_formatted_assy_info
                0x0000311c      0x29e menu.o
 .text.Start_menu
                0x000033ba      0x198 menu.o
 .text.Eeprom_debug_menu
                0x00003552      0x394 menu.o
 .text.Get_serial_no
                0x000038e6      0x138 menu.o
 .text.Start_eeprom_prog
                0x00003a1e      0x2d2 menu.o
 .text.Fstart_menu
                0x00003cf0      0x18e menu.o
 .text.Bd_test_start_menu
                0x00003e7e       0x82 menu.o
 .text.Connect_bd_menu
                0x00003f00       0x66 menu.o
 .text.Net_id_menu
                0x00003f66       0x6a menu.o
 .text.Final_test_start_menu
                0x00003fd0       0x82 menu.o
 .text.Prog_final_assy_details
                0x00004052      0x24e menu.o
 .text.Prog_same_final_assy_menu
                0x000042a0       0x94 menu.o
 .text.Retry_prog_final_assy_menu
                0x00004334       0x78 menu.o
 .text.Get_secret_access_code
                0x000043ac       0x70 menu.o
 .text.MEN_Init
                0x0000441c       0x8a menu.o
                0x0000441c                MEN_Init
 .text.MEN_bkproc
                0x000044a6       0x10 menu.o
                0x000044a6                MEN_bkproc
 .text.ROM_Read_romdata
                0x000044b6       0x24 romdata.o
                0x000044b6                ROM_Read_romdata
 .text.ROM_Romstrlen
                0x000044da       0x18 romdata.o
                0x000044da                ROM_Romstrlen
 .text.ROM_Read_romstr
                0x000044f2       0x1a romdata.o
                0x000044f2                ROM_Read_romstr
 .text.TIM_Init_timer
                0x0000450c       0x16 Timer.o
                0x0000450c                TIM_Init_timer
 .text.TIM_Set_delay
                0x00004522       0x3e Timer.o
                0x00004522                TIM_Set_delay
 .text.TIM_Get_delay_flag
                0x00004560       0x10 Timer.o
                0x00004560                TIM_Get_delay_flag
 .text.TIM_Wait
                0x00004570        0xe Timer.o
                0x00004570                TIM_Wait
 .text.__vector_11
                0x0000457e       0x6e Timer.o
                0x0000457e                __vector_11
 .text.VER_Get_sw_pn
                0x000045ec        0x6 version.o
                0x000045ec                VER_Get_sw_pn
 .text.avr-libc
                0x000045f2       0x16 c:/program files (x86)/atmel/studio/7.0/toolchain/avr8/avr8-gnu-toolchain/bin/../lib/gcc/avr/5.4.0/../../../../avr/lib/avr5\libc.a(strcat.o)
                0x000045f2                strcat
 .text.avr-libc
                0x00004608       0x12 c:/program files (x86)/atmel/studio/7.0/toolchain/avr8/avr8-gnu-toolchain/bin/../lib/gcc/avr/5.4.0/../../../../avr/lib/avr5\libc.a(strcmp.o)
                0x00004608                strcmp
 .text.avr-libc
                0x0000461a        0xe c:/program files (x86)/atmel/studio/7.0/toolchain/avr8/avr8-gnu-toolchain/bin/../lib/gcc/avr/5.4.0/../../../../avr/lib/avr5\libc.a(strcpy.o)
                0x0000461a                strcpy
 .text.avr-libc
                0x00004628       0x44 c:/program files (x86)/atmel/studio/7.0/toolchain/avr8/avr8-gnu-toolchain/bin/../lib/gcc/avr/5.4.0/../../../../avr/lib/avr5\libc.a(sprintf.o)
                0x00004628                sprintf
 .text.avr-libc
                0x0000466c      0x3c2 c:/program files (x86)/atmel/studio/7.0/toolchain/avr8/avr8-gnu-toolchain/bin/../lib/gcc/avr/5.4.0/../../../../avr/lib/avr5\libc.a(vfprintf_std.o)
                0x0000466c                vfprintf
 .text.avr-libc
                0x00004a2e       0x16 c:/program files (x86)/atmel/studio/7.0/toolchain/avr8/avr8-gnu-toolchain/bin/../lib/gcc/avr/5.4.0/../../../../avr/lib/avr5\libc.a(strnlen_P.o)
                0x00004a2e                strnlen_P
 .text.avr-libc
                0x00004a44       0x16 c:/program files (x86)/atmel/studio/7.0/toolchain/avr8/avr8-gnu-toolchain/bin/../lib/gcc/avr/5.4.0/../../../../avr/lib/avr5\libc.a(strnlen.o)
                0x00004a44                strnlen
 .text.avr-libc
                0x00004a5a       0x78 c:/program files (x86)/atmel/studio/7.0/toolchain/avr8/avr8-gnu-toolchain/bin/../lib/gcc/avr/5.4.0/../../../../avr/lib/avr5\libc.a(fputc.o)
                0x00004a5a                fputc
 .text.avr-libc
                0x00004ad2       0xbc c:/program files (x86)/atmel/studio/7.0/toolchain/avr8/avr8-gnu-toolchain/bin/../lib/gcc/avr/5.4.0/../../../../avr/lib/avr5\libc.a(ultoa_invert.o)
                0x00004ad2                __ultoa_invert
 .text.libgcc.prologue
                0x00004b8e       0x38 c:/program files (x86)/atmel/studio/7.0/toolchain/avr8/avr8-gnu-toolchain/bin/../lib/gcc/avr/5.4.0/avr5\libgcc.a(_prologue.o)
                0x00004b8e                __prologue_saves__
 .text.libgcc.prologue
                0x00004bc6       0x36 c:/program files (x86)/atmel/studio/7.0/toolchain/avr8/avr8-gnu-toolchain/bin/../lib/gcc/avr/5.4.0/avr5\libgcc.a(_epilogue.o)
                0x00004bc6                __epilogue_restores__
                0x00004bfc                . = ALIGN (0x2)
 *(.fini9)
 .fini9         0x00004bfc        0x0 c:/program files (x86)/atmel/studio/7.0/toolchain/avr8/avr8-gnu-toolchain/bin/../lib/gcc/avr/5.4.0/avr5\libgcc.a(_exit.o)
                0x00004bfc                _exit
                0x00004bfc                exit
 *(.fini9)
 *(.fini8)
 *(.fini8)
 *(.fini7)
 *(.fini7)
 *(.fini6)
 *(.fini6)
 *(.fini5)
 *(.fini5)
 *(.fini4)
 *(.fini4)
 *(.fini3)
 *(.fini3)
 *(.fini2)
 *(.fini2)
 *(.fini1)
 *(.fini1)
 *(.fini0)
 .fini0         0x00004bfc        0x4 c:/program files (x86)/atmel/studio/7.0/toolchain/avr8/avr8-gnu-toolchain/bin/../lib/gcc/avr/5.4.0/avr5\libgcc.a(_exit.o)
 *(.fini0)
                0x00004c00                _etext = .

.data           0x00800100      0x3ba load address 0x00004c00
                0x00800100                PROVIDE (__data_start, .)
 *(.data)
 *(.data*)
 .data.error_msgs
                0x00800100        0x8 asci.o
                0x00800100                error_msgs
 .data.chan_count_list
                0x00800108        0xb menu.o
 *(.gnu.linkonce.d*)
 *(.rodata)
 *(.rodata*)
 .rodata.str1.1
                0x00800113       0x7e asci.o
 .rodata.str1.1
                0x00800191      0x308 menu.o
                                0x32e (size before relaxing)
 .rodata.pe_codes
                0x00800499        0xa menu.o
 .rodata.net_id_list
                0x008004a3       0x16 menu.o
 *(.gnu.linkonce.r*)
                0x008004ba                . = ALIGN (0x2)
 *fill*         0x008004b9        0x1 
                0x008004ba                _edata = .
                0x008004ba                PROVIDE (__data_end, .)

.bss            0x008004ba      0x216
                0x008004ba                PROVIDE (__bss_start, .)
 *(.bss)
 *(.bss*)
 .bss.rx_buf    0x008004ba        0xa asci.o
 .bss.tx_buf    0x008004c4       0xb4 asci.o
 .bss.tx_op_pos
                0x00800578        0x1 asci.o
 .bss.tx_ip_pos
                0x00800579        0x1 asci.o
 .bss.rx_op_pos
                0x0080057a        0x1 asci.o
 .bss.rx_ip_pos
                0x0080057b        0x1 asci.o
 .bss.pe_count  0x0080057c        0x1 menu.o
 .bss.pe_code   0x0080057d        0x1 menu.o
 .bss.cur_menu_msg
                0x0080057e        0x2 menu.o
 .bss.extender_flag
                0x00800580        0x1 menu.o
 .bss.net_id    0x00800581        0x1 menu.o
 .bss.final_assy_name
                0x00800582        0x2 menu.o
 .bss.final_assy_type
                0x00800584        0x1 menu.o
 .bss.bd_id     0x00800585        0x1 menu.o
 .bss.debug_flag
                0x00800586        0x1 menu.o
 .bss.adapter_flag
                0x00800587        0x1 menu.o
 .bss.cur_calc_checksum
                0x00800588        0x2 menu.o
 .bss.last_i2C_addr
                0x0080058a        0x1 menu.o
 .bss.cur_i2C_addr
                0x0080058b        0x1 menu.o
 .bss.formatted_assy_no_string
                0x0080058c        0xd menu.o
 .bss.final_assy_rev_str
                0x00800599        0x4 menu.o
 .bss.final_assy_no_str
                0x0080059d        0x5 menu.o
 .bss.final_assy_serial_no_str
                0x008005a2        0xd menu.o
 .bss.bd_serial_no_str
                0x008005af        0x4 menu.o
 .bss.assy_rev_str
                0x008005b3        0x4 menu.o
 .bss.assy_no_str
                0x008005b7        0x5 menu.o
 .bss.wo_no_str
                0x008005bc        0xb menu.o
 .bss.user_ip_max_chars
                0x008005c7        0x1 menu.o
 .bss.user_ip_buf_ix
                0x008005c8        0x1 menu.o
 .bss.user_ip_buf
                0x008005c9       0x15 menu.o
 .bss.MEN_MSG_PTR
                0x008005de        0x2 menu.o
 .bss.next_cmd_func
                0x008005e0        0x2 menu.o
 .bss.cmd_bk_func
                0x008005e2        0x2 menu.o
 .bss.delay_flag
                0x008005e4        0x1 Timer.o
 .bss.delay_cnt
                0x008005e5        0x2 Timer.o
 .bss.set_delay
                0x008005e7        0x2 Timer.o
 *(COMMON)
 COMMON         0x008005e9       0x32 main.o
                0x008005e9                tmpstr
 COMMON         0x0080061b       0xb5 romdata.o
                0x0080061b                rambuf
                0x008006d0                PROVIDE (__bss_end, .)
                0x00004c00                __data_load_start = LOADADDR (.data)
                0x00004fba                __data_load_end = (__data_load_start + SIZEOF (.data))

.noinit         0x008006d0        0x0
                [!provide]                PROVIDE (__noinit_start, .)
 *(.noinit*)
                [!provide]                PROVIDE (__noinit_end, .)
                0x008006d0                _end = .
                [!provide]                PROVIDE (__heap_start, .)

.eeprom         0x00810000        0x0
 *(.eeprom*)
                0x00810000                __eeprom_end = .

.fuse
 *(.fuse)
 *(.lfuse)
 *(.hfuse)
 *(.efuse)

.lock
 *(.lock*)

.signature
 *(.signature*)

.user_signatures
 *(.user_signatures*)

.stab
 *(.stab)

.stabstr
 *(.stabstr)

.stab.excl
 *(.stab.excl)

.stab.exclstr
 *(.stab.exclstr)

.stab.index
 *(.stab.index)

.stab.indexstr
 *(.stab.indexstr)

.comment        0x00000000       0x5c
 *(.comment)
 .comment       0x00000000       0x30 asci.o
                                 0x31 (size before relaxing)
 .comment       0x00000030       0x31 i2c.o
 .comment       0x00000030       0x31 main.o
 .comment       0x00000030       0x31 menu.o
 .comment       0x00000030       0x31 romdata.o
 .comment       0x00000030       0x31 Timer.o
 .comment       0x00000030       0x31 version.o
 .comment       0x00000030       0x31 c:/program files (x86)/atmel/studio/7.0/toolchain/avr8/avr8-gnu-toolchain/bin/../lib/gcc/avr/5.4.0/../../../../avr/lib/avr5\libc.a(sprintf.o)
 .comment       0x00000030       0x2c c:/program files (x86)/atmel/studio/7.0/toolchain/avr8/avr8-gnu-toolchain/bin/../lib/gcc/avr/5.4.0/../../../../avr/lib/avr5\libc.a(vfprintf_std.o)
                                 0x2d (size before relaxing)
 .comment       0x0000005c       0x31 c:/program files (x86)/atmel/studio/7.0/toolchain/avr8/avr8-gnu-toolchain/bin/../lib/gcc/avr/5.4.0/../../../../avr/lib/avr5\libc.a(fputc.o)

.note.gnu.avr.deviceinfo
                0x00000000       0x40
 .note.gnu.avr.deviceinfo
                0x00000000       0x40 C:/Program Files (x86)/Atmel/Studio/7.0/Packs/atmel/ATmega_DFP/1.7.374/gcc/dev/atmega328p/avr5/crtatmega328p.o

.note.gnu.build-id
 *(.note.gnu.build-id)

.debug
 *(.debug)

.line
 *(.line)

.debug_srcinfo
 *(.debug_srcinfo)

.debug_sfnames
 *(.debug_sfnames)

.debug_aranges
 *(.debug_aranges)

.debug_pubnames
 *(.debug_pubnames)

.debug_info     0x00000000      0x5f4
 *(.debug_info .gnu.linkonce.wi.*)
 .debug_info    0x00000000      0x5f4 C:/Program Files (x86)/Atmel/Studio/7.0/Packs/atmel/ATmega_DFP/1.7.374/gcc/dev/atmega328p/avr5/crtatmega328p.o

.debug_abbrev   0x00000000      0x5a2
 *(.debug_abbrev)
 .debug_abbrev  0x00000000      0x5a2 C:/Program Files (x86)/Atmel/Studio/7.0/Packs/atmel/ATmega_DFP/1.7.374/gcc/dev/atmega328p/avr5/crtatmega328p.o

.debug_line     0x00000000      0x134
 *(.debug_line .debug_line.* .debug_line_end)
 .debug_line    0x00000000      0x134 C:/Program Files (x86)/Atmel/Studio/7.0/Packs/atmel/ATmega_DFP/1.7.374/gcc/dev/atmega328p/avr5/crtatmega328p.o

.debug_frame
 *(.debug_frame)

.debug_str      0x00000000      0x208
 *(.debug_str)
 .debug_str     0x00000000      0x208 C:/Program Files (x86)/Atmel/Studio/7.0/Packs/atmel/ATmega_DFP/1.7.374/gcc/dev/atmega328p/avr5/crtatmega328p.o

.debug_loc
 *(.debug_loc)

.debug_macinfo
 *(.debug_macinfo)

.debug_weaknames
 *(.debug_weaknames)

.debug_funcnames
 *(.debug_funcnames)

.debug_typenames
 *(.debug_typenames)

.debug_varnames
 *(.debug_varnames)

.debug_pubtypes
 *(.debug_pubtypes)

.debug_ranges
 *(.debug_ranges)

.debug_macro
 *(.debug_macro)
OUTPUT(TJ000006_SW.elf elf32-avr)
LOAD linker stubs
