Archive member included to satisfy reference by file (symbol)

c:/program files (x86)/atmel/studio/7.0/toolchain/avr8/avr8-gnu-toolchain/bin/../lib/gcc/avr/5.4.0/avr5\libgcc.a(_exit.o)
                              C:/Program Files (x86)/Atmel/Studio/7.0/Packs/atmel/ATmega_DFP/1.7.374/gcc/dev/atmega328p/avr5/crtatmega328p.o (exit)
c:/program files (x86)/atmel/studio/7.0/toolchain/avr8/avr8-gnu-toolchain/bin/../lib/gcc/avr/5.4.0/avr5\libgcc.a(_copy_data.o)
                              asci.o (__do_copy_data)
c:/program files (x86)/atmel/studio/7.0/toolchain/avr8/avr8-gnu-toolchain/bin/../lib/gcc/avr/5.4.0/avr5\libgcc.a(_clear_bss.o)
                              asci.o (__do_clear_bss)
c:/program files (x86)/atmel/studio/7.0/toolchain/avr8/avr8-gnu-toolchain/bin/../lib/gcc/avr/5.4.0/../../../../avr/lib/avr5\libc.a(strcat.o)
                              menu.o (strcat)
c:/program files (x86)/atmel/studio/7.0/toolchain/avr8/avr8-gnu-toolchain/bin/../lib/gcc/avr/5.4.0/../../../../avr/lib/avr5\libc.a(strcmp.o)
                              menu.o (strcmp)
c:/program files (x86)/atmel/studio/7.0/toolchain/avr8/avr8-gnu-toolchain/bin/../lib/gcc/avr/5.4.0/../../../../avr/lib/avr5\libc.a(strcpy.o)
                              menu.o (strcpy)
c:/program files (x86)/atmel/studio/7.0/toolchain/avr8/avr8-gnu-toolchain/bin/../lib/gcc/avr/5.4.0/../../../../avr/lib/avr5\libc.a(sprintf.o)
                              asci.o (sprintf)
c:/program files (x86)/atmel/studio/7.0/toolchain/avr8/avr8-gnu-toolchain/bin/../lib/gcc/avr/5.4.0/../../../../avr/lib/avr5\libc.a(vfprintf_std.o)
                              c:/program files (x86)/atmel/studio/7.0/toolchain/avr8/avr8-gnu-toolchain/bin/../lib/gcc/avr/5.4.0/../../../../avr/lib/avr5\libc.a(sprintf.o) (vfprintf)
c:/program files (x86)/atmel/studio/7.0/toolchain/avr8/avr8-gnu-toolchain/bin/../lib/gcc/avr/5.4.0/../../../../avr/lib/avr5\libc.a(strnlen_P.o)
                              c:/program files (x86)/atmel/studio/7.0/toolchain/avr8/avr8-gnu-toolchain/bin/../lib/gcc/avr/5.4.0/../../../../avr/lib/avr5\libc.a(vfprintf_std.o) (strnlen_P)
c:/program files (x86)/atmel/studio/7.0/toolchain/avr8/avr8-gnu-toolchain/bin/../lib/gcc/avr/5.4.0/../../../../avr/lib/avr5\libc.a(strnlen.o)
                              c:/program files (x86)/atmel/studio/7.0/toolchain/avr8/avr8-gnu-toolchain/bin/../lib/gcc/avr/5.4.0/../../../../avr/lib/avr5\libc.a(vfprintf_std.o) (strnlen)
c:/program files (x86)/atmel/studio/7.0/toolchain/avr8/avr8-gnu-toolchain/bin/../lib/gcc/avr/5.4.0/../../../../avr/lib/avr5\libc.a(fputc.o)
                              c:/program files (x86)/atmel/studio/7.0/toolchain/avr8/avr8-gnu-toolchain/bin/../lib/gcc/avr/5.4.0/../../../../avr/lib/avr5\libc.a(vfprintf_std.o) (fputc)
c:/program files (x86)/atmel/studio/7.0/toolchain/avr8/avr8-gnu-toolchain/bin/../lib/gcc/avr/5.4.0/../../../../avr/lib/avr5\libc.a(ultoa_invert.o)
                              c:/program files (x86)/atmel/studio/7.0/toolchain/avr8/avr8-gnu-toolchain/bin/../lib/gcc/avr/5.4.0/../../../../avr/lib/avr5\libc.a(vfprintf_std.o) (__ultoa_invert)
c:/program files (x86)/atmel/studio/7.0/toolchain/avr8/avr8-gnu-toolchain/bin/../lib/gcc/avr/5.4.0/avr5\libgcc.a(_prologue.o)
                              c:/program files (x86)/atmel/studio/7.0/toolchain/avr8/avr8-gnu-toolchain/bin/../lib/gcc/avr/5.4.0/../../../../avr/lib/avr5\libc.a(sprintf.o) (__prologue_saves__)
c:/program files (x86)/atmel/studio/7.0/toolchain/avr8/avr8-gnu-toolchain/bin/../lib/gcc/avr/5.4.0/avr5\libgcc.a(_epilogue.o)
                              c:/program files (x86)/atmel/studio/7.0/toolchain/avr8/avr8-gnu-toolchain/bin/../lib/gcc/avr/5.4.0/../../../../avr/lib/avr5\libc.a(sprintf.o) (__epilogue_restores__)

Allocating common symbols
Common symbol       size              file

tmpstr              0x32              main.o
rambuf              0xb5              romdata.o

Discarded input sections

 .data          0x00000000        0x0 C:/Program Files (x86)/Atmel/Studio/7.0/Packs/atmel/ATmega_DFP/1.7.374/gcc/dev/atmega328p/avr5/crtatmega328p.o
 .bss           0x00000000        0x0 C:/Program Files (x86)/Atmel/Studio/7.0/Packs/atmel/ATmega_DFP/1.7.374/gcc/dev/atmega328p/avr5/crtatmega328p.o
 .text          0x00000000        0x0 asci.o
 .data          0x00000000        0x0 asci.o
 .bss           0x00000000        0x0 asci.o
 .text.ASC_Shutdown_asci
                0x00000000        0x6 asci.o
 .text.ASC_Pause
                0x00000000       0x2a asci.o
 .progmem.data.pause_msg
                0x00000000       0x26 asci.o
 .text          0x00000000        0x0 CFile1.o
 .data          0x00000000        0x0 CFile1.o
 .bss           0x00000000        0x0 CFile1.o
 .comment       0x00000000       0x31 CFile1.o
 .text          0x00000000        0x0 i2c.o
 .data          0x00000000        0x0 i2c.o
 .bss           0x00000000        0x0 i2c.o
 .text.I2C_Shutdown
                0x00000000       0x10 i2c.o
 .text          0x00000000        0x0 main.o
 .data          0x00000000        0x0 main.o
 .bss           0x00000000        0x0 main.o
 .text.MAI_Get_but
                0x00000000        0x6 main.o
 .text.MAI_Set_but
                0x00000000        0x6 main.o
 .bss.but       0x00000000        0x1 main.o
 .text          0x00000000        0x0 menu.o
 .data          0x00000000        0x0 menu.o
 .bss           0x00000000        0x0 menu.o
 .text.MEN_Shutdown
                0x00000000        0xa menu.o
 .text.MEN_Set_cmd_bk_func
                0x00000000       0x1e menu.o
 .progmem.data.MAX_USER_IP_LEN_EXEEDED_MSG
                0x00000000       0x38 menu.o
 .progmem.data.ENTER_BD_ASSY_NO_MSG
                0x00000000       0x56 menu.o
 .progmem.data.DOT_MSG
                0x00000000        0x2 menu.o
 .text          0x00000000        0x0 romdata.o
 .data          0x00000000        0x0 romdata.o
 .bss           0x00000000        0x0 romdata.o
 .text.ROM_Read_byte
                0x00000000        0x6 romdata.o
 .text.ROM_Read_word
                0x00000000        0x8 romdata.o
 .text          0x00000000        0x0 Timer.o
 .data          0x00000000        0x0 Timer.o
 .bss           0x00000000        0x0 Timer.o
 .text          0x00000000        0x0 version.o
 .data          0x00000000        0x0 version.o
 .bss           0x00000000        0x0 version.o
 .text          0x00000000        0x0 c:/program files (x86)/atmel/studio/7.0/toolchain/avr8/avr8-gnu-toolchain/bin/../lib/gcc/avr/5.4.0/avr5\libgcc.a(_exit.o)
 .data          0x00000000        0x0 c:/program files (x86)/atmel/studio/7.0/toolchain/avr8/avr8-gnu-toolchain/bin/../lib/gcc/avr/5.4.0/avr5\libgcc.a(_exit.o)
 .bss           0x00000000        0x0 c:/program files (x86)/atmel/studio/7.0/toolchain/avr8/avr8-gnu-toolchain/bin/../lib/gcc/avr/5.4.0/avr5\libgcc.a(_exit.o)
 .text.libgcc.mul
                0x00000000        0x0 c:/program files (x86)/atmel/studio/7.0/toolchain/avr8/avr8-gnu-toolchain/bin/../lib/gcc/avr/5.4.0/avr5\libgcc.a(_exit.o)
 .text.libgcc.div
                0x00000000        0x0 c:/program files (x86)/atmel/studio/7.0/toolchain/avr8/avr8-gnu-toolchain/bin/../lib/gcc/avr/5.4.0/avr5\libgcc.a(_exit.o)
 .text.libgcc   0x00000000        0x0 c:/program files (x86)/atmel/studio/7.0/toolchain/avr8/avr8-gnu-toolchain/bin/../lib/gcc/avr/5.4.0/avr5\libgcc.a(_exit.o)
 .text.libgcc.prologue
                0x00000000        0x0 c:/program files (x86)/atmel/studio/7.0/toolchain/avr8/avr8-gnu-toolchain/bin/../lib/gcc/avr/5.4.0/avr5\libgcc.a(_exit.o)
 .text.libgcc.builtins
                0x00000000        0x0 c:/program files (x86)/atmel/studio/7.0/toolchain/avr8/avr8-gnu-toolchain/bin/../lib/gcc/avr/5.4.0/avr5\libgcc.a(_exit.o)
 .text.libgcc.fmul
                0x00000000        0x0 c:/program files (x86)/atmel/studio/7.0/toolchain/avr8/avr8-gnu-toolchain/bin/../lib/gcc/avr/5.4.0/avr5\libgcc.a(_exit.o)
 .text.libgcc.fixed
                0x00000000        0x0 c:/program files (x86)/atmel/studio/7.0/toolchain/avr8/avr8-gnu-toolchain/bin/../lib/gcc/avr/5.4.0/avr5\libgcc.a(_exit.o)
 .text          0x00000000        0x0 c:/program files (x86)/atmel/studio/7.0/toolchain/avr8/avr8-gnu-toolchain/bin/../lib/gcc/avr/5.4.0/avr5\libgcc.a(_copy_data.o)
 .data          0x00000000        0x0 c:/program files (x86)/atmel/studio/7.0/toolchain/avr8/avr8-gnu-toolchain/bin/../lib/gcc/avr/5.4.0/avr5\libgcc.a(_copy_data.o)
 .bss           0x00000000        0x0 c:/program files (x86)/atmel/studio/7.0/toolchain/avr8/avr8-gnu-toolchain/bin/../lib/gcc/avr/5.4.0/avr5\libgcc.a(_copy_data.o)
 .text.libgcc.mul
                0x00000000        0x0 c:/program files (x86)/atmel/studio/7.0/toolchain/avr8/avr8-gnu-toolchain/bin/../lib/gcc/avr/5.4.0/avr5\libgcc.a(_copy_data.o)
 .text.libgcc.div
                0x00000000        0x0 c:/program files (x86)/atmel/studio/7.0/toolchain/avr8/avr8-gnu-toolchain/bin/../lib/gcc/avr/5.4.0/avr5\libgcc.a(_copy_data.o)
 .text.libgcc   0x00000000        0x0 c:/program files (x86)/atmel/studio/7.0/toolchain/avr8/avr8-gnu-toolchain/bin/../lib/gcc/avr/5.4.0/avr5\libgcc.a(_copy_data.o)
 .text.libgcc.prologue
                0x00000000        0x0 c:/program files (x86)/atmel/studio/7.0/toolchain/avr8/avr8-gnu-toolchain/bin/../lib/gcc/avr/5.4.0/avr5\libgcc.a(_copy_data.o)
 .text.libgcc.builtins
                0x00000000        0x0 c:/program files (x86)/atmel/studio/7.0/toolchain/avr8/avr8-gnu-toolchain/bin/../lib/gcc/avr/5.4.0/avr5\libgcc.a(_copy_data.o)
 .text.libgcc.fmul
                0x00000000        0x0 c:/program files (x86)/atmel/studio/7.0/toolchain/avr8/avr8-gnu-toolchain/bin/../lib/gcc/avr/5.4.0/avr5\libgcc.a(_copy_data.o)
 .text.libgcc.fixed
                0x00000000        0x0 c:/program files (x86)/atmel/studio/7.0/toolchain/avr8/avr8-gnu-toolchain/bin/../lib/gcc/avr/5.4.0/avr5\libgcc.a(_copy_data.o)
 .text          0x00000000        0x0 c:/program files (x86)/atmel/studio/7.0/toolchain/avr8/avr8-gnu-toolchain/bin/../lib/gcc/avr/5.4.0/avr5\libgcc.a(_clear_bss.o)
 .data          0x00000000        0x0 c:/program files (x86)/atmel/studio/7.0/toolchain/avr8/avr8-gnu-toolchain/bin/../lib/gcc/avr/5.4.0/avr5\libgcc.a(_clear_bss.o)
 .bss           0x00000000        0x0 c:/program files (x86)/atmel/studio/7.0/toolchain/avr8/avr8-gnu-toolchain/bin/../lib/gcc/avr/5.4.0/avr5\libgcc.a(_clear_bss.o)
 .text.libgcc.mul
                0x00000000        0x0 c:/program files (x86)/atmel/studio/7.0/toolchain/avr8/avr8-gnu-toolchain/bin/../lib/gcc/avr/5.4.0/avr5\libgcc.a(_clear_bss.o)
 .text.libgcc.div
                0x00000000        0x0 c:/program files (x86)/atmel/studio/7.0/toolchain/avr8/avr8-gnu-toolchain/bin/../lib/gcc/avr/5.4.0/avr5\libgcc.a(_clear_bss.o)
 .text.libgcc   0x00000000        0x0 c:/program files (x86)/atmel/studio/7.0/toolchain/avr8/avr8-gnu-toolchain/bin/../lib/gcc/avr/5.4.0/avr5\libgcc.a(_clear_bss.o)
 .text.libgcc.prologue
                0x00000000        0x0 c:/program files (x86)/atmel/studio/7.0/toolchain/avr8/avr8-gnu-toolchain/bin/../lib/gcc/avr/5.4.0/avr5\libgcc.a(_clear_bss.o)
 .text.libgcc.builtins
                0x00000000        0x0 c:/program files (x86)/atmel/studio/7.0/toolchain/avr8/avr8-gnu-toolchain/bin/../lib/gcc/avr/5.4.0/avr5\libgcc.a(_clear_bss.o)
 .text.libgcc.fmul
                0x00000000        0x0 c:/program files (x86)/atmel/studio/7.0/toolchain/avr8/avr8-gnu-toolchain/bin/../lib/gcc/avr/5.4.0/avr5\libgcc.a(_clear_bss.o)
 .text.libgcc.fixed
                0x00000000        0x0 c:/program files (x86)/atmel/studio/7.0/toolchain/avr8/avr8-gnu-toolchain/bin/../lib/gcc/avr/5.4.0/avr5\libgcc.a(_clear_bss.o)
 .text          0x00000000        0x0 c:/program files (x86)/atmel/studio/7.0/toolchain/avr8/avr8-gnu-toolchain/bin/../lib/gcc/avr/5.4.0/../../../../avr/lib/avr5\libc.a(strcat.o)
 .data          0x00000000        0x0 c:/program files (x86)/atmel/studio/7.0/toolchain/avr8/avr8-gnu-toolchain/bin/../lib/gcc/avr/5.4.0/../../../../avr/lib/avr5\libc.a(strcat.o)
 .bss           0x00000000        0x0 c:/program files (x86)/atmel/studio/7.0/toolchain/avr8/avr8-gnu-toolchain/bin/../lib/gcc/avr/5.4.0/../../../../avr/lib/avr5\libc.a(strcat.o)
 .text          0x00000000        0x0 c:/program files (x86)/atmel/studio/7.0/toolchain/avr8/avr8-gnu-toolchain/bin/../lib/gcc/avr/5.4.0/../../../../avr/lib/avr5\libc.a(strcmp.o)
 .data          0x00000000        0x0 c:/program files (x86)/atmel/studio/7.0/toolchain/avr8/avr8-gnu-toolchain/bin/../lib/gcc/avr/5.4.0/../../../../avr/lib/avr5\libc.a(strcmp.o)
 .bss           0x00000000        0x0 c:/program files (x86)/atmel/studio/7.0/toolchain/avr8/avr8-gnu-toolchain/bin/../lib/gcc/avr/5.4.0/../../../../avr/lib/avr5\libc.a(strcmp.o)
 .text          0x00000000        0x0 c:/program files (x86)/atmel/studio/7.0/toolchain/avr8/avr8-gnu-toolchain/bin/../lib/gcc/avr/5.4.0/../../../../avr/lib/avr5\libc.a(strcpy.o)
 .data          0x00000000        0x0 c:/program files (x86)/atmel/studio/7.0/toolchain/avr8/avr8-gnu-toolchain/bin/../lib/gcc/avr/5.4.0/../../../../avr/lib/avr5\libc.a(strcpy.o)
 .bss           0x00000000        0x0 c:/program files (x86)/atmel/studio/7.0/toolchain/avr8/avr8-gnu-toolchain/bin/../lib/gcc/avr/5.4.0/../../../../avr/lib/avr5\libc.a(strcpy.o)
 .text          0x00000000        0x0 c:/program files (x86)/atmel/studio/7.0/toolchain/avr8/avr8-gnu-toolchain/bin/../lib/gcc/avr/5.4.0/../../../../avr/lib/avr5\libc.a(sprintf.o)
 .data          0x00000000        0x0 c:/program files (x86)/atmel/studio/7.0/toolchain/avr8/avr8-gnu-toolchain/bin/../lib/gcc/avr/5.4.0/../../../../avr/lib/avr5\libc.a(sprintf.o)
 .bss           0x00000000        0x0 c:/program files (x86)/atmel/studio/7.0/toolchain/avr8/avr8-gnu-toolchain/bin/../lib/gcc/avr/5.4.0/../../../../avr/lib/avr5\libc.a(sprintf.o)
 .text          0x00000000        0x0 c:/program files (x86)/atmel/studio/7.0/toolchain/avr8/avr8-gnu-toolchain/bin/../lib/gcc/avr/5.4.0/../../../../avr/lib/avr5\libc.a(vfprintf_std.o)
 .data          0x00000000        0x0 c:/program files (x86)/atmel/studio/7.0/toolchain/avr8/avr8-gnu-toolchain/bin/../lib/gcc/avr/5.4.0/../../../../avr/lib/avr5\libc.a(vfprintf_std.o)
 .bss           0x00000000        0x0 c:/program files (x86)/atmel/studio/7.0/toolchain/avr8/avr8-gnu-toolchain/bin/../lib/gcc/avr/5.4.0/../../../../avr/lib/avr5\libc.a(vfprintf_std.o)
 .text          0x00000000        0x0 c:/program files (x86)/atmel/studio/7.0/toolchain/avr8/avr8-gnu-toolchain/bin/../lib/gcc/avr/5.4.0/../../../../avr/lib/avr5\libc.a(strnlen_P.o)
 .data          0x00000000        0x0 c:/program files (x86)/atmel/studio/7.0/toolchain/avr8/avr8-gnu-toolchain/bin/../lib/gcc/avr/5.4.0/../../../../avr/lib/avr5\libc.a(strnlen_P.o)
 .bss           0x00000000        0x0 c:/program files (x86)/atmel/studio/7.0/toolchain/avr8/avr8-gnu-toolchain/bin/../lib/gcc/avr/5.4.0/../../../../avr/lib/avr5\libc.a(strnlen_P.o)
 .text          0x00000000        0x0 c:/program files (x86)/atmel/studio/7.0/toolchain/avr8/avr8-gnu-toolchain/bin/../lib/gcc/avr/5.4.0/../../../../avr/lib/avr5\libc.a(strnlen.o)
 .data          0x00000000        0x0 c:/program files (x86)/atmel/studio/7.0/toolchain/avr8/avr8-gnu-toolchain/bin/../lib/gcc/avr/5.4.0/../../../../avr/lib/avr5\libc.a(strnlen.o)
 .bss           0x00000000        0x0 c:/program files (x86)/atmel/studio/7.0/toolchain/avr8/avr8-gnu-toolchain/bin/../lib/gcc/avr/5.4.0/../../../../avr/lib/avr5\libc.a(strnlen.o)
 .text          0x00000000        0x0 c:/program files (x86)/atmel/studio/7.0/toolchain/avr8/avr8-gnu-toolchain/bin/../lib/gcc/avr/5.4.0/../../../../avr/lib/avr5\libc.a(fputc.o)
 .data          0x00000000        0x0 c:/program files (x86)/atmel/studio/7.0/toolchain/avr8/avr8-gnu-toolchain/bin/../lib/gcc/avr/5.4.0/../../../../avr/lib/avr5\libc.a(fputc.o)
 .bss           0x00000000        0x0 c:/program files (x86)/atmel/studio/7.0/toolchain/avr8/avr8-gnu-toolchain/bin/../lib/gcc/avr/5.4.0/../../../../avr/lib/avr5\libc.a(fputc.o)
 .text          0x00000000        0x0 c:/program files (x86)/atmel/studio/7.0/toolchain/avr8/avr8-gnu-toolchain/bin/../lib/gcc/avr/5.4.0/../../../../avr/lib/avr5\libc.a(ultoa_invert.o)
 .data          0x00000000        0x0 c:/program files (x86)/atmel/studio/7.0/toolchain/avr8/avr8-gnu-toolchain/bin/../lib/gcc/avr/5.4.0/../../../../avr/lib/avr5\libc.a(ultoa_invert.o)
 .bss           0x00000000        0x0 c:/program files (x86)/atmel/studio/7.0/toolchain/avr8/avr8-gnu-toolchain/bin/../lib/gcc/avr/5.4.0/../../../../avr/lib/avr5\libc.a(ultoa_invert.o)
 .text          0x00000000        0x0 c:/program files (x86)/atmel/studio/7.0/toolchain/avr8/avr8-gnu-toolchain/bin/../lib/gcc/avr/5.4.0/avr5\libgcc.a(_prologue.o)
 .data          0x00000000        0x0 c:/program files (x86)/atmel/studio/7.0/toolchain/avr8/avr8-gnu-toolchain/bin/../lib/gcc/avr/5.4.0/avr5\libgcc.a(_prologue.o)
 .bss           0x00000000        0x0 c:/program files (x86)/atmel/studio/7.0/toolchain/avr8/avr8-gnu-toolchain/bin/../lib/gcc/avr/5.4.0/avr5\libgcc.a(_prologue.o)
 .text.libgcc.mul
                0x00000000        0x0 c:/program files (x86)/atmel/studio/7.0/toolchain/avr8/avr8-gnu-toolchain/bin/../lib/gcc/avr/5.4.0/avr5\libgcc.a(_prologue.o)
 .text.libgcc.div
                0x00000000        0x0 c:/program files (x86)/atmel/studio/7.0/toolchain/avr8/avr8-gnu-toolchain/bin/../lib/gcc/avr/5.4.0/avr5\libgcc.a(_prologue.o)
 .text.libgcc   0x00000000        0x0 c:/program files (x86)/atmel/studio/7.0/toolchain/avr8/avr8-gnu-toolchain/bin/../lib/gcc/avr/5.4.0/avr5\libgcc.a(_prologue.o)
 .text.libgcc.builtins
                0x00000000        0x0 c:/program files (x86)/atmel/studio/7.0/toolchain/avr8/avr8-gnu-toolchain/bin/../lib/gcc/avr/5.4.0/avr5\libgcc.a(_prologue.o)
 .text.libgcc.fmul
                0x00000000        0x0 c:/program files (x86)/atmel/studio/7.0/toolchain/avr8/avr8-gnu-toolchain/bin/../lib/gcc/avr/5.4.0/avr5\libgcc.a(_prologue.o)
 .text.libgcc.fixed
                0x00000000        0x0 c:/program files (x86)/atmel/studio/7.0/toolchain/avr8/avr8-gnu-toolchain/bin/../lib/gcc/avr/5.4.0/avr5\libgcc.a(_prologue.o)
 .text          0x00000000        0x0 c:/program files (x86)/atmel/studio/7.0/toolchain/avr8/avr8-gnu-toolchain/bin/../lib/gcc/avr/5.4.0/avr5\libgcc.a(_epilogue.o)
 .data          0x00000000        0x0 c:/program files (x86)/atmel/studio/7.0/toolchain/avr8/avr8-gnu-toolchain/bin/../lib/gcc/avr/5.4.0/avr5\libgcc.a(_epilogue.o)
 .bss           0x00000000        0x0 c:/program files (x86)/atmel/studio/7.0/toolchain/avr8/avr8-gnu-toolchain/bin/../lib/gcc/avr/5.4.0/avr5\libgcc.a(_epilogue.o)
 .text.libgcc.mul
                0x00000000        0x0 c:/program files (x86)/atmel/studio/7.0/toolchain/avr8/avr8-gnu-toolchain/bin/../lib/gcc/avr/5.4.0/avr5\libgcc.a(_epilogue.o)
 .text.libgcc.div
                0x00000000        0x0 c:/program files (x86)/atmel/studio/7.0/toolchain/avr8/avr8-gnu-toolchain/bin/../lib/gcc/avr/5.4.0/avr5\libgcc.a(_epilogue.o)
 .text.libgcc   0x00000000        0x0 c:/program files (x86)/atmel/studio/7.0/toolchain/avr8/avr8-gnu-toolchain/bin/../lib/gcc/avr/5.4.0/avr5\libgcc.a(_epilogue.o)
 .text.libgcc.builtins
                0x00000000        0x0 c:/program files (x86)/atmel/studio/7.0/toolchain/avr8/avr8-gnu-toolchain/bin/../lib/gcc/avr/5.4.0/avr5\libgcc.a(_epilogue.o)
 .text.libgcc.fmul
                0x00000000        0x0 c:/program files (x86)/atmel/studio/7.0/toolchain/avr8/avr8-gnu-toolchain/bin/../lib/gcc/avr/5.4.0/avr5\libgcc.a(_epilogue.o)
 .text.libgcc.fixed
                0x00000000        0x0 c:/program files (x86)/atmel/studio/7.0/toolchain/avr8/avr8-gnu-toolchain/bin/../lib/gcc/avr/5.4.0/avr5\libgcc.a(_epilogue.o)

Memory Configuration

Name             Origin             Length             Attributes
text             0x00000000         0x00008000         xr
data             0x00800100         0x00000800         rw !x
eeprom           0x00810000         0x00000400         rw !x
fuse             0x00820000         0x00000003         rw !x
lock             0x00830000         0x00000400         rw !x
signature        0x00840000         0x00000400         rw !x
user_signatures  0x00850000         0x00000400         rw !x
*default*        0x00000000         0xffffffff

Linker script and memory map

Address of section .data set to 0x800100
LOAD C:/Program Files (x86)/Atmel/Studio/7.0/Packs/atmel/ATmega_DFP/1.7.374/gcc/dev/atmega328p/avr5/crtatmega328p.o
LOAD asci.o
LOAD CFile1.o
LOAD i2c.o
LOAD main.o
LOAD menu.o
LOAD romdata.o
LOAD Timer.o
LOAD version.o
START GROUP
LOAD c:/program files (x86)/atmel/studio/7.0/toolchain/avr8/avr8-gnu-toolchain/bin/../lib/gcc/avr/5.4.0/../../../../avr/lib/avr5\libm.a
END GROUP
START GROUP
LOAD c:/program files (x86)/atmel/studio/7.0/toolchain/avr8/avr8-gnu-toolchain/bin/../lib/gcc/avr/5.4.0/avr5\libgcc.a
LOAD c:/program files (x86)/atmel/studio/7.0/toolchain/avr8/avr8-gnu-toolchain/bin/../lib/gcc/avr/5.4.0/../../../../avr/lib/avr5\libm.a
LOAD c:/program files (x86)/atmel/studio/7.0/toolchain/avr8/avr8-gnu-toolchain/bin/../lib/gcc/avr/5.4.0/../../../../avr/lib/avr5\libc.a
LOAD C:/Program Files (x86)/Atmel/Studio/7.0/Packs/atmel/ATmega_DFP/1.7.374/gcc/dev/atmega328p/avr5\libatmega328p.a
END GROUP
                0x00000000                __TEXT_REGION_ORIGIN__ = DEFINED (__TEXT_REGION_ORIGIN__)?__TEXT_REGION_ORIGIN__:0x0
                [0x00800100]                __DATA_REGION_ORIGIN__ = DEFINED (__DATA_REGION_ORIGIN__)?__DATA_REGION_ORIGIN__:0x800060
                [0x00008000]                __TEXT_REGION_LENGTH__ = DEFINED (__TEXT_REGION_LENGTH__)?__TEXT_REGION_LENGTH__:0x20000
                [0x00000800]                __DATA_REGION_LENGTH__ = DEFINED (__DATA_REGION_LENGTH__)?__DATA_REGION_LENGTH__:0xffa0
                [0x00000400]                __EEPROM_REGION_LENGTH__ = DEFINED (__EEPROM_REGION_LENGTH__)?__EEPROM_REGION_LENGTH__:0x10000
                [0x00000003]                __FUSE_REGION_LENGTH__ = DEFINED (__FUSE_REGION_LENGTH__)?__FUSE_REGION_LENGTH__:0x400
                0x00000400                __LOCK_REGION_LENGTH__ = DEFINED (__LOCK_REGION_LENGTH__)?__LOCK_REGION_LENGTH__:0x400
                0x00000400                __SIGNATURE_REGION_LENGTH__ = DEFINED (__SIGNATURE_REGION_LENGTH__)?__SIGNATURE_REGION_LENGTH__:0x400
                0x00000400                __USER_SIGNATURE_REGION_LENGTH__ = DEFINED (__USER_SIGNATURE_REGION_LENGTH__)?__USER_SIGNATURE_REGION_LENGTH__:0x400

.hash
 *(.hash)

.dynsym
 *(.dynsym)

.dynstr
 *(.dynstr)

.gnu.version
 *(.gnu.version)

.gnu.version_d
 *(.gnu.version_d)

.gnu.version_r
 *(.gnu.version_r)

.rel.init
 *(.rel.init)

.rela.init
 *(.rela.init)

.rel.text
 *(.rel.text)
 *(.rel.text.*)
 *(.rel.gnu.linkonce.t*)

.rela.text
 *(.rela.text)
 *(.rela.text.*)
 *(.rela.gnu.linkonce.t*)

.rel.fini
 *(.rel.fini)

.rela.fini
 *(.rela.fini)

.rel.rodata
 *(.rel.rodata)
 *(.rel.rodata.*)
 *(.rel.gnu.linkonce.r*)

.rela.rodata
 *(.rela.rodata)
 *(.rela.rodata.*)
 *(.rela.gnu.linkonce.r*)

.rel.data
 *(.rel.data)
 *(.rel.data.*)
 *(.rel.gnu.linkonce.d*)

.rela.data
 *(.rela.data)
 *(.rela.data.*)
 *(.rela.gnu.linkonce.d*)

.rel.ctors
 *(.rel.ctors)

.rela.ctors
 *(.rela.ctors)

.rel.dtors
 *(.rel.dtors)

.rela.dtors
 *(.rela.dtors)

.rel.got
 *(.rel.got)

.rela.got
 *(.rela.got)

.rel.bss
 *(.rel.bss)

.rela.bss
 *(.rela.bss)

.rel.plt
 *(.rel.plt)

.rela.plt
 *(.rela.plt)

.text           0x00000000     0x3a5e
 *(.vectors)
 .vectors       0x00000000       0x68 C:/Program Files (x86)/Atmel/Studio/7.0/Packs/atmel/ATmega_DFP/1.7.374/gcc/dev/atmega328p/avr5/crtatmega328p.o
                0x00000000                __vector_default
                0x00000000                __vectors
 *(.vectors)
 *(.progmem.gcc*)
                0x00000068                . = ALIGN (0x2)
                0x00000068                __trampolines_start = .
 *(.trampolines)
 .trampolines   0x00000068        0x0 linker stubs
 *(.trampolines*)
                0x00000068                __trampolines_end = .
 *libprintf_flt.a:*(.progmem.data)
 *libc.a:*(.progmem.data)
 *(.progmem*)
 .progmem.data.PORT_EXPANDER_TEST_MSG
                0x00000068       0x6b menu.o
                0x00000068                PORT_EXPANDER_TEST_MSG
 .progmem.data.PORT_EXPANDER_DEBUG_MSG
                0x000000d3       0x59 menu.o
                0x000000d3                PORT_EXPANDER_DEBUG_MSG
 .progmem.data.DEBUG_MENU_MSG
                0x0000012c       0xe5 menu.o
                0x0000012c                DEBUG_MENU_MSG
 .progmem.data.EEPROM_DEBUG_MSG
                0x00000211       0xd2 menu.o
                0x00000211                EEPROM_DEBUG_MSG
 .progmem.data.NUMERIC_CHARS_ONLY_MSG
                0x000002e3       0x46 menu.o
                0x000002e3                NUMERIC_CHARS_ONLY_MSG
 .progmem.data.ALPHANUMERIC_CHARS_ONLY_MSG
                0x00000329       0x55 menu.o
                0x00000329                ALPHANUMERIC_CHARS_ONLY_MSG
 .progmem.data.EEPROM_READ_ERROR_MSG
                0x0000037e       0x21 menu.o
                0x0000037e                EEPROM_READ_ERROR_MSG
 .progmem.data.DATA_RETENTION_BAD_MSG
                0x0000039f       0x22 menu.o
                0x0000039f                DATA_RETENTION_BAD_MSG
 .progmem.data.DATA_RETENTION_OK_MSG
                0x000003c1       0x17 menu.o
                0x000003c1                DATA_RETENTION_OK_MSG
 .progmem.data.CHECKING_DATA_RETENTION_MSG
                0x000003d8       0x39 menu.o
                0x000003d8                CHECKING_DATA_RETENTION_MSG
 .progmem.data.PCB_ASSY_SN_MSG
                0x00000411       0x10 menu.o
                0x00000411                PCB_ASSY_SN_MSG
 .progmem.data.PCB_ASSY_PN_MSG
                0x00000421       0x10 menu.o
                0x00000421                PCB_ASSY_PN_MSG
 .progmem.data.PRODUCT_SN_MSG
                0x00000431       0x10 menu.o
                0x00000431                PRODUCT_SN_MSG
 .progmem.data.PRODUCT_PN_MSG
                0x00000441       0x10 menu.o
                0x00000441                PRODUCT_PN_MSG
 .progmem.data.DATA_NOT_SET_MSG
                0x00000451        0xa menu.o
                0x00000451                DATA_NOT_SET_MSG
 .progmem.data.CHECKSUM_MATCH_MSG
                0x0000045b       0x3c menu.o
                0x0000045b                CHECKSUM_MATCH_MSG
 .progmem.data.CHECKSUM_MISMATCH_MSG
                0x00000497       0x32 menu.o
                0x00000497                CHECKSUM_MISMATCH_MSG
 .progmem.data.CHECK_HEADER_MSG
                0x000004c9       0x4f menu.o
                0x000004c9                CHECK_HEADER_MSG
 .progmem.data.NOT_ENOUGH_WO_NO_IP_CHARS_MSG
                0x00000518       0x4e menu.o
                0x00000518                NOT_ENOUGH_WO_NO_IP_CHARS_MSG
 .progmem.data.NO_FINAL_ASSY_REV_SN_IP_CHARS_MSG
                0x00000566       0x4a menu.o
                0x00000566                NO_FINAL_ASSY_REV_SN_IP_CHARS_MSG
 .progmem.data.NOT_ENOUGH_ASSY_REV_IP_CHARS_MSG
                0x000005b0       0x46 menu.o
                0x000005b0                NOT_ENOUGH_ASSY_REV_IP_CHARS_MSG
 .progmem.data.NOT_ENOUGH_ASSY_NO_IP_CHARS_MSG
                0x000005f6       0x46 menu.o
                0x000005f6                NOT_ENOUGH_ASSY_NO_IP_CHARS_MSG
 .progmem.data.BD_TEST_FAIL_MSG
                0x0000063c       0x6f menu.o
                0x0000063c                BD_TEST_FAIL_MSG
 .progmem.data.BD_TEST_SUCCESS_MSG
                0x000006ab       0x69 menu.o
                0x000006ab                BD_TEST_SUCCESS_MSG
 .progmem.data.PORT_EXPANDER_TSET_FAILED_MSG
                0x00000714       0x4f menu.o
                0x00000714                PORT_EXPANDER_TSET_FAILED_MSG
 .progmem.data.PROG_SUCCESS_MSG
                0x00000763       0x31 menu.o
                0x00000763                PROG_SUCCESS_MSG
 .progmem.data.PROG_EEPROM_MSG
                0x00000794       0x34 menu.o
                0x00000794                PROG_EEPROM_MSG
 .progmem.data.CONNECT_ADAPTER_MSG
                0x000007c8       0x61 menu.o
                0x000007c8                CONNECT_ADAPTER_MSG
 .progmem.data.CONNECT_BD_MSG
                0x00000829       0x85 menu.o
                0x00000829                CONNECT_BD_MSG
 .progmem.data.ENTER_NEXT_SN_MSG
                0x000008ae       0x27 menu.o
                0x000008ae                ENTER_NEXT_SN_MSG
 .progmem.data.ENTER_SN_MSG
                0x000008d5       0x42 menu.o
                0x000008d5                ENTER_SN_MSG
 .progmem.data.PRESS_X_OR_PROCEED_MSG
                0x00000917       0x2e menu.o
                0x00000917                PRESS_X_OR_PROCEED_MSG
 .progmem.data.CHECK_DETAILS_MSG
                0x00000945       0x2f menu.o
                0x00000945                CHECK_DETAILS_MSG
 .progmem.data.ENTER_BD_ASSY_REV_MSG
                0x00000974       0x5f menu.o
                0x00000974                ENTER_BD_ASSY_REV_MSG
 .progmem.data.ENTER_WO_MSG
                0x000009d3       0x5d menu.o
                0x000009d3                ENTER_WO_MSG
 .progmem.data.NET_ADAPT_SELECTED_MSG
                0x00000a30       0x27 menu.o
                0x00000a30                NET_ADAPT_SELECTED_MSG
 .progmem.data.NET_CONN_SELECTED_MSG
                0x00000a57       0x29 menu.o
                0x00000a57                NET_CONN_SELECTED_MSG
 .progmem.data.SELECT_BD_MSG
                0x00000a80       0xb7 menu.o
                0x00000a80                SELECT_BD_MSG
 .progmem.data.START_MENU_MSG
                0x00000b37       0x5c menu.o
                0x00000b37                START_MENU_MSG
 .progmem.data.ENTER_FINAL_ASSY_SN_MSG
                0x00000b93       0x53 menu.o
                0x00000b93                ENTER_FINAL_ASSY_SN_MSG
 .progmem.data.ADAPTER_ASSY_MSG
                0x00000be6       0x15 menu.o
 .progmem.data.EXTENSION_ASSY_MSG
                0x00000bfb       0x17 menu.o
 .progmem.data.NET_ASSY_MSG
                0x00000c12        0xd menu.o
 .progmem.data.ENTER_FINAL_ASSY_REV_MSG
                0x00000c1f       0x3d menu.o
                0x00000c1f                ENTER_FINAL_ASSY_REV_MSG
 .progmem.data.ENTER_FINAL_ASSY_NO_MSG
                0x00000c5c       0x3a menu.o
                0x00000c5c                ENTER_FINAL_ASSY_NO_MSG
 .progmem.data.INVALID_ENTRY_MSG
                0x00000c96       0x26 menu.o
                0x00000c96                INVALID_ENTRY_MSG
 .progmem.data.FSTART_MENU_MSG
                0x00000cbc       0x53 menu.o
                0x00000cbc                FSTART_MENU_MSG
 .progmem.data.STORED_DETAILS_MSG
                0x00000d0f       0x36 menu.o
                0x00000d0f                STORED_DETAILS_MSG
 .progmem.data.NET_ADAPT_PCB_MSG
                0x00000d45       0x10 menu.o
                0x00000d45                NET_ADAPT_PCB_MSG
 .progmem.data.NET_CONN_PCB_MSG
                0x00000d55       0x12 menu.o
                0x00000d55                NET_CONN_PCB_MSG
 .progmem.data.CMD_NOT_IMPLEMENTED_MSG
                0x00000d67       0x1b menu.o
 .progmem.data.BD_TEST_JIG_MSG
                0x00000d82       0x31 menu.o
                0x00000d82                BD_TEST_JIG_MSG
 .progmem.data.INVALID_JIG_ID_MSG
                0x00000db3       0x2a menu.o
                0x00000db3                INVALID_JIG_ID_MSG
 .progmem.data.FINAL_TEST_JIG_MSG
                0x00000ddd       0x2e menu.o
                0x00000ddd                FINAL_TEST_JIG_MSG
 .progmem.data.OPENING_MENU_MSG
                0x00000e0b       0x5f menu.o
                0x00000e0b                OPENING_MENU_MSG
 .progmem.data.COPYRIGHT_MSG
                0x00000e6a       0x3b menu.o
                0x00000e6a                COPYRIGHT_MSG
 .progmem.data.NEWPAGE_MSG
                0x00000ea5       0x11 menu.o
                0x00000ea5                NEWPAGE_MSG
 .progmem.data.NEWLINE_MSG
                0x00000eb6        0x3 menu.o
                0x00000eb6                NEWLINE_MSG
 .progmem.data.FW_PN
                0x00000eb9       0x17 version.o
                0x00000ed0                . = ALIGN (0x2)
 *(.jumptables)
 *(.jumptables*)
 *(.lowtext)
 *(.lowtext*)
                0x00000ed0                __ctors_start = .
 *(.ctors)
                0x00000ed0                __ctors_end = .
                0x00000ed0                __dtors_start = .
 *(.dtors)
                0x00000ed0                __dtors_end = .
 SORT(*)(.ctors)
 SORT(*)(.dtors)
 *(.init0)
 .init0         0x00000ed0        0x0 C:/Program Files (x86)/Atmel/Studio/7.0/Packs/atmel/ATmega_DFP/1.7.374/gcc/dev/atmega328p/avr5/crtatmega328p.o
                0x00000ed0                __init
 *(.init0)
 *(.init1)
 *(.init1)
 *(.init2)
 .init2         0x00000ed0        0xc C:/Program Files (x86)/Atmel/Studio/7.0/Packs/atmel/ATmega_DFP/1.7.374/gcc/dev/atmega328p/avr5/crtatmega328p.o
 *(.init2)
 *(.init3)
 *(.init3)
 *(.init4)
 .init4         0x00000edc       0x16 c:/program files (x86)/atmel/studio/7.0/toolchain/avr8/avr8-gnu-toolchain/bin/../lib/gcc/avr/5.4.0/avr5\libgcc.a(_copy_data.o)
                0x00000edc                __do_copy_data
 .init4         0x00000ef2       0x10 c:/program files (x86)/atmel/studio/7.0/toolchain/avr8/avr8-gnu-toolchain/bin/../lib/gcc/avr/5.4.0/avr5\libgcc.a(_clear_bss.o)
                0x00000ef2                __do_clear_bss
 *(.init4)
 *(.init5)
 *(.init5)
 *(.init6)
 *(.init6)
 *(.init7)
 *(.init7)
 *(.init8)
 *(.init8)
 *(.init9)
 .init9         0x00000f02        0x8 C:/Program Files (x86)/Atmel/Studio/7.0/Packs/atmel/ATmega_DFP/1.7.374/gcc/dev/atmega328p/avr5/crtatmega328p.o
 *(.init9)
 *(.text)
 .text          0x00000f0a        0x4 C:/Program Files (x86)/Atmel/Studio/7.0/Packs/atmel/ATmega_DFP/1.7.374/gcc/dev/atmega328p/avr5/crtatmega328p.o
                0x00000f0a                __vector_22
                0x00000f0a                __vector_1
                0x00000f0a                __vector_24
                0x00000f0a                __vector_12
                0x00000f0a                __bad_interrupt
                0x00000f0a                __vector_6
                0x00000f0a                __vector_3
                0x00000f0a                __vector_23
                0x00000f0a                __vector_25
                0x00000f0a                __vector_13
                0x00000f0a                __vector_17
                0x00000f0a                __vector_7
                0x00000f0a                __vector_5
                0x00000f0a                __vector_4
                0x00000f0a                __vector_9
                0x00000f0a                __vector_2
                0x00000f0a                __vector_21
                0x00000f0a                __vector_15
                0x00000f0a                __vector_8
                0x00000f0a                __vector_14
                0x00000f0a                __vector_10
                0x00000f0a                __vector_16
                0x00000f0a                __vector_20
                0x00000f0e                . = ALIGN (0x2)
 *(.text.*)
 .text.ASC_Init_asci
                0x00000f0e       0x28 asci.o
                0x00000f0e                ASC_Init_asci
 .text.__vector_19
                0x00000f36       0x5e asci.o
                0x00000f36                __vector_19
 .text.ASC_Get_asci_tx_space
                0x00000f94       0x22 asci.o
                0x00000f94                ASC_Get_asci_tx_space
 .text.ASC_Asci_tx
                0x00000fb6       0x82 asci.o
                0x00000fb6                ASC_Asci_tx
 .text.ASC_Asci_msg
                0x00001038       0x2a asci.o
                0x00001038                ASC_Asci_msg
 .text.ASC_err  0x00001062       0x4a asci.o
 .text.ASC_Asci_tx_empty
                0x000010ac       0x10 asci.o
                0x000010ac                ASC_Asci_tx_empty
 .text.__vector_18
                0x000010bc       0x86 asci.o
                0x000010bc                __vector_18
 .text.ASC_Asci_getchar
                0x00001142       0x3a asci.o
                0x00001142                ASC_Asci_getchar
 .text.I2C_WaitForComplete
                0x0000117c       0x26 i2c.o
 .text.I2C_Init
                0x000011a2       0x12 i2c.o
                0x000011a2                I2C_Init
 .text.I2C_Write
                0x000011b4       0x68 i2c.o
                0x000011b4                I2C_Write
 .text.I2C_Read
                0x0000121c       0x98 i2c.o
                0x0000121c                I2C_Read
 .text.MAI_Set_power
                0x000012b4        0xc main.o
                0x000012b4                MAI_Set_power
 .text.InitIO   0x000012c0       0x28 main.o
                0x000012c0                InitIO
 .text.startup.main
                0x000012e8       0x1a main.o
                0x000012e8                main
 .text.MAI_Set_header_cntrl
                0x00001302       0x1a main.o
                0x00001302                MAI_Set_header_cntrl
 .text.MAI_Get_jig_id
                0x0000131c       0x38 main.o
                0x0000131c                MAI_Get_jig_id
 .text.MAI_Set_port_expander_code
                0x00001354       0x12 main.o
                0x00001354                MAI_Set_port_expander_code
 .text.Check_alpha_char
                0x00001366       0x22 menu.o
 .text.Display_assy_details
                0x00001388       0xc2 menu.o
 .text.Eeprom_write
                0x0000144a       0xbc menu.o
 .text.Test_msg_func
                0x00001506       0x82 menu.o
 .text.Display_final_assy_details
                0x00001588       0xba menu.o
 .text.Eeprom_read
                0x00001642       0xbc menu.o
 .text.Get_stored_alpha_string
                0x000016fe       0x64 menu.o
 .text.Get_stored_checksum
                0x00001762       0x38 menu.o
 .text.Calc_stored_checksum
                0x0000179a       0xa4 menu.o
 .text.Prog_debug_details
                0x0000183e       0xb0 menu.o
 .text.Eeprom_fill
                0x000018ee      0x118 menu.o
 .text.Get_stored_digit_string
                0x00001a06       0x50 menu.o
 .text.Display_formatted_assy_info
                0x00001a56      0x242 menu.o
 .text.Cmd_check.constprop.9
                0x00001c98       0x3e menu.o
 .text.Prog_final_assy_details
                0x00001cd6       0xc4 menu.o
 .text.Get_final_assy_sn
                0x00001d9a      0x116 menu.o
 .text.Final_test_start_menu
                0x00001eb0       0x8a menu.o
 .text.Get_final_assy_rev_no
                0x00001f3a      0x10a menu.o
 .text.Get_final_assy_no
                0x00002044       0xec menu.o
 .text.Fstart_menu
                0x00002130       0x9c menu.o
 .text.Connect_bd_menu
                0x000021cc       0x68 menu.o
 .text.Get_serial_no
                0x00002234      0x13e menu.o
 .text.Bd_test_start_menu
                0x00002372       0x8a menu.o
 .text.Get_assy_rev_no
                0x000023fc      0x100 menu.o
 .text.Get_wo_no
                0x000024fc      0x118 menu.o
 .text.Select_bd_menu
                0x00002614       0xca menu.o
 .text.Port_expander_debug_menu
                0x000026de      0x112 menu.o
 .text.Debug_menu
                0x000027f0      0x100 menu.o
 .text.Eeprom_debug_menu
                0x000028f0      0x3ae menu.o
 .text.Start_menu
                0x00002c9e       0xf4 menu.o
 .text.Wait_for_x_or_enter
                0x00002d92       0x56 menu.o
 .text.Start_eeprom_prog
                0x00002de8      0x46a menu.o
 .text.MEN_Init
                0x00003252       0xb2 menu.o
                0x00003252                MEN_Init
 .text.MEN_bkproc
                0x00003304       0x10 menu.o
                0x00003304                MEN_bkproc
 .text.ROM_Read_romdata
                0x00003314       0x24 romdata.o
                0x00003314                ROM_Read_romdata
 .text.ROM_Romstrlen
                0x00003338       0x18 romdata.o
                0x00003338                ROM_Romstrlen
 .text.ROM_Read_romstr
                0x00003350       0x1a romdata.o
                0x00003350                ROM_Read_romstr
 .text.TIM_Init_timer
                0x0000336a       0x16 Timer.o
                0x0000336a                TIM_Init_timer
 .text.TIM_Set_delay
                0x00003380       0x3e Timer.o
                0x00003380                TIM_Set_delay
 .text.TIM_Get_delay_flag
                0x000033be       0x10 Timer.o
                0x000033be                TIM_Get_delay_flag
 .text.TIM_Wait
                0x000033ce        0xe Timer.o
                0x000033ce                TIM_Wait
 .text.__vector_11
                0x000033dc       0x6e Timer.o
                0x000033dc                __vector_11
 .text.VER_Get_sw_pn
                0x0000344a        0x6 version.o
                0x0000344a                VER_Get_sw_pn
 .text.avr-libc
                0x00003450       0x16 c:/program files (x86)/atmel/studio/7.0/toolchain/avr8/avr8-gnu-toolchain/bin/../lib/gcc/avr/5.4.0/../../../../avr/lib/avr5\libc.a(strcat.o)
                0x00003450                strcat
 .text.avr-libc
                0x00003466       0x12 c:/program files (x86)/atmel/studio/7.0/toolchain/avr8/avr8-gnu-toolchain/bin/../lib/gcc/avr/5.4.0/../../../../avr/lib/avr5\libc.a(strcmp.o)
                0x00003466                strcmp
 .text.avr-libc
                0x00003478        0xe c:/program files (x86)/atmel/studio/7.0/toolchain/avr8/avr8-gnu-toolchain/bin/../lib/gcc/avr/5.4.0/../../../../avr/lib/avr5\libc.a(strcpy.o)
                0x00003478                strcpy
 .text.avr-libc
                0x00003486       0x44 c:/program files (x86)/atmel/studio/7.0/toolchain/avr8/avr8-gnu-toolchain/bin/../lib/gcc/avr/5.4.0/../../../../avr/lib/avr5\libc.a(sprintf.o)
                0x00003486                sprintf
 .text.avr-libc
                0x000034ca      0x3c2 c:/program files (x86)/atmel/studio/7.0/toolchain/avr8/avr8-gnu-toolchain/bin/../lib/gcc/avr/5.4.0/../../../../avr/lib/avr5\libc.a(vfprintf_std.o)
                0x000034ca                vfprintf
 .text.avr-libc
                0x0000388c       0x16 c:/program files (x86)/atmel/studio/7.0/toolchain/avr8/avr8-gnu-toolchain/bin/../lib/gcc/avr/5.4.0/../../../../avr/lib/avr5\libc.a(strnlen_P.o)
                0x0000388c                strnlen_P
 .text.avr-libc
                0x000038a2       0x16 c:/program files (x86)/atmel/studio/7.0/toolchain/avr8/avr8-gnu-toolchain/bin/../lib/gcc/avr/5.4.0/../../../../avr/lib/avr5\libc.a(strnlen.o)
                0x000038a2                strnlen
 .text.avr-libc
                0x000038b8       0x78 c:/program files (x86)/atmel/studio/7.0/toolchain/avr8/avr8-gnu-toolchain/bin/../lib/gcc/avr/5.4.0/../../../../avr/lib/avr5\libc.a(fputc.o)
                0x000038b8                fputc
 .text.avr-libc
                0x00003930       0xbc c:/program files (x86)/atmel/studio/7.0/toolchain/avr8/avr8-gnu-toolchain/bin/../lib/gcc/avr/5.4.0/../../../../avr/lib/avr5\libc.a(ultoa_invert.o)
                0x00003930                __ultoa_invert
 .text.libgcc.prologue
                0x000039ec       0x38 c:/program files (x86)/atmel/studio/7.0/toolchain/avr8/avr8-gnu-toolchain/bin/../lib/gcc/avr/5.4.0/avr5\libgcc.a(_prologue.o)
                0x000039ec                __prologue_saves__
 .text.libgcc.prologue
                0x00003a24       0x36 c:/program files (x86)/atmel/studio/7.0/toolchain/avr8/avr8-gnu-toolchain/bin/../lib/gcc/avr/5.4.0/avr5\libgcc.a(_epilogue.o)
                0x00003a24                __epilogue_restores__
                0x00003a5a                . = ALIGN (0x2)
 *(.fini9)
 .fini9         0x00003a5a        0x0 c:/program files (x86)/atmel/studio/7.0/toolchain/avr8/avr8-gnu-toolchain/bin/../lib/gcc/avr/5.4.0/avr5\libgcc.a(_exit.o)
                0x00003a5a                _exit
                0x00003a5a                exit
 *(.fini9)
 *(.fini8)
 *(.fini8)
 *(.fini7)
 *(.fini7)
 *(.fini6)
 *(.fini6)
 *(.fini5)
 *(.fini5)
 *(.fini4)
 *(.fini4)
 *(.fini3)
 *(.fini3)
 *(.fini2)
 *(.fini2)
 *(.fini1)
 *(.fini1)
 *(.fini0)
 .fini0         0x00003a5a        0x4 c:/program files (x86)/atmel/studio/7.0/toolchain/avr8/avr8-gnu-toolchain/bin/../lib/gcc/avr/5.4.0/avr5\libgcc.a(_exit.o)
 *(.fini0)
                0x00003a5e                _etext = .

.data           0x00800100      0x322 load address 0x00003a5e
                0x00800100                PROVIDE (__data_start, .)
 *(.data)
 *(.data*)
 .data.error_msgs
                0x00800100        0x8 asci.o
                0x00800100                error_msgs
 *(.gnu.linkonce.d*)
 *(.rodata)
 *(.rodata*)
 .rodata.str1.1
                0x00800108       0x7e asci.o
 .rodata.str1.1
                0x00800186      0x292 menu.o
                                0x2b8 (size before relaxing)
 .rodata.pe_codes
                0x00800418        0xa menu.o
 *(.gnu.linkonce.r*)
                0x00800422                . = ALIGN (0x2)
                0x00800422                _edata = .
                0x00800422                PROVIDE (__data_end, .)

.bss            0x00800422      0x212
                0x00800422                PROVIDE (__bss_start, .)
 *(.bss)
 *(.bss*)
 .bss.rx_buf    0x00800422        0xa asci.o
 .bss.tx_buf    0x0080042c       0xb4 asci.o
 .bss.tx_op_pos
                0x008004e0        0x1 asci.o
 .bss.tx_ip_pos
                0x008004e1        0x1 asci.o
 .bss.rx_op_pos
                0x008004e2        0x1 asci.o
 .bss.rx_ip_pos
                0x008004e3        0x1 asci.o
 .bss.pe_count  0x008004e4        0x1 menu.o
 .bss.pe_code   0x008004e5        0x1 menu.o
 .bss.cur_menu_msg
                0x008004e6        0x2 menu.o
 .bss.final_assy_name
                0x008004e8        0x2 menu.o
 .bss.bd_id     0x008004ea        0x1 menu.o
 .bss.debug_flag
                0x008004eb        0x1 menu.o
 .bss.adapter_flag
                0x008004ec        0x1 menu.o
 .bss.cur_calc_checksum
                0x008004ed        0x2 menu.o
 .bss.cur_i2C_addr
                0x008004ef        0x1 menu.o
 .bss.formatted_assy_no_string
                0x008004f0        0xd menu.o
 .bss.final_assy_rev_str
                0x008004fd        0x4 menu.o
 .bss.final_assy_no_str
                0x00800501        0x5 menu.o
 .bss.final_assy_serial_no_str
                0x00800506        0xd menu.o
 .bss.bd_serial_no_str
                0x00800513        0x4 menu.o
 .bss.assy_rev_str
                0x00800517        0x4 menu.o
 .bss.assy_no_str
                0x0080051b        0x5 menu.o
 .bss.wo_no_str
                0x00800520        0xb menu.o
 .bss.user_ip_max_chars
                0x0080052b        0x1 menu.o
 .bss.user_ip_buf_ix
                0x0080052c        0x1 menu.o
 .bss.user_ip_buf
                0x0080052d       0x15 menu.o
 .bss.MEN_MSG_PTR
                0x00800542        0x2 menu.o
 .bss.next_cmd_func
                0x00800544        0x2 menu.o
 .bss.cmd_bk_func
                0x00800546        0x2 menu.o
 .bss.delay_flag
                0x00800548        0x1 Timer.o
 .bss.delay_cnt
                0x00800549        0x2 Timer.o
 .bss.set_delay
                0x0080054b        0x2 Timer.o
 *(COMMON)
 COMMON         0x0080054d       0x32 main.o
                0x0080054d                tmpstr
 COMMON         0x0080057f       0xb5 romdata.o
                0x0080057f                rambuf
                0x00800634                PROVIDE (__bss_end, .)
                0x00003a5e                __data_load_start = LOADADDR (.data)
                0x00003d80                __data_load_end = (__data_load_start + SIZEOF (.data))

.noinit         0x00800634        0x0
                [!provide]                PROVIDE (__noinit_start, .)
 *(.noinit*)
                [!provide]                PROVIDE (__noinit_end, .)
                0x00800634                _end = .
                [!provide]                PROVIDE (__heap_start, .)

.eeprom         0x00810000        0x0
 *(.eeprom*)
                0x00810000                __eeprom_end = .

.fuse
 *(.fuse)
 *(.lfuse)
 *(.hfuse)
 *(.efuse)

.lock
 *(.lock*)

.signature
 *(.signature*)

.user_signatures
 *(.user_signatures*)

.stab
 *(.stab)

.stabstr
 *(.stabstr)

.stab.excl
 *(.stab.excl)

.stab.exclstr
 *(.stab.exclstr)

.stab.index
 *(.stab.index)

.stab.indexstr
 *(.stab.indexstr)

.comment        0x00000000       0x5c
 *(.comment)
 .comment       0x00000000       0x30 asci.o
                                 0x31 (size before relaxing)
 .comment       0x00000030       0x31 i2c.o
 .comment       0x00000030       0x31 main.o
 .comment       0x00000030       0x31 menu.o
 .comment       0x00000030       0x31 romdata.o
 .comment       0x00000030       0x31 Timer.o
 .comment       0x00000030       0x31 version.o
 .comment       0x00000030       0x31 c:/program files (x86)/atmel/studio/7.0/toolchain/avr8/avr8-gnu-toolchain/bin/../lib/gcc/avr/5.4.0/../../../../avr/lib/avr5\libc.a(sprintf.o)
 .comment       0x00000030       0x2c c:/program files (x86)/atmel/studio/7.0/toolchain/avr8/avr8-gnu-toolchain/bin/../lib/gcc/avr/5.4.0/../../../../avr/lib/avr5\libc.a(vfprintf_std.o)
                                 0x2d (size before relaxing)
 .comment       0x0000005c       0x31 c:/program files (x86)/atmel/studio/7.0/toolchain/avr8/avr8-gnu-toolchain/bin/../lib/gcc/avr/5.4.0/../../../../avr/lib/avr5\libc.a(fputc.o)

.note.gnu.avr.deviceinfo
                0x00000000       0x40
 .note.gnu.avr.deviceinfo
                0x00000000       0x40 C:/Program Files (x86)/Atmel/Studio/7.0/Packs/atmel/ATmega_DFP/1.7.374/gcc/dev/atmega328p/avr5/crtatmega328p.o

.note.gnu.build-id
 *(.note.gnu.build-id)

.debug
 *(.debug)

.line
 *(.line)

.debug_srcinfo
 *(.debug_srcinfo)

.debug_sfnames
 *(.debug_sfnames)

.debug_aranges
 *(.debug_aranges)

.debug_pubnames
 *(.debug_pubnames)

.debug_info     0x00000000      0x5f4
 *(.debug_info .gnu.linkonce.wi.*)
 .debug_info    0x00000000      0x5f4 C:/Program Files (x86)/Atmel/Studio/7.0/Packs/atmel/ATmega_DFP/1.7.374/gcc/dev/atmega328p/avr5/crtatmega328p.o

.debug_abbrev   0x00000000      0x5a2
 *(.debug_abbrev)
 .debug_abbrev  0x00000000      0x5a2 C:/Program Files (x86)/Atmel/Studio/7.0/Packs/atmel/ATmega_DFP/1.7.374/gcc/dev/atmega328p/avr5/crtatmega328p.o

.debug_line     0x00000000      0x134
 *(.debug_line .debug_line.* .debug_line_end)
 .debug_line    0x00000000      0x134 C:/Program Files (x86)/Atmel/Studio/7.0/Packs/atmel/ATmega_DFP/1.7.374/gcc/dev/atmega328p/avr5/crtatmega328p.o

.debug_frame
 *(.debug_frame)

.debug_str      0x00000000      0x208
 *(.debug_str)
 .debug_str     0x00000000      0x208 C:/Program Files (x86)/Atmel/Studio/7.0/Packs/atmel/ATmega_DFP/1.7.374/gcc/dev/atmega328p/avr5/crtatmega328p.o

.debug_loc
 *(.debug_loc)

.debug_macinfo
 *(.debug_macinfo)

.debug_weaknames
 *(.debug_weaknames)

.debug_funcnames
 *(.debug_funcnames)

.debug_typenames
 *(.debug_typenames)

.debug_varnames
 *(.debug_varnames)

.debug_pubtypes
 *(.debug_pubtypes)

.debug_ranges
 *(.debug_ranges)

.debug_macro
 *(.debug_macro)
OUTPUT(TJ000006_SW.elf elf32-avr)
LOAD linker stubs
